Initialized native services in: /Users/mark/.gradle/native
Initialized jansi services in: /Users/mark/.gradle/native
Found daemon DaemonInfo{pid=47882, address=[36b2d784-3fb8-4916-b5a5-76a3c55c97bf port:58838, addresses:[/127.0.0.1]], state=Idle, lastBusy=1767166547091, context=DefaultDaemonContext[uid=4b464c97-f696-41b0-b16e-73aacb90bb51,javaHome=/Users/mark/.antigravity/extensions/redhat.java-1.50.0-darwin-arm64/jre/21.0.9-macosx-aarch64,javaVersion=21,javaVendor=Eclipse Adoptium,daemonRegistryDir=/Users/mark/.gradle/daemon,pid=47882,idleTimeout=10800000,priority=NORMAL,applyInstrumentationAgent=true,nativeServicesMode=ENABLED,daemonOpts=-XX:MaxMetaspaceSize=384m,-XX:+HeapDumpOnOutOfMemoryError,-Xms256m,-Xmx512m,-Dfile.encoding=UTF-8,-Duser.country=KR,-Duser.language=en,-Duser.variant]} however its context does not match the desired criteria.
JVM is incompatible.
Wanted: DaemonRequestContext{jvmCriteria=/Users/mark/Library/Java/JavaVirtualMachines/ms-17.0.16/Contents/Home (no JDK specified, using current Java home), daemonOpts=[-XX:MaxMetaspaceSize=384m, -XX:+HeapDumpOnOutOfMemoryError, -Xms256m, -Xmx512m, -Dfile.encoding=UTF-8, -Duser.country=KR, -Duser.language=en, -Duser.variant], applyInstrumentationAgent=true, nativeServicesMode=ENABLED, priority=NORMAL}
Actual: DefaultDaemonContext[uid=4b464c97-f696-41b0-b16e-73aacb90bb51,javaHome=/Users/mark/.antigravity/extensions/redhat.java-1.50.0-darwin-arm64/jre/21.0.9-macosx-aarch64,javaVersion=21,javaVendor=Eclipse Adoptium,daemonRegistryDir=/Users/mark/.gradle/daemon,pid=47882,idleTimeout=10800000,priority=NORMAL,applyInstrumentationAgent=true,nativeServicesMode=ENABLED,daemonOpts=-XX:MaxMetaspaceSize=384m,-XX:+HeapDumpOnOutOfMemoryError,-Xms256m,-Xmx512m,-Dfile.encoding=UTF-8,-Duser.country=KR,-Duser.language=en,-Duser.variant]

  Looking for a different daemon...
The client will now receive all logging from the daemon (pid: 61708). The daemon log file: /Users/mark/.gradle/daemon/9.2.1/daemon-61708.out.log
Starting 48th build in daemon [uptime: 24 mins 52.758 secs, performance: 99%, GC rate: 0.00/s, heap usage: 0% of 512 MiB, non-heap usage: 26% of 384 MiB]
Using 12 worker leases.
Operational build model parameters: {requiresToolingModels=false, parallelProjectExecution=false, configureOnDemand=false, configurationCache=false, configurationCacheParallelStore=false, configurationCacheParallelLoad=true, isolatedProjects=false, parallelProjectConfiguration=false, intermediateModelCache=false, parallelToolingApiActions=false, invalidateCoupledProjects=false, modelAsProjectDependency=false, resilientModelBuilding=false}
Now considering [/Users/mark/Documents/GitHub/PicPick_BE] as hierarchies to watch
Watching the file system is configured to be enabled if available
File system watching is active
Starting Build
Settings evaluated using settings file '/Users/mark/Documents/GitHub/PicPick_BE/settings.gradle'.
Projects loaded. Root project using build file '/Users/mark/Documents/GitHub/PicPick_BE/build.gradle'.
Included projects: [root project 'picpick']

> Configure project :
Evaluating root project 'picpick' using build file '/Users/mark/Documents/GitHub/PicPick_BE/build.gradle'.
Resolved plugin [id: 'java']
Resolved plugin [id: 'org.springframework.boot', version: '3.5.8']
Resolved plugin [id: 'io.spring.dependency-management', version: '1.1.7']
Applying dependency management to configuration 'annotationProcessor' in project 'picpick'
Applying dependency management to configuration 'apiElements' in project 'picpick'
Applying dependency management to configuration 'archives' in project 'picpick'
Applying dependency management to configuration 'bootArchives' in project 'picpick'
Applying dependency management to configuration 'compileClasspath' in project 'picpick'
Applying dependency management to configuration 'compileOnly' in project 'picpick'
Applying dependency management to configuration 'default' in project 'picpick'
Applying dependency management to configuration 'developmentOnly' in project 'picpick'
Applying dependency management to configuration 'implementation' in project 'picpick'
Applying dependency management to configuration 'mainSourceElements' in project 'picpick'
Applying dependency management to configuration 'productionRuntimeClasspath' in project 'picpick'
Applying dependency management to configuration 'runtimeClasspath' in project 'picpick'
Applying dependency management to configuration 'runtimeElements' in project 'picpick'
Applying dependency management to configuration 'runtimeOnly' in project 'picpick'
Applying dependency management to configuration 'testAndDevelopmentOnly' in project 'picpick'
Applying dependency management to configuration 'testAnnotationProcessor' in project 'picpick'
Applying dependency management to configuration 'testCompileClasspath' in project 'picpick'
Applying dependency management to configuration 'testCompileOnly' in project 'picpick'
Applying dependency management to configuration 'testImplementation' in project 'picpick'
Applying dependency management to configuration 'testResultsElementsForTest' in project 'picpick'
Applying dependency management to configuration 'testRuntimeClasspath' in project 'picpick'
Applying dependency management to configuration 'testRuntimeOnly' in project 'picpick'
All projects evaluated.
Task name matched 'test'
Selected primary task 'test' from project :
Starting process 'command '/usr/libexec/java_home''. Working directory: /Users/mark/.gradle/daemon/9.2.1 Command: /usr/libexec/java_home -V
Successfully started process 'command '/usr/libexec/java_home''
Resolving global dependency management for project 'picpick'
Excluding []
Excluding []
Excluding []
Excluding []
Excluding []
Excluding []
Tasks to be executed: [task ':compileJava', task ':processResources', task ':classes', task ':compileTestJava', task ':processTestResources', task ':testClasses', task ':test']
Tasks that were excluded: []
Resolve mutations for :compileJava (Thread[Execution worker,5,main]) started.
:compileJava (Thread[Execution worker Thread 9,5,main]) started.

> Task :compileJava UP-TO-DATE
Custom actions are attached to task ':compileJava'.
Caching disabled for task ':compileJava' because:
  Build cache is disabled
Task ':compileJava' is not up-to-date because:
  Input property 'stableSources' file /Users/mark/Documents/GitHub/PicPick_BE/src/main/java/com/picpick/controllers/MartController.java has been removed.
  Input property 'stableSources' file /Users/mark/Documents/GitHub/PicPick_BE/src/main/java/com/picpick/services/MartService.java has been removed.
Compilation mode: in-process compilation
Created classpath snapshot for incremental compilation in 0.011 secs.
None of the classes needs to be compiled! Analysis took 0.019 secs. 
Resolve mutations for :processResources (Thread[Execution worker Thread 9,5,main]) started.
:processResources (Thread[Execution worker Thread 9,5,main]) started.

> Task :processResources UP-TO-DATE
Caching disabled for task ':processResources' because:
  Build cache is disabled
  Not worth caching
Skipping task ':processResources' as it is up-to-date.
Resolve mutations for :classes (Thread[Execution worker Thread 9,5,main]) started.
:classes (Thread[Execution worker Thread 9,5,main]) started.

> Task :classes UP-TO-DATE
Skipping task ':classes' as it has no actions.
Resolve mutations for :compileTestJava (Thread[Execution worker Thread 9,5,main]) started.
:compileTestJava (Thread[Execution worker Thread 9,5,main]) started.

> Task :compileTestJava UP-TO-DATE
Custom actions are attached to task ':compileTestJava'.
Caching disabled for task ':compileTestJava' because:
  Build cache is disabled
Task ':compileTestJava' is not up-to-date because:
  Input property 'classpath' file /Users/mark/Documents/GitHub/PicPick_BE/build/classes/java/main/com/picpick/controllers/MartController.class has been removed.
  Input property 'classpath' file /Users/mark/Documents/GitHub/PicPick_BE/build/classes/java/main/com/picpick/controllers/UserController.class has been added.
  Input property 'classpath' file /Users/mark/Documents/GitHub/PicPick_BE/build/classes/java/main/com/picpick/controllers/UserController.class has been removed.
  and more...
Compilation mode: in-process compilation
Created classpath snapshot for incremental compilation in 0.018 secs.
None of the classes needs to be compiled! Analysis took 0.027 secs. 
Resolve mutations for :processTestResources (Thread[Execution worker Thread 9,5,main]) started.
:processTestResources (Thread[Execution worker Thread 9,5,main]) started.

> Task :processTestResources UP-TO-DATE
Caching disabled for task ':processTestResources' because:
  Build cache is disabled
  Not worth caching
Skipping task ':processTestResources' as it is up-to-date.
Resolve mutations for :testClasses (Thread[Execution worker Thread 9,5,main]) started.
:testClasses (Thread[Execution worker Thread 5,5,main]) started.

> Task :testClasses UP-TO-DATE
Skipping task ':testClasses' as it has no actions.
Resolve mutations for :test (Thread[Execution worker Thread 5,5,main]) started.
:test (Thread[Execution worker Thread 5,5,main]) started.
Gradle Test Executor 20 started executing tests.
OpenJDK 64-Bit Server VM warning: Sharing is only supported for boot loader classes because bootstrap classpath has been appended
Gradle Test Executor 20 finished executing tests.

> Task :test FAILED
Caching disabled for task ':test' because:
  Build cache is disabled
Task ':test' is not up-to-date because:
  Task has failed previously.
Starting process 'Gradle Test Executor 20'. Working directory: /Users/mark/Documents/GitHub/PicPick_BE Command: /Users/mark/Library/Java/JavaVirtualMachines/ms-17.0.16/Contents/Home/bin/java -Dorg.gradle.internal.worker.tmpdir=/Users/mark/Documents/GitHub/PicPick_BE/build/tmp/test/work -Dspring.flyway.baseline-on-migrate=true -Dspring.flyway.validate-on-migrate=false @/Users/mark/.gradle/.tmp/gradle-worker-classpath9994280630052949296txt -Xmx512m -Dfile.encoding=UTF-8 -Duser.country=KR -Duser.language=en -Duser.variant -ea worker.org.gradle.process.internal.worker.GradleWorkerMain 'Gradle Test Executor 20'
Successfully started process 'Gradle Test Executor 20'

PicpickApplicationTests STANDARD_OUT
    16:37:10.272 [Test worker] INFO org.springframework.test.context.support.AnnotationConfigContextLoaderUtils -- Could not detect default configuration classes for test class [com.picpick.PicpickApplicationTests]: PicpickApplicationTests does not declare any static, non-private, non-final, nested classes annotated with @Configuration.
    16:37:10.319 [Test worker] INFO org.springframework.boot.test.context.SpringBootTestContextBootstrapper -- Found @SpringBootConfiguration com.picpick.PicpickApplication for test class com.picpick.PicpickApplicationTests

      .   ____          _            __ _ _
     /\\ / ___'_ __ _ _(_)_ __  __ _ \ \ \ \
    ( ( )\___ | '_ | '_| | '_ \/ _` | \ \ \ \
     \\/  ___)| |_)| | | | | || (_| |  ) ) ) )
      '  |____| .__|_| |_|_| |_\__, | / / / /
     =========|_|==============|___/=/_/_/_/

     :: Spring Boot ::                (v3.5.8)

    2025-12-31T16:37:10.498+09:00  WARN 68528 --- [picpick] [    Test worker] ory$DuplicateJsonObjectContextCustomizer : 

    Found multiple occurrences of org.json.JSONObject on the class path:

    	jar:file:/Users/mark/.gradle/caches/modules-2/files-2.1/org.json/json/20240303/ebb88e8fb5122b7506d5cf1d69f1ccdb790d22a/json-20240303.jar!/org/json/JSONObject.class
    	jar:file:/Users/mark/.gradle/caches/modules-2/files-2.1/com.vaadin.external.google/android-json/0.0.20131108.vaadin1/fa26d351fe62a6a17f5cda1287c1c6110dec413f/android-json-0.0.20131108.vaadin1.jar!/org/json/JSONObject.class

    You may wish to exclude one of them to ensure predictable runtime behavior

    2025-12-31T16:37:10.503+09:00  INFO 68528 --- [picpick] [    Test worker] com.picpick.PicpickApplicationTests      : Starting PicpickApplicationTests using Java 17.0.16 with PID 68528 (started by mark in /Users/mark/Documents/GitHub/PicPick_BE)
    2025-12-31T16:37:10.503+09:00  INFO 68528 --- [picpick] [    Test worker] com.picpick.PicpickApplicationTests      : No active profile set, falling back to 1 default profile: "default"
    2025-12-31T16:37:10.865+09:00  INFO 68528 --- [picpick] [    Test worker] .s.d.r.c.RepositoryConfigurationDelegate : Bootstrapping Spring Data JPA repositories in DEFAULT mode.
    2025-12-31T16:37:10.937+09:00  INFO 68528 --- [picpick] [    Test worker] .s.d.r.c.RepositoryConfigurationDelegate : Finished Spring Data repository scanning in 67 ms. Found 6 JPA repository interfaces.
    2025-12-31T16:37:11.146+09:00  WARN 68528 --- [picpick] [    Test worker] o.s.w.c.s.GenericWebApplicationContext   : Exception encountered during context initialization - cancelling refresh attempt: org.springframework.beans.factory.BeanCreationException: Error creating bean with name 'entityManagerFactory' defined in class path resource [org/springframework/boot/autoconfigure/orm/jpa/HibernateJpaConfiguration.class]: Failed to initialize dependency 'flyway' of LoadTimeWeaverAware bean 'entityManagerFactory': Error creating bean with name 'flyway' defined in class path resource [org/springframework/boot/autoconfigure/flyway/FlywayAutoConfiguration$FlywayConfiguration.class]: Failed to instantiate [org.flywaydb.core.Flyway]: Factory method 'flyway' threw exception with message: Error creating bean with name 'dataSource' defined in class path resource [org/springframework/boot/autoconfigure/jdbc/DataSourceConfiguration$Hikari.class]: Failed to instantiate [com.zaxxer.hikari.HikariDataSource]: Factory method 'dataSource' threw exception with message: Cannot load driver class: org.h2.Driver

PicpickApplicationTests STANDARD_ERROR



    ============================
    CONDITIONS EVALUATION REPORT
    ============================


    Positive matches:
    -----------------

       AopAutoConfiguration matched:
          - @ConditionalOnBooleanProperty (spring.aop.auto=true) matched (OnPropertyCondition)

       AopAutoConfiguration.AspectJAutoProxyingConfiguration matched:
          - @ConditionalOnClass found required class 'org.aspectj.weaver.Advice' (OnClassCondition)

       AopAutoConfiguration.AspectJAutoProxyingConfiguration.CglibAutoProxyConfiguration matched:
          - @ConditionalOnBooleanProperty (spring.aop.proxy-target-class=true) matched (OnPropertyCondition)

       ApplicationAvailabilityAutoConfiguration#applicationAvailability matched:
          - @ConditionalOnMissingBean (types: org.springframework.boot.availability.ApplicationAvailability; SearchStrategy: all) did not find any beans (OnBeanCondition)

       ChatClientAutoConfiguration matched:
          - @ConditionalOnClass found required class 'org.springframework.ai.chat.client.ChatClient' (OnClassCondition)
          - @ConditionalOnProperty (spring.ai.chat.client.enabled=true) matched (OnPropertyCondition)

       ChatClientAutoConfiguration#chatClientBuilder matched:
          - @ConditionalOnMissingBean (types: org.springframework.ai.chat.client.ChatClient$Builder; SearchStrategy: all) did not find any beans (OnBeanCondition)

       ChatClientAutoConfiguration#chatClientBuilderConfigurer matched:
          - @ConditionalOnMissingBean (types: org.springframework.ai.model.chat.client.autoconfigure.ChatClientBuilderConfigurer; SearchStrategy: all) did not find any beans (OnBeanCondition)

       ChatClientAutoConfiguration.TracerNotPresentObservationConfiguration matched:
          - @ConditionalOnMissingClass did not find unwanted class 'io.micrometer.tracing.Tracer' (OnClassCondition)

       ChatMemoryAutoConfiguration matched:
          - @ConditionalOnClass found required classes 'org.springframework.ai.chat.memory.ChatMemory', 'org.springframework.ai.chat.memory.ChatMemoryRepository' (OnClassCondition)

       ChatMemoryAutoConfiguration#chatMemory matched:
          - @ConditionalOnMissingBean (types: org.springframework.ai.chat.memory.ChatMemory; SearchStrategy: all) did not find any beans (OnBeanCondition)

       ChatMemoryAutoConfiguration#chatMemoryRepository matched:
          - @ConditionalOnMissingBean (types: org.springframework.ai.chat.memory.ChatMemoryRepository; SearchStrategy: all) did not find any beans (OnBeanCondition)

       ChatObservationAutoConfiguration matched:
          - @ConditionalOnClass found required class 'org.springframework.ai.chat.model.ChatModel' (OnClassCondition)

       ChatObservationAutoConfiguration.TracerNotPresentObservationConfiguration matched:
          - @ConditionalOnMissingClass did not find unwanted class 'io.micrometer.tracing.Tracer' (OnClassCondition)

       org.springframework.boot.autoconfigure.http.client.reactive.ClientHttpConnectorAutoConfiguration matched:
          - @ConditionalOnClass found required classes 'org.springframework.http.client.reactive.ClientHttpConnector', 'reactor.core.publisher.Mono' (OnClassCondition)
          - Detected ClientHttpConnectorBuilder (ConditionalOnClientHttpConnectorBuilderDetection)

       org.springframework.boot.autoconfigure.web.reactive.function.client.ClientHttpConnectorAutoConfiguration matched:
          - @ConditionalOnClass found required class 'org.springframework.web.reactive.function.client.WebClient' (OnClassCondition)

       ClientHttpConnectorAutoConfiguration#clientHttpConnector matched:
          - @ConditionalOnMissingBean (types: org.springframework.http.client.reactive.ClientHttpConnector; SearchStrategy: all) did not find any beans (OnBeanCondition)

       ClientHttpConnectorAutoConfiguration#clientHttpConnectorBuilder matched:
          - @ConditionalOnMissingBean (types: org.springframework.boot.http.client.reactive.ClientHttpConnectorBuilder<?>; SearchStrategy: all) did not find any beans (OnBeanCondition)

       ClientHttpConnectorAutoConfiguration#clientHttpConnectorSettings matched:
          - @ConditionalOnMissingBean (types: org.springframework.boot.http.client.reactive.ClientHttpConnectorSettings; SearchStrategy: all) did not find any beans (OnBeanCondition)

       org.springframework.boot.autoconfigure.http.client.reactive.ClientHttpConnectorAutoConfiguration$ReactorNetty matched:
          - @ConditionalOnClass found required class 'reactor.netty.http.client.HttpClient' (OnClassCondition)

       org.springframework.boot.autoconfigure.web.reactive.function.client.ClientHttpConnectorAutoConfiguration$ReactorNetty matched:
          - @ConditionalOnClass found required class 'reactor.netty.http.client.HttpClient' (OnClassCondition)

       CodecsAutoConfiguration matched:
          - @ConditionalOnClass found required classes 'org.springframework.http.codec.CodecConfigurer', 'org.springframework.web.reactive.function.client.WebClient' (OnClassCondition)

       CodecsAutoConfiguration.JacksonCodecConfiguration matched:
          - @ConditionalOnClass found required class 'com.fasterxml.jackson.databind.ObjectMapper' (OnClassCondition)

       CodecsAutoConfiguration.JacksonCodecConfiguration#jacksonCodecCustomizer matched:
          - @ConditionalOnBean (types: com.fasterxml.jackson.databind.ObjectMapper; SearchStrategy: all) found bean 'jacksonObjectMapper' (OnBeanCondition)

       DataSourceAutoConfiguration matched:
          - @ConditionalOnClass found required classes 'javax.sql.DataSource', 'org.springframework.jdbc.datasource.embedded.EmbeddedDatabaseType' (OnClassCondition)
          - @ConditionalOnMissingBean (types: ?; SearchStrategy: all) did not find any beans (OnBeanCondition)

       DataSourceAutoConfiguration.PooledDataSourceConfiguration matched:
          - AnyNestedCondition 1 matched 1 did not; NestedCondition on DataSourceAutoConfiguration.PooledDataSourceCondition.PooledDataSourceAvailable PooledDataSource found supported DataSource; NestedCondition on DataSourceAutoConfiguration.PooledDataSourceCondition.ExplicitType @ConditionalOnProperty (spring.datasource.type) did not find property 'spring.datasource.type' (DataSourceAutoConfiguration.PooledDataSourceCondition)
          - @ConditionalOnMissingBean (types: javax.sql.DataSource,javax.sql.XADataSource; SearchStrategy: all) did not find any beans (OnBeanCondition)

       DataSourceAutoConfiguration.PooledDataSourceConfiguration#jdbcConnectionDetails matched:
          - @ConditionalOnMissingBean (types: org.springframework.boot.autoconfigure.jdbc.JdbcConnectionDetails; SearchStrategy: all) did not find any beans (OnBeanCondition)

       DataSourceConfiguration.Hikari matched:
          - @ConditionalOnClass found required class 'com.zaxxer.hikari.HikariDataSource' (OnClassCondition)
          - @ConditionalOnProperty (spring.datasource.type=com.zaxxer.hikari.HikariDataSource) matched (OnPropertyCondition)
          - @ConditionalOnMissingBean (types: javax.sql.DataSource; SearchStrategy: all) did not find any beans (OnBeanCondition)

       DataSourceInitializationConfiguration matched:
          - @ConditionalOnClass found required class 'org.springframework.jdbc.datasource.init.DatabasePopulator' (OnClassCondition)
          - @ConditionalOnSingleCandidate (types: javax.sql.DataSource; SearchStrategy: all) found a single bean 'dataSource'; @ConditionalOnMissingBean (types: org.springframework.boot.autoconfigure.sql.init.SqlDataSourceScriptDatabaseInitializer,org.springframework.boot.autoconfigure.sql.init.SqlR2dbcScriptDatabaseInitializer; SearchStrategy: all) did not find any beans (OnBeanCondition)

       DataSourcePoolMetadataProvidersConfiguration.HikariPoolDataSourceMetadataProviderConfiguration matched:
          - @ConditionalOnClass found required class 'com.zaxxer.hikari.HikariDataSource' (OnClassCondition)

       DataSourceTransactionManagerAutoConfiguration matched:
          - @ConditionalOnClass found required classes 'javax.sql.DataSource', 'org.springframework.jdbc.core.JdbcTemplate', 'org.springframework.transaction.TransactionManager' (OnClassCondition)

       DataSourceTransactionManagerAutoConfiguration.JdbcTransactionManagerConfiguration matched:
          - @ConditionalOnSingleCandidate (types: javax.sql.DataSource; SearchStrategy: all) found a single bean 'dataSource' (OnBeanCondition)

       DispatcherServletAutoConfiguration matched:
          - @ConditionalOnClass found required class 'org.springframework.web.servlet.DispatcherServlet' (OnClassCondition)
          - found 'session' scope (OnWebApplicationCondition)

       DispatcherServletAutoConfiguration.DispatcherServletConfiguration matched:
          - @ConditionalOnClass found required class 'jakarta.servlet.ServletRegistration' (OnClassCondition)
          - Default DispatcherServlet did not find dispatcher servlet beans (DispatcherServletAutoConfiguration.DefaultDispatcherServletCondition)

       DispatcherServletAutoConfiguration.DispatcherServletRegistrationConfiguration matched:
          - @ConditionalOnClass found required class 'jakarta.servlet.ServletRegistration' (OnClassCondition)
          - DispatcherServlet Registration did not find servlet registration bean (DispatcherServletAutoConfiguration.DispatcherServletRegistrationCondition)

       DispatcherServletAutoConfiguration.DispatcherServletRegistrationConfiguration#dispatcherServletRegistration matched:
          - @ConditionalOnBean (names: dispatcherServlet types: org.springframework.web.servlet.DispatcherServlet; SearchStrategy: all) found bean 'dispatcherServlet' (OnBeanCondition)

       EmbeddingObservationAutoConfiguration matched:
          - @ConditionalOnClass found required class 'org.springframework.ai.embedding.EmbeddingModel' (OnClassCondition)

       ErrorMvcAutoConfiguration matched:
          - @ConditionalOnClass found required classes 'jakarta.servlet.Servlet', 'org.springframework.web.servlet.DispatcherServlet' (OnClassCondition)
          - found 'session' scope (OnWebApplicationCondition)

       ErrorMvcAutoConfiguration#basicErrorController matched:
          - @ConditionalOnMissingBean (types: org.springframework.boot.web.servlet.error.ErrorController; SearchStrategy: current) did not find any beans (OnBeanCondition)

       ErrorMvcAutoConfiguration#errorAttributes matched:
          - @ConditionalOnMissingBean (types: org.springframework.boot.web.servlet.error.ErrorAttributes; SearchStrategy: current) did not find any beans (OnBeanCondition)

       ErrorMvcAutoConfiguration.DefaultErrorViewResolverConfiguration#conventionErrorViewResolver matched:
          - @ConditionalOnBean (types: org.springframework.web.servlet.DispatcherServlet; SearchStrategy: all) found bean 'dispatcherServlet'; @ConditionalOnMissingBean (types: org.springframework.boot.autoconfigure.web.servlet.error.ErrorViewResolver; SearchStrategy: all) did not find any beans (OnBeanCondition)

       ErrorMvcAutoConfiguration.WhitelabelErrorViewConfiguration matched:
          - @ConditionalOnBooleanProperty (server.error.whitelabel.enabled=true) matched (OnPropertyCondition)
          - ErrorTemplate Missing did not find error template view (ErrorMvcAutoConfiguration.ErrorTemplateMissingCondition)

       ErrorMvcAutoConfiguration.WhitelabelErrorViewConfiguration#beanNameViewResolver matched:
          - @ConditionalOnMissingBean (types: org.springframework.web.servlet.view.BeanNameViewResolver; SearchStrategy: all) did not find any beans (OnBeanCondition)

       ErrorMvcAutoConfiguration.WhitelabelErrorViewConfiguration#defaultErrorView matched:
          - @ConditionalOnMissingBean (names: error; SearchStrategy: all) did not find any beans (OnBeanCondition)

       FlywayAutoConfiguration matched:
          - @ConditionalOnClass found required class 'org.flywaydb.core.Flyway' (OnClassCondition)
          - @ConditionalOnBooleanProperty (spring.flyway.enabled=true) matched (OnPropertyCondition)
          - AnyNestedCondition 2 matched 1 did not; NestedCondition on FlywayAutoConfiguration.FlywayDataSourceCondition.FlywayUrlCondition @ConditionalOnProperty (spring.flyway.url) did not find property 'spring.flyway.url'; NestedCondition on FlywayAutoConfiguration.FlywayDataSourceCondition.JdbcConnectionDetailsCondition @ConditionalOnBean (types: org.springframework.boot.autoconfigure.jdbc.JdbcConnectionDetails; SearchStrategy: all) found bean 'jdbcConnectionDetails'; NestedCondition on FlywayAutoConfiguration.FlywayDataSourceCondition.DataSourceBeanCondition @ConditionalOnBean (types: javax.sql.DataSource; SearchStrategy: all) found bean 'dataSource' (FlywayAutoConfiguration.FlywayDataSourceCondition)

       FlywayAutoConfiguration.FlywayConfiguration matched:
          - @ConditionalOnClass found required class 'org.springframework.jdbc.support.JdbcUtils' (OnClassCondition)
          - @ConditionalOnMissingBean (types: org.flywaydb.core.Flyway; SearchStrategy: all) did not find any beans (OnBeanCondition)

       FlywayAutoConfiguration.FlywayConfiguration#flywayConnectionDetails matched:
          - @ConditionalOnMissingBean (types: org.springframework.boot.autoconfigure.flyway.FlywayConnectionDetails; SearchStrategy: all) did not find any beans (OnBeanCondition)

       FlywayAutoConfiguration.FlywayConfiguration#flywayInitializer matched:
          - @ConditionalOnMissingBean (types: org.springframework.boot.autoconfigure.flyway.FlywayMigrationInitializer; SearchStrategy: all) did not find any beans (OnBeanCondition)

       GenericCacheConfiguration matched:
          - Cache org.springframework.boot.autoconfigure.cache.GenericCacheConfiguration automatic cache type (CacheCondition)

       GoogleGenAiChatAutoConfiguration matched:
          - @ConditionalOnClass found required classes 'com.google.genai.Client', 'org.springframework.ai.google.genai.GoogleGenAiChatModel' (OnClassCondition)
          - @ConditionalOnProperty (spring.ai.model.chat=google-genai) matched (OnPropertyCondition)

       GoogleGenAiChatAutoConfiguration#googleGenAiChatModel matched:
          - @ConditionalOnMissingBean (types: org.springframework.ai.google.genai.GoogleGenAiChatModel; SearchStrategy: all) did not find any beans (OnBeanCondition)

       GoogleGenAiChatAutoConfiguration#googleGenAiClient matched:
          - @ConditionalOnMissingBean (types: com.google.genai.Client; SearchStrategy: all) did not find any beans (OnBeanCondition)

       GsonAutoConfiguration matched:
          - @ConditionalOnClass found required class 'com.google.gson.Gson' (OnClassCondition)

       GsonAutoConfiguration#gson matched:
          - @ConditionalOnMissingBean (types: com.google.gson.Gson; SearchStrategy: all) did not find any beans (OnBeanCondition)

       GsonAutoConfiguration#gsonBuilder matched:
          - @ConditionalOnMissingBean (types: com.google.gson.GsonBuilder; SearchStrategy: all) did not find any beans (OnBeanCondition)

       GsonHttpMessageConvertersConfiguration matched:
          - @ConditionalOnClass found required class 'com.google.gson.Gson' (OnClassCondition)

       HibernateJpaAutoConfiguration matched:
          - @ConditionalOnClass found required classes 'org.springframework.orm.jpa.LocalContainerEntityManagerFactoryBean', 'jakarta.persistence.EntityManager', 'org.hibernate.engine.spi.SessionImplementor' (OnClassCondition)

       HibernateJpaConfiguration matched:
          - @ConditionalOnSingleCandidate (types: javax.sql.DataSource; SearchStrategy: all) found a single bean 'dataSource' (OnBeanCondition)

       HttpClientAutoConfiguration matched:
          - @ConditionalOnClass found required class 'org.springframework.http.client.ClientHttpRequestFactory' (OnClassCondition)
          - NoneNestedConditions 0 matched 1 did not; NestedCondition on NotReactiveWebApplicationCondition.ReactiveWebApplication not a reactive web application (NotReactiveWebApplicationCondition)

       HttpClientAutoConfiguration#clientHttpRequestFactoryBuilder matched:
          - @ConditionalOnMissingBean (types: org.springframework.boot.http.client.ClientHttpRequestFactoryBuilder<?>; SearchStrategy: all) did not find any beans (OnBeanCondition)

       HttpClientAutoConfiguration#clientHttpRequestFactorySettings matched:
          - @ConditionalOnMissingBean (types: org.springframework.boot.http.client.ClientHttpRequestFactorySettings; SearchStrategy: all) did not find any beans (OnBeanCondition)

       HttpEncodingAutoConfiguration matched:
          - @ConditionalOnClass found required class 'org.springframework.web.filter.CharacterEncodingFilter' (OnClassCondition)
          - found 'session' scope (OnWebApplicationCondition)
          - @ConditionalOnBooleanProperty (server.servlet.encoding.enabled=true) matched (OnPropertyCondition)

       HttpEncodingAutoConfiguration#characterEncodingFilter matched:
          - @ConditionalOnMissingBean (types: org.springframework.web.filter.CharacterEncodingFilter; SearchStrategy: all) did not find any beans (OnBeanCondition)

       HttpMessageConvertersAutoConfiguration matched:
          - @ConditionalOnClass found required class 'org.springframework.http.converter.HttpMessageConverter' (OnClassCondition)
          - NoneNestedConditions 0 matched 1 did not; NestedCondition on HttpMessageConvertersAutoConfiguration.NotReactiveWebApplicationCondition.ReactiveWebApplication not a reactive web application (HttpMessageConvertersAutoConfiguration.NotReactiveWebApplicationCondition)

       HttpMessageConvertersAutoConfiguration#messageConverters matched:
          - @ConditionalOnMissingBean (types: org.springframework.boot.autoconfigure.http.HttpMessageConverters; SearchStrategy: all) did not find any beans (OnBeanCondition)

       HttpMessageConvertersAutoConfiguration.StringHttpMessageConverterConfiguration matched:
          - @ConditionalOnClass found required class 'org.springframework.http.converter.StringHttpMessageConverter' (OnClassCondition)

       HttpMessageConvertersAutoConfiguration.StringHttpMessageConverterConfiguration#stringHttpMessageConverter matched:
          - @ConditionalOnMissingBean (types: org.springframework.http.converter.StringHttpMessageConverter; SearchStrategy: all) did not find any beans (OnBeanCondition)

       JacksonAutoConfiguration matched:
          - @ConditionalOnClass found required class 'com.fasterxml.jackson.databind.ObjectMapper' (OnClassCondition)

       JacksonAutoConfiguration.Jackson2ObjectMapperBuilderCustomizerConfiguration matched:
          - @ConditionalOnClass found required class 'org.springframework.http.converter.json.Jackson2ObjectMapperBuilder' (OnClassCondition)

       JacksonAutoConfiguration.JacksonObjectMapperBuilderConfiguration matched:
          - @ConditionalOnClass found required class 'org.springframework.http.converter.json.Jackson2ObjectMapperBuilder' (OnClassCondition)

       JacksonAutoConfiguration.JacksonObjectMapperBuilderConfiguration#jacksonObjectMapperBuilder matched:
          - @ConditionalOnMissingBean (types: org.springframework.http.converter.json.Jackson2ObjectMapperBuilder; SearchStrategy: all) did not find any beans (OnBeanCondition)

       JacksonAutoConfiguration.JacksonObjectMapperConfiguration matched:
          - @ConditionalOnClass found required class 'org.springframework.http.converter.json.Jackson2ObjectMapperBuilder' (OnClassCondition)

       JacksonAutoConfiguration.JacksonObjectMapperConfiguration#jacksonObjectMapper matched:
          - @ConditionalOnMissingBean (types: com.fasterxml.jackson.databind.ObjectMapper; SearchStrategy: all) did not find any beans (OnBeanCondition)

       JacksonAutoConfiguration.ParameterNamesModuleConfiguration matched:
          - @ConditionalOnClass found required class 'com.fasterxml.jackson.module.paramnames.ParameterNamesModule' (OnClassCondition)

       JacksonAutoConfiguration.ParameterNamesModuleConfiguration#parameterNamesModule matched:
          - @ConditionalOnMissingBean (types: com.fasterxml.jackson.module.paramnames.ParameterNamesModule; SearchStrategy: all) did not find any beans (OnBeanCondition)

       JacksonHttpMessageConvertersConfiguration.MappingJackson2HttpMessageConverterConfiguration matched:
          - @ConditionalOnClass found required class 'com.fasterxml.jackson.databind.ObjectMapper' (OnClassCondition)
          - @ConditionalOnPreferredJsonMapper JACKSON no property was configured and Jackson is the default (OnPreferredJsonMapperCondition)
          - @ConditionalOnBean (types: com.fasterxml.jackson.databind.ObjectMapper; SearchStrategy: all) found bean 'jacksonObjectMapper' (OnBeanCondition)

       JacksonHttpMessageConvertersConfiguration.MappingJackson2HttpMessageConverterConfiguration#mappingJackson2HttpMessageConverter matched:
          - @ConditionalOnMissingBean (types: org.springframework.http.converter.json.MappingJackson2HttpMessageConverter ignored: ?; SearchStrategy: all) did not find any beans (OnBeanCondition)

       JdbcClientAutoConfiguration matched:
          - @ConditionalOnSingleCandidate (types: org.springframework.jdbc.core.namedparam.NamedParameterJdbcTemplate; SearchStrategy: all) found a single bean 'namedParameterJdbcTemplate'; @ConditionalOnMissingBean (types: org.springframework.jdbc.core.simple.JdbcClient; SearchStrategy: all) did not find any beans (OnBeanCondition)

       JdbcTemplateAutoConfiguration matched:
          - @ConditionalOnClass found required classes 'javax.sql.DataSource', 'org.springframework.jdbc.core.JdbcTemplate' (OnClassCondition)
          - @ConditionalOnSingleCandidate (types: javax.sql.DataSource; SearchStrategy: all) found a single bean 'dataSource' (OnBeanCondition)

       JdbcTemplateConfiguration matched:
          - @ConditionalOnMissingBean (types: org.springframework.jdbc.core.JdbcOperations; SearchStrategy: all) did not find any beans (OnBeanCondition)

       JpaBaseConfiguration#entityManagerFactory matched:
          - @ConditionalOnMissingBean (types: org.springframework.orm.jpa.LocalContainerEntityManagerFactoryBean,jakarta.persistence.EntityManagerFactory; SearchStrategy: all) did not find any beans (OnBeanCondition)

       JpaBaseConfiguration#entityManagerFactoryBuilder matched:
          - @ConditionalOnMissingBean (types: org.springframework.boot.orm.jpa.EntityManagerFactoryBuilder; SearchStrategy: all) did not find any beans (OnBeanCondition)

       JpaBaseConfiguration#jpaVendorAdapter matched:
          - @ConditionalOnMissingBean (types: org.springframework.orm.jpa.JpaVendorAdapter; SearchStrategy: all) did not find any beans (OnBeanCondition)

       JpaBaseConfiguration#transactionManager matched:
          - @ConditionalOnMissingBean (types: org.springframework.transaction.TransactionManager; SearchStrategy: all) did not find any beans (OnBeanCondition)

       JpaBaseConfiguration.JpaWebConfiguration matched:
          - @ConditionalOnClass found required class 'org.springframework.web.servlet.config.annotation.WebMvcConfigurer' (OnClassCondition)
          - found 'session' scope (OnWebApplicationCondition)
          - @ConditionalOnBooleanProperty (spring.jpa.open-in-view=true) matched (OnPropertyCondition)
          - @ConditionalOnMissingBean (types: org.springframework.orm.jpa.support.OpenEntityManagerInViewInterceptor,org.springframework.orm.jpa.support.OpenEntityManagerInViewFilter; SearchStrategy: all) did not find any beans (OnBeanCondition)

       JpaBaseConfiguration.PersistenceManagedTypesConfiguration matched:
          - @ConditionalOnMissingBean (types: org.springframework.orm.jpa.LocalContainerEntityManagerFactoryBean,jakarta.persistence.EntityManagerFactory; SearchStrategy: all) did not find any beans (OnBeanCondition)

       JpaBaseConfiguration.PersistenceManagedTypesConfiguration#persistenceManagedTypes matched:
          - @ConditionalOnMissingBean (types: org.springframework.orm.jpa.persistenceunit.PersistenceManagedTypes; SearchStrategy: all) did not find any beans (OnBeanCondition)

       JpaRepositoriesAutoConfiguration matched:
          - @ConditionalOnClass found required class 'org.springframework.data.jpa.repository.JpaRepository' (OnClassCondition)
          - @ConditionalOnBooleanProperty (spring.data.jpa.repositories.enabled=true) matched (OnPropertyCondition)
          - @ConditionalOnBean (types: javax.sql.DataSource; SearchStrategy: all) found bean 'dataSource'; @ConditionalOnMissingBean (types: org.springframework.data.jpa.repository.support.JpaRepositoryFactoryBean,org.springframework.data.jpa.repository.config.JpaRepositoryConfigExtension; SearchStrategy: all) did not find any beans (OnBeanCondition)

       JtaAutoConfiguration matched:
          - @ConditionalOnClass found required class 'jakarta.transaction.Transaction' (OnClassCondition)
          - @ConditionalOnBooleanProperty (spring.jta.enabled=true) matched (OnPropertyCondition)

       LifecycleAutoConfiguration#defaultLifecycleProcessor matched:
          - @ConditionalOnMissingBean (names: lifecycleProcessor; SearchStrategy: current) did not find any beans (OnBeanCondition)

       MultipartAutoConfiguration matched:
          - @ConditionalOnClass found required classes 'jakarta.servlet.Servlet', 'org.springframework.web.multipart.support.StandardServletMultipartResolver', 'jakarta.servlet.MultipartConfigElement' (OnClassCondition)
          - found 'session' scope (OnWebApplicationCondition)
          - @ConditionalOnBooleanProperty (spring.servlet.multipart.enabled=true) matched (OnPropertyCondition)

       MultipartAutoConfiguration#multipartConfigElement matched:
          - @ConditionalOnMissingBean (types: jakarta.servlet.MultipartConfigElement; SearchStrategy: all) did not find any beans (OnBeanCondition)

       MultipartAutoConfiguration#multipartResolver matched:
          - @ConditionalOnMissingBean (types: org.springframework.web.multipart.MultipartResolver; SearchStrategy: all) did not find any beans (OnBeanCondition)

       MustacheAutoConfiguration matched:
          - @ConditionalOnClass found required class 'com.samskivert.mustache.Mustache' (OnClassCondition)

       MustacheAutoConfiguration#mustacheCompiler matched:
          - @ConditionalOnMissingBean (types: com.samskivert.mustache.Mustache$Compiler; SearchStrategy: all) did not find any beans (OnBeanCondition)

       MustacheAutoConfiguration#mustacheTemplateLoader matched:
          - @ConditionalOnMissingBean (types: com.samskivert.mustache.Mustache$TemplateLoader; SearchStrategy: all) did not find any beans (OnBeanCondition)

       MustacheServletWebConfiguration matched:
          - @ConditionalOnClass found required class 'org.springframework.boot.web.servlet.view.MustacheViewResolver' (OnClassCondition)
          - found 'session' scope (OnWebApplicationCondition)

       MustacheServletWebConfiguration#mustacheViewResolver matched:
          - @ConditionalOnBooleanProperty (spring.mustache.enabled=true) matched (OnPropertyCondition)
          - @ConditionalOnMissingBean (types: org.springframework.boot.web.servlet.view.MustacheViewResolver; SearchStrategy: all) did not find any beans (OnBeanCondition)

       NamedParameterJdbcTemplateConfiguration matched:
          - @ConditionalOnSingleCandidate (types: org.springframework.jdbc.core.JdbcTemplate; SearchStrategy: all) found a single bean 'jdbcTemplate'; @ConditionalOnMissingBean (types: org.springframework.jdbc.core.namedparam.NamedParameterJdbcOperations; SearchStrategy: all) did not find any beans (OnBeanCondition)

       NettyAutoConfiguration matched:
          - @ConditionalOnClass found required class 'io.netty.util.NettyRuntime' (OnClassCondition)

       NoOpCacheConfiguration matched:
          - Cache org.springframework.boot.autoconfigure.cache.NoOpCacheConfiguration automatic cache type (CacheCondition)

       PersistenceExceptionTranslationAutoConfiguration matched:
          - @ConditionalOnClass found required class 'org.springframework.dao.annotation.PersistenceExceptionTranslationPostProcessor' (OnClassCondition)

       PersistenceExceptionTranslationAutoConfiguration#persistenceExceptionTranslationPostProcessor matched:
          - @ConditionalOnBooleanProperty (spring.dao.exceptiontranslation.enabled=true) matched (OnPropertyCondition)
          - @ConditionalOnMissingBean (types: org.springframework.dao.annotation.PersistenceExceptionTranslationPostProcessor; SearchStrategy: all) did not find any beans (OnBeanCondition)

       PropertyPlaceholderAutoConfiguration#propertySourcesPlaceholderConfigurer matched:
          - @ConditionalOnMissingBean (types: org.springframework.context.support.PropertySourcesPlaceholderConfigurer; SearchStrategy: current) did not find any beans (OnBeanCondition)

       ReactorAutoConfiguration matched:
          - @ConditionalOnClass found required class 'reactor.core.publisher.Hooks' (OnClassCondition)

       ReactorNettyConfigurations.ReactorResourceFactoryConfiguration#reactorResourceFactory matched:
          - @ConditionalOnMissingBean (types: org.springframework.http.client.ReactorResourceFactory; SearchStrategy: all) did not find any beans (OnBeanCondition)

       RestClientAutoConfiguration matched:
          - @ConditionalOnClass found required class 'org.springframework.web.client.RestClient' (OnClassCondition)
          - AnyNestedCondition 1 matched 1 did not; NestedCondition on NotReactiveWebApplicationOrVirtualThreadsExecutorEnabledCondition.VirtualThreadsExecutorEnabled found non-matching nested conditions @ConditionalOnThreading did not find VIRTUAL; NestedCondition on NotReactiveWebApplicationOrVirtualThreadsExecutorEnabledCondition.NotReactiveWebApplication NoneNestedConditions 0 matched 1 did not; NestedCondition on NotReactiveWebApplicationCondition.ReactiveWebApplication not a reactive web application (NotReactiveWebApplicationOrVirtualThreadsExecutorEnabledCondition)

       RestClientAutoConfiguration#httpMessageConvertersRestClientCustomizer matched:
          - @ConditionalOnMissingBean (types: org.springframework.boot.autoconfigure.web.client.HttpMessageConvertersRestClientCustomizer; SearchStrategy: all) did not find any beans (OnBeanCondition)

       RestClientAutoConfiguration#restClientBuilder matched:
          - @ConditionalOnMissingBean (types: org.springframework.web.client.RestClient$Builder; SearchStrategy: all) did not find any beans (OnBeanCondition)

       RestClientAutoConfiguration#restClientBuilderConfigurer matched:
          - @ConditionalOnMissingBean (types: org.springframework.boot.autoconfigure.web.client.RestClientBuilderConfigurer; SearchStrategy: all) did not find any beans (OnBeanCondition)

       RestClientAutoConfiguration#restClientSsl matched:
          - @ConditionalOnBean (types: org.springframework.boot.ssl.SslBundles; SearchStrategy: all) found bean 'sslBundleRegistry'; @ConditionalOnMissingBean (types: org.springframework.boot.autoconfigure.web.client.RestClientSsl; SearchStrategy: all) did not find any beans (OnBeanCondition)

       RestTemplateAutoConfiguration matched:
          - @ConditionalOnClass found required class 'org.springframework.web.client.RestTemplate' (OnClassCondition)
          - NoneNestedConditions 0 matched 1 did not; NestedCondition on NotReactiveWebApplicationCondition.ReactiveWebApplication not a reactive web application (NotReactiveWebApplicationCondition)

       RestTemplateAutoConfiguration#restTemplateBuilder matched:
          - @ConditionalOnMissingBean (types: org.springframework.boot.web.client.RestTemplateBuilder; SearchStrategy: all) did not find any beans (OnBeanCondition)

       ServletWebServerFactoryAutoConfiguration matched:
          - @ConditionalOnClass found required class 'jakarta.servlet.ServletRequest' (OnClassCondition)
          - found 'session' scope (OnWebApplicationCondition)

       ServletWebServerFactoryAutoConfiguration.TomcatConfiguration matched:
          - @ConditionalOnClass found required class 'org.apache.catalina.startup.Tomcat' (OnClassCondition)

       ServletWebServerFactoryConfiguration.EmbeddedTomcat matched:
          - @ConditionalOnClass found required classes 'jakarta.servlet.Servlet', 'org.apache.catalina.startup.Tomcat', 'org.apache.coyote.UpgradeProtocol' (OnClassCondition)
          - @ConditionalOnMissingBean (types: org.springframework.boot.web.servlet.server.ServletWebServerFactory; SearchStrategy: current) did not find any beans (OnBeanCondition)

       SimpleCacheConfiguration matched:
          - Cache org.springframework.boot.autoconfigure.cache.SimpleCacheConfiguration automatic cache type (CacheCondition)

       SpringAiRetryAutoConfiguration matched:
          - @ConditionalOnClass found required class 'org.springframework.ai.retry.RetryUtils' (OnClassCondition)

       SpringAiRetryAutoConfiguration#responseErrorHandler matched:
          - @ConditionalOnMissingBean (types: org.springframework.web.client.ResponseErrorHandler; SearchStrategy: all) did not find any beans (OnBeanCondition)

       SpringAiRetryAutoConfiguration#retryTemplate matched:
          - @ConditionalOnMissingBean (types: org.springframework.retry.support.RetryTemplate; SearchStrategy: all) did not find any beans (OnBeanCondition)

       SpringDataWebAutoConfiguration matched:
          - @ConditionalOnClass found required classes 'org.springframework.data.web.PageableHandlerMethodArgumentResolver', 'org.springframework.web.servlet.config.annotation.WebMvcConfigurer' (OnClassCondition)
          - found 'session' scope (OnWebApplicationCondition)
          - @ConditionalOnMissingBean (types: org.springframework.data.web.PageableHandlerMethodArgumentResolver; SearchStrategy: all) did not find any beans (OnBeanCondition)

       SpringDataWebAutoConfiguration#pageableCustomizer matched:
          - @ConditionalOnMissingBean (types: org.springframework.data.web.config.PageableHandlerMethodArgumentResolverCustomizer; SearchStrategy: all) did not find any beans (OnBeanCondition)

       SpringDataWebAutoConfiguration#sortCustomizer matched:
          - @ConditionalOnMissingBean (types: org.springframework.data.web.config.SortHandlerMethodArgumentResolverCustomizer; SearchStrategy: all) did not find any beans (OnBeanCondition)

       SpringDataWebAutoConfiguration#springDataWebSettings matched:
          - @ConditionalOnMissingBean (types: org.springframework.data.web.config.SpringDataWebSettings; SearchStrategy: all) did not find any beans (OnBeanCondition)

       SpringDocConfigProperties matched:
          - @ConditionalOnProperty (springdoc.api-docs.enabled) matched (OnPropertyCondition)
          - @ConditionalOnBean (types: org.springdoc.core.configuration.SpringDocConfiguration; SearchStrategy: all) found bean 'org.springdoc.core.configuration.SpringDocConfiguration' (OnBeanCondition)

       SpringDocConfiguration matched:
          - @ConditionalOnWebApplication (required) found 'session' scope (OnWebApplicationCondition)
          - @ConditionalOnProperty (springdoc.api-docs.enabled) matched (OnPropertyCondition)

       SpringDocConfiguration#fileSupportConverter matched:
          - @ConditionalOnMissingBean (types: org.springdoc.core.converters.FileSupportConverter; SearchStrategy: all) did not find any beans (OnBeanCondition)

       SpringDocConfiguration#globalOpenApiCustomizer matched:
          - @ConditionalOnMissingBean (names: globalOpenApiCustomizer; SearchStrategy: all) did not find any beans (OnBeanCondition)

       SpringDocConfiguration#oas31ModelConverter matched:
          - @ConditionalOnMissingBean (types: org.springdoc.core.converters.OAS31ModelConverter; SearchStrategy: all) did not find any beans (OnBeanCondition)

       SpringDocConfiguration#openAPIBuilder matched:
          - @ConditionalOnMissingBean (types: org.springdoc.core.service.OpenAPIService; SearchStrategy: all) did not find any beans (OnBeanCondition)

       SpringDocConfiguration#operationBuilder matched:
          - @ConditionalOnMissingBean (types: org.springdoc.core.service.OperationService; SearchStrategy: all) did not find any beans (OnBeanCondition)

       SpringDocConfiguration#parameterBuilder matched:
          - @ConditionalOnMissingBean (types: org.springdoc.core.service.GenericParameterService; SearchStrategy: all) did not find any beans (OnBeanCondition)

       SpringDocConfiguration#parameterObjectNamingStrategyCustomizer matched:
          - @ConditionalOnMissingBean (types: org.springdoc.core.customizers.ParameterObjectNamingStrategyCustomizer; SearchStrategy: all) did not find any beans (OnBeanCondition)

       SpringDocConfiguration#polymorphicModelConverter matched:
          - @ConditionalOnProperty (springdoc.model-converters.polymorphic-converter.enabled) matched (OnPropertyCondition)
          - @ConditionalOnMissingBean (types: org.springdoc.core.converters.PolymorphicModelConverter; SearchStrategy: all) did not find any beans (OnBeanCondition)

       SpringDocConfiguration#requestBodyBuilder matched:
          - @ConditionalOnMissingBean (types: org.springdoc.core.service.RequestBodyService; SearchStrategy: all) did not find any beans (OnBeanCondition)

       SpringDocConfiguration#responseSupportConverter matched:
          - @ConditionalOnMissingBean (types: org.springdoc.core.converters.ResponseSupportConverter; SearchStrategy: all) did not find any beans (OnBeanCondition)

       SpringDocConfiguration#schemaPropertyDeprecatingConverter matched:
          - @ConditionalOnProperty (springdoc.model-converters.deprecating-converter.enabled) matched (OnPropertyCondition)
          - @ConditionalOnMissingBean (types: org.springdoc.core.converters.SchemaPropertyDeprecatingConverter; SearchStrategy: all) did not find any beans (OnBeanCondition)

       SpringDocConfiguration#securityParser matched:
          - @ConditionalOnMissingBean (types: org.springdoc.core.service.SecurityService; SearchStrategy: all) did not find any beans (OnBeanCondition)

       SpringDocConfiguration#springDocCustomizers matched:
          - @ConditionalOnMissingBean (types: org.springdoc.core.customizers.SpringDocCustomizers; SearchStrategy: all) did not find any beans (OnBeanCondition)

       SpringDocConfiguration#springDocProviders matched:
          - @ConditionalOnMissingBean (types: org.springdoc.core.providers.SpringDocProviders; SearchStrategy: all) did not find any beans (OnBeanCondition)

       SpringDocConfiguration#springdocObjectMapperProvider matched:
          - @ConditionalOnMissingBean (types: org.springdoc.core.providers.ObjectMapperProvider; SearchStrategy: all) did not find any beans (OnBeanCondition)

       SpringDocConfiguration.QuerydslProvider matched:
          - @ConditionalOnClass found required class 'org.springframework.data.querydsl.binding.QuerydslBindingsFactory' (OnClassCondition)

       SpringDocConfiguration.QuerydslProvider#queryDslQuerydslPredicateOperationCustomizer matched:
          - @ConditionalOnMissingBean (types: org.springdoc.core.customizers.QuerydslPredicateOperationCustomizer; SearchStrategy: all) did not find any beans (OnBeanCondition)

       SpringDocConfiguration.SpringDocSpringDataWebPropertiesProvider matched:
          - @ConditionalOnClass found required class 'org.springframework.boot.autoconfigure.data.web.SpringDataWebProperties' (OnClassCondition)

       SpringDocConfiguration.SpringDocSpringDataWebPropertiesProvider#springDataWebPropertiesProvider matched:
          - @ConditionalOnMissingBean (types: org.springdoc.core.providers.SpringDataWebPropertiesProvider; SearchStrategy: all) did not find any beans (OnBeanCondition)

       SpringDocConfiguration.SpringDocWebFluxSupportConfiguration matched:
          - @ConditionalOnClass found required class 'reactor.core.publisher.Flux' (OnClassCondition)

       SpringDocConfiguration.SpringDocWebFluxSupportConfiguration#webFluxSupportConverter matched:
          - @ConditionalOnMissingBean (types: org.springdoc.core.converters.WebFluxSupportConverter; SearchStrategy: all) did not find any beans (OnBeanCondition)

       SpringDocConfiguration.WebConversionServiceConfiguration matched:
          - @ConditionalOnClass found required class 'org.springframework.boot.autoconfigure.web.format.WebConversionService' (OnClassCondition)

       SpringDocKotlinConfiguration matched:
          - @ConditionalOnClass found required class 'kotlin.coroutines.Continuation' (OnClassCondition)
          - @ConditionalOnWebApplication (required) found 'session' scope (OnWebApplicationCondition)
          - @ConditionalOnProperty (springdoc.api-docs.enabled) matched (OnPropertyCondition)
          - @ConditionalOnExpression (#{${springdoc.api-docs.enabled:true} and ${springdoc.enable-kotlin:true}}) resulted in true (OnExpressionCondition)
          - @ConditionalOnBean (types: org.springdoc.core.configuration.SpringDocConfiguration; SearchStrategy: all) found bean 'org.springdoc.core.configuration.SpringDocConfiguration' (OnBeanCondition)

       SpringDocKotlinConfiguration#nullableKotlinRequestParameterCustomizer matched:
          - @ConditionalOnProperty (springdoc.nullable-request-parameter-enabled) matched (OnPropertyCondition)
          - @ConditionalOnMissingBean (types: org.springdoc.core.customizers.ParameterCustomizer; SearchStrategy: all) did not find any beans (OnBeanCondition)

       SpringDocPageableConfiguration matched:
          - @ConditionalOnClass found required class 'org.springframework.data.domain.Pageable' (OnClassCondition)
          - @ConditionalOnWebApplication (required) found 'session' scope (OnWebApplicationCondition)
          - @ConditionalOnProperty (springdoc.api-docs.enabled) matched (OnPropertyCondition)
          - @ConditionalOnBean (types: org.springdoc.core.configuration.SpringDocConfiguration; SearchStrategy: all) found bean 'org.springdoc.core.configuration.SpringDocConfiguration' (OnBeanCondition)

       SpringDocPageableConfiguration#dataRestDelegatingMethodParameterCustomizer matched:
          - @ConditionalOnMissingBean (types: org.springdoc.core.customizers.DataRestDelegatingMethodParameterCustomizer; SearchStrategy: all) did not find any beans (OnBeanCondition)

       SpringDocPageableConfiguration#pageOpenAPIConverter matched:
          - @ConditionalOnClass found required classes 'org.springframework.data.web.PagedModel', 'org.springframework.data.web.config.SpringDataWebSettings' (OnClassCondition)
          - @ConditionalOnMissingBean (types: org.springdoc.core.converters.PageOpenAPIConverter; SearchStrategy: all) did not find any beans (OnBeanCondition)

       SpringDocPageableConfiguration#pageableOpenAPIConverter matched:
          - @ConditionalOnProperty (springdoc.model-converters.pageable-converter.enabled) matched (OnPropertyCondition)
          - @ConditionalOnMissingBean (types: org.springdoc.core.converters.PageableOpenAPIConverter; SearchStrategy: all) did not find any beans (OnBeanCondition)

       SpringDocSortConfiguration matched:
          - @ConditionalOnClass found required class 'org.springframework.data.domain.Sort' (OnClassCondition)
          - @ConditionalOnWebApplication (required) found 'session' scope (OnWebApplicationCondition)
          - @ConditionalOnProperty (springdoc.api-docs.enabled) matched (OnPropertyCondition)
          - @ConditionalOnBean (types: org.springdoc.core.configuration.SpringDocConfiguration; SearchStrategy: all) found bean 'org.springdoc.core.configuration.SpringDocConfiguration' (OnBeanCondition)

       SpringDocSortConfiguration#sortOpenAPIConverter matched:
          - @ConditionalOnProperty (springdoc.sort-converter.enabled) matched (OnPropertyCondition)
          - @ConditionalOnMissingBean (types: org.springdoc.core.converters.SortOpenAPIConverter; SearchStrategy: all) did not find any beans (OnBeanCondition)

       SpringDocWebMvcConfiguration matched:
          - found 'session' scope (OnWebApplicationCondition)
          - @ConditionalOnProperty (springdoc.api-docs.enabled) matched (OnPropertyCondition)
          - @ConditionalOnBean (types: org.springdoc.core.configuration.SpringDocConfiguration; SearchStrategy: all) found bean 'org.springdoc.core.configuration.SpringDocConfiguration' (OnBeanCondition)

       SpringDocWebMvcConfiguration#openApiResource matched:
          - @ConditionalOnExpression (#{(${springdoc.use-management-port:false} == false ) and ${springdoc.enable-default-api-docs:true}}) resulted in true (OnExpressionCondition)
          - @ConditionalOnMissingBean (types: org.springdoc.webmvc.api.OpenApiWebMvcResource; SearchStrategy: all) did not find any beans (OnBeanCondition)

       SpringDocWebMvcConfiguration#requestBuilder matched:
          - @ConditionalOnMissingBean (types: org.springdoc.webmvc.core.service.RequestService; SearchStrategy: all) did not find any beans (OnBeanCondition)

       SpringDocWebMvcConfiguration#responseBuilder matched:
          - @ConditionalOnMissingBean (types: org.springdoc.core.service.GenericResponseService; SearchStrategy: all) did not find any beans (OnBeanCondition)

       SpringDocWebMvcConfiguration#springWebProvider matched:
          - @ConditionalOnMissingBean (types: org.springdoc.core.providers.SpringWebProvider; SearchStrategy: all) did not find any beans (OnBeanCondition)

       SpringDocWebMvcConfiguration.SpringDocWebMvcRouterConfiguration matched:
          - @ConditionalOnClass found required class 'org.springframework.web.servlet.function.RouterFunction' (OnClassCondition)

       SpringDocWebMvcConfiguration.SpringDocWebMvcRouterConfiguration#routerFunctionProvider matched:
          - @ConditionalOnMissingBean (types: org.springdoc.webmvc.core.providers.RouterFunctionWebMvcProvider; SearchStrategy: all) did not find any beans (OnBeanCondition)

       SqlInitializationAutoConfiguration matched:
          - @ConditionalOnBooleanProperty (spring.sql.init.enabled=true) matched (OnPropertyCondition)
          - NoneNestedConditions 0 matched 1 did not; NestedCondition on SqlInitializationAutoConfiguration.SqlInitializationModeCondition.ModeIsNever @ConditionalOnProperty (spring.sql.init.mode=never) did not find property 'spring.sql.init.mode' (SqlInitializationAutoConfiguration.SqlInitializationModeCondition)

       SslAutoConfiguration#sslBundleRegistry matched:
          - @ConditionalOnMissingBean (types: org.springframework.boot.ssl.SslBundleRegistry,org.springframework.boot.ssl.SslBundles; SearchStrategy: all) did not find any beans (OnBeanCondition)

       SwaggerConfig matched:
          - found 'session' scope (OnWebApplicationCondition)
          - @ConditionalOnProperty (springdoc.swagger-ui.enabled) matched (OnPropertyCondition)
          - @ConditionalOnBean (types: org.springdoc.core.configuration.SpringDocConfiguration; SearchStrategy: all) found bean 'org.springdoc.core.configuration.SpringDocConfiguration' (OnBeanCondition)

       SwaggerConfig#indexPageTransformer matched:
          - @ConditionalOnMissingBean (types: org.springdoc.webmvc.ui.SwaggerIndexTransformer; SearchStrategy: all) did not find any beans (OnBeanCondition)

       SwaggerConfig#swaggerConfigResource matched:
          - @ConditionalOnProperty (springdoc.use-management-port=false) matched (OnPropertyCondition)
          - @ConditionalOnMissingBean (types: org.springdoc.webmvc.ui.SwaggerConfigResource; SearchStrategy: all) did not find any beans (OnBeanCondition)

       SwaggerConfig#swaggerResourceResolver matched:
          - @ConditionalOnMissingBean (types: org.springdoc.webmvc.ui.SwaggerResourceResolver; SearchStrategy: all) did not find any beans (OnBeanCondition)

       SwaggerConfig#swaggerWebMvcConfigurer matched:
          - @ConditionalOnMissingBean (types: org.springdoc.webmvc.ui.SwaggerWebMvcConfigurer; SearchStrategy: all) did not find any beans (OnBeanCondition)

       SwaggerConfig#swaggerWelcome matched:
          - @ConditionalOnProperty (springdoc.use-management-port=false) matched (OnPropertyCondition)
          - @ConditionalOnMissingBean (types: org.springdoc.webmvc.ui.SwaggerWelcomeWebMvc; SearchStrategy: all) did not find any beans (OnBeanCondition)

       SwaggerUiConfigProperties matched:
          - @ConditionalOnProperty (springdoc.swagger-ui.enabled) matched (OnPropertyCondition)
          - @ConditionalOnBean (types: org.springdoc.core.configuration.SpringDocConfiguration; SearchStrategy: all) found bean 'org.springdoc.core.configuration.SpringDocConfiguration' (OnBeanCondition)

       SwaggerUiOAuthProperties matched:
          - @ConditionalOnProperty (springdoc.swagger-ui.enabled) matched (OnPropertyCondition)
          - @ConditionalOnBean (types: org.springdoc.core.configuration.SpringDocConfiguration; SearchStrategy: all) found bean 'org.springdoc.core.configuration.SpringDocConfiguration' (OnBeanCondition)

       TaskExecutionAutoConfiguration matched:
          - @ConditionalOnClass found required class 'org.springframework.scheduling.concurrent.ThreadPoolTaskExecutor' (OnClassCondition)

       TaskExecutorConfigurations.AsyncConfigurerConfiguration matched:
          - @ConditionalOnMissingBean (types: org.springframework.scheduling.annotation.AsyncConfigurer; SearchStrategy: all) did not find any beans (OnBeanCondition)

       TaskExecutorConfigurations.AsyncConfigurerConfiguration#applicationTaskExecutorAsyncConfigurer matched:
          - @ConditionalOnMissingBean (types: org.springframework.scheduling.annotation.AsyncConfigurer; SearchStrategy: all) did not find any beans (OnBeanCondition)

       TaskExecutorConfigurations.SimpleAsyncTaskExecutorBuilderConfiguration#simpleAsyncTaskExecutorBuilder matched:
          - @ConditionalOnMissingBean (types: org.springframework.boot.task.SimpleAsyncTaskExecutorBuilder; SearchStrategy: all) did not find any beans (OnBeanCondition)
          - @ConditionalOnThreading found PLATFORM (OnThreadingCondition)

       TaskExecutorConfigurations.TaskExecutorConfiguration matched:
          - AnyNestedCondition 1 matched 1 did not; NestedCondition on TaskExecutorConfigurations.OnExecutorCondition.ModelCondition @ConditionalOnProperty (spring.task.execution.mode=force) did not find property 'spring.task.execution.mode'; NestedCondition on TaskExecutorConfigurations.OnExecutorCondition.ExecutorBeanCondition @ConditionalOnMissingBean (types: java.util.concurrent.Executor; SearchStrategy: all) did not find any beans (TaskExecutorConfigurations.OnExecutorCondition)

       TaskExecutorConfigurations.TaskExecutorConfiguration#applicationTaskExecutor matched:
          - @ConditionalOnThreading found PLATFORM (OnThreadingCondition)

       TaskExecutorConfigurations.ThreadPoolTaskExecutorBuilderConfiguration#threadPoolTaskExecutorBuilder matched:
          - @ConditionalOnMissingBean (types: org.springframework.boot.task.ThreadPoolTaskExecutorBuilder; SearchStrategy: all) did not find any beans (OnBeanCondition)

       TaskSchedulingAutoConfiguration matched:
          - @ConditionalOnClass found required class 'org.springframework.scheduling.concurrent.ThreadPoolTaskScheduler' (OnClassCondition)

       TaskSchedulingConfigurations.SimpleAsyncTaskSchedulerBuilderConfiguration#simpleAsyncTaskSchedulerBuilder matched:
          - @ConditionalOnMissingBean (types: org.springframework.boot.task.SimpleAsyncTaskSchedulerBuilder; SearchStrategy: all) did not find any beans (OnBeanCondition)
          - @ConditionalOnThreading found PLATFORM (OnThreadingCondition)

       TaskSchedulingConfigurations.ThreadPoolTaskSchedulerBuilderConfiguration#threadPoolTaskSchedulerBuilder matched:
          - @ConditionalOnMissingBean (types: org.springframework.boot.task.ThreadPoolTaskSchedulerBuilder; SearchStrategy: all) did not find any beans (OnBeanCondition)

       TemplateEngineConfigurations.DefaultTemplateEngineConfiguration#templateEngine matched:
          - @ConditionalOnMissingBean (types: org.thymeleaf.spring6.ISpringTemplateEngine; SearchStrategy: all) did not find any beans (OnBeanCondition)

       ThymeleafAutoConfiguration matched:
          - @ConditionalOnClass found required classes 'org.thymeleaf.templatemode.TemplateMode', 'org.thymeleaf.spring6.SpringTemplateEngine' (OnClassCondition)

       ThymeleafAutoConfiguration.DefaultTemplateResolverConfiguration matched:
          - @ConditionalOnMissingBean (names: defaultTemplateResolver; SearchStrategy: all) did not find any beans (OnBeanCondition)

       ThymeleafAutoConfiguration.ThymeleafWebMvcConfiguration matched:
          - found 'session' scope (OnWebApplicationCondition)
          - @ConditionalOnBooleanProperty (spring.thymeleaf.enabled=true) matched (OnPropertyCondition)

       ThymeleafAutoConfiguration.ThymeleafWebMvcConfiguration#resourceUrlEncodingFilter matched:
          - @ConditionalOnEnabledResourceChain found class org.webjars.WebJarVersionLocator (OnEnabledResourceChainCondition)
          - @ConditionalOnMissingBean (types: org.springframework.web.servlet.resource.ResourceUrlEncodingFilter; SearchStrategy: all) did not find any beans (OnBeanCondition)

       ThymeleafAutoConfiguration.ThymeleafWebMvcConfiguration.ThymeleafViewResolverConfiguration matched:
          - @ConditionalOnClass found required class 'org.springframework.web.servlet.view.AbstractCachingViewResolver' (OnClassCondition)

       ThymeleafAutoConfiguration.ThymeleafWebMvcConfiguration.ThymeleafViewResolverConfiguration#thymeleafViewResolver matched:
          - @ConditionalOnMissingBean (names: thymeleafViewResolver; SearchStrategy: all) did not find any beans (OnBeanCondition)

       ToolCallingAutoConfiguration matched:
          - @ConditionalOnClass found required class 'org.springframework.ai.chat.model.ChatModel' (OnClassCondition)

       ToolCallingAutoConfiguration#toolCallbackResolver matched:
          - @ConditionalOnMissingBean (types: org.springframework.ai.tool.resolution.ToolCallbackResolver; SearchStrategy: all) did not find any beans (OnBeanCondition)

       ToolCallingAutoConfiguration#toolCallingManager matched:
          - @ConditionalOnMissingBean (types: org.springframework.ai.model.tool.ToolCallingManager; SearchStrategy: all) did not find any beans (OnBeanCondition)

       ToolCallingAutoConfiguration#toolExecutionExceptionProcessor matched:
          - @ConditionalOnMissingBean (types: org.springframework.ai.tool.execution.ToolExecutionExceptionProcessor; SearchStrategy: all) did not find any beans (OnBeanCondition)

       TransactionAutoConfiguration matched:
          - @ConditionalOnClass found required class 'org.springframework.transaction.PlatformTransactionManager' (OnClassCondition)

       TransactionAutoConfiguration.EnableTransactionManagementConfiguration matched:
          - @ConditionalOnBean (types: org.springframework.transaction.TransactionManager; SearchStrategy: all) found bean 'transactionManager'; @ConditionalOnMissingBean (types: org.springframework.transaction.annotation.AbstractTransactionManagementConfiguration; SearchStrategy: all) did not find any beans (OnBeanCondition)

       TransactionAutoConfiguration.EnableTransactionManagementConfiguration.CglibAutoProxyConfiguration matched:
          - @ConditionalOnBooleanProperty (spring.aop.proxy-target-class=true) matched (OnPropertyCondition)

       TransactionAutoConfiguration.TransactionTemplateConfiguration matched:
          - @ConditionalOnSingleCandidate (types: org.springframework.transaction.PlatformTransactionManager; SearchStrategy: all) found a single bean 'transactionManager' (OnBeanCondition)

       TransactionAutoConfiguration.TransactionTemplateConfiguration#transactionTemplate matched:
          - @ConditionalOnMissingBean (types: org.springframework.transaction.support.TransactionOperations; SearchStrategy: all) did not find any beans (OnBeanCondition)

       TransactionManagerCustomizationAutoConfiguration matched:
          - @ConditionalOnClass found required class 'org.springframework.transaction.PlatformTransactionManager' (OnClassCondition)

       TransactionManagerCustomizationAutoConfiguration#platformTransactionManagerCustomizers matched:
          - @ConditionalOnMissingBean (types: org.springframework.boot.autoconfigure.transaction.TransactionManagerCustomizers; SearchStrategy: all) did not find any beans (OnBeanCondition)

       ValidationAutoConfiguration matched:
          - @ConditionalOnClass found required class 'jakarta.validation.executable.ExecutableValidator' (OnClassCondition)
          - @ConditionalOnResource found location classpath:META-INF/services/jakarta.validation.spi.ValidationProvider (OnResourceCondition)

       ValidationAutoConfiguration#defaultValidator matched:
          - @ConditionalOnMissingBean (types: jakarta.validation.Validator; SearchStrategy: all) did not find any beans (OnBeanCondition)

       ValidationAutoConfiguration#methodValidationPostProcessor matched:
          - @ConditionalOnMissingBean (types: org.springframework.validation.beanvalidation.MethodValidationPostProcessor; SearchStrategy: current) did not find any beans (OnBeanCondition)

       WebClientAutoConfiguration matched:
          - @ConditionalOnClass found required class 'org.springframework.web.reactive.function.client.WebClient' (OnClassCondition)

       WebClientAutoConfiguration#webClientBuilder matched:
          - @ConditionalOnMissingBean (types: org.springframework.web.reactive.function.client.WebClient$Builder; SearchStrategy: all) did not find any beans (OnBeanCondition)

       WebClientAutoConfiguration#webClientHttpConnectorCustomizer matched:
          - @ConditionalOnBean (types: org.springframework.http.client.reactive.ClientHttpConnector; SearchStrategy: all) found bean 'clientHttpConnector' (OnBeanCondition)

       WebClientAutoConfiguration#webClientSsl matched:
          - @ConditionalOnBean (types: org.springframework.boot.ssl.SslBundles; SearchStrategy: all) found bean 'sslBundleRegistry'; @ConditionalOnMissingBean (types: org.springframework.boot.autoconfigure.web.reactive.function.client.WebClientSsl; SearchStrategy: all) did not find any beans (OnBeanCondition)

       WebClientAutoConfiguration.WebClientCodecsConfiguration matched:
          - @ConditionalOnBean (types: org.springframework.boot.web.codec.CodecCustomizer; SearchStrategy: all) found beans 'jacksonCodecCustomizer', 'defaultCodecCustomizer' (OnBeanCondition)

       WebClientAutoConfiguration.WebClientCodecsConfiguration#exchangeStrategiesCustomizer matched:
          - @ConditionalOnMissingBean (types: org.springframework.boot.autoconfigure.web.reactive.function.client.WebClientCodecCustomizer; SearchStrategy: all) did not find any beans (OnBeanCondition)

       WebMvcAutoConfiguration matched:
          - @ConditionalOnClass found required classes 'jakarta.servlet.Servlet', 'org.springframework.web.servlet.DispatcherServlet', 'org.springframework.web.servlet.config.annotation.WebMvcConfigurer' (OnClassCondition)
          - found 'session' scope (OnWebApplicationCondition)
          - @ConditionalOnMissingBean (types: org.springframework.web.servlet.config.annotation.WebMvcConfigurationSupport; SearchStrategy: all) did not find any beans (OnBeanCondition)

       WebMvcAutoConfiguration#formContentFilter matched:
          - @ConditionalOnBooleanProperty (spring.mvc.formcontent.filter.enabled=true) matched (OnPropertyCondition)
          - @ConditionalOnMissingBean (types: org.springframework.web.filter.FormContentFilter; SearchStrategy: all) did not find any beans (OnBeanCondition)

       WebMvcAutoConfiguration.EnableWebMvcConfiguration#flashMapManager matched:
          - @ConditionalOnMissingBean (names: flashMapManager; SearchStrategy: all) did not find any beans (OnBeanCondition)

       WebMvcAutoConfiguration.EnableWebMvcConfiguration#localeResolver matched:
          - @ConditionalOnMissingBean (names: localeResolver; SearchStrategy: all) did not find any beans (OnBeanCondition)

       WebMvcAutoConfiguration.EnableWebMvcConfiguration#themeResolver matched:
          - @ConditionalOnMissingBean (names: themeResolver; SearchStrategy: all) did not find any beans (OnBeanCondition)

       WebMvcAutoConfiguration.EnableWebMvcConfiguration#viewNameTranslator matched:
          - @ConditionalOnMissingBean (names: viewNameTranslator; SearchStrategy: all) did not find any beans (OnBeanCondition)

       WebMvcAutoConfiguration.ResourceChainCustomizerConfiguration matched:
          - @ConditionalOnEnabledResourceChain found class org.webjars.WebJarVersionLocator (OnEnabledResourceChainCondition)

       WebMvcAutoConfiguration.WebMvcAutoConfigurationAdapter#defaultViewResolver matched:
          - @ConditionalOnMissingBean (types: org.springframework.web.servlet.view.InternalResourceViewResolver; SearchStrategy: all) did not find any beans (OnBeanCondition)

       WebMvcAutoConfiguration.WebMvcAutoConfigurationAdapter#requestContextFilter matched:
          - @ConditionalOnMissingBean (types: org.springframework.web.context.request.RequestContextListener,org.springframework.web.filter.RequestContextFilter; SearchStrategy: all) did not find any beans (OnBeanCondition)

       WebMvcAutoConfiguration.WebMvcAutoConfigurationAdapter#viewResolver matched:
          - @ConditionalOnBean (types: org.springframework.web.servlet.ViewResolver; SearchStrategy: all) found beans 'defaultViewResolver', 'beanNameViewResolver', 'mvcViewResolver'; @ConditionalOnMissingBean (names: viewResolver types: org.springframework.web.servlet.view.ContentNegotiatingViewResolver; SearchStrategy: all) did not find any beans (OnBeanCondition)

       WebSocketServletAutoConfiguration matched:
          - @ConditionalOnClass found required classes 'jakarta.servlet.Servlet', 'jakarta.websocket.server.ServerContainer' (OnClassCondition)
          - found 'session' scope (OnWebApplicationCondition)

       WebSocketServletAutoConfiguration.TomcatWebSocketConfiguration matched:
          - @ConditionalOnClass found required classes 'org.apache.catalina.startup.Tomcat', 'org.apache.tomcat.websocket.server.WsSci' (OnClassCondition)

       WebSocketServletAutoConfiguration.TomcatWebSocketConfiguration#websocketServletWebServerCustomizer matched:
          - @ConditionalOnMissingBean (names: websocketServletWebServerCustomizer; SearchStrategy: all) did not find any beans (OnBeanCondition)


    Negative matches:
    -----------------

       ActiveMQAutoConfiguration:
          Did not match:
             - @ConditionalOnClass did not find required class 'jakarta.jms.ConnectionFactory' (OnClassCondition)

       AopAutoConfiguration.AspectJAutoProxyingConfiguration.JdkDynamicAutoProxyConfiguration:
          Did not match:
             - @ConditionalOnBooleanProperty (spring.aop.proxy-target-class=false) did not find property 'spring.aop.proxy-target-class' (OnPropertyCondition)

       AopAutoConfiguration.ClassProxyingConfiguration:
          Did not match:
             - @ConditionalOnMissingClass found unwanted class 'org.aspectj.weaver.Advice' (OnClassCondition)

       ArtemisAutoConfiguration:
          Did not match:
             - @ConditionalOnClass did not find required class 'jakarta.jms.ConnectionFactory' (OnClassCondition)

       BatchAutoConfiguration:
          Did not match:
             - @ConditionalOnClass did not find required class 'org.springframework.batch.core.launch.JobLauncher' (OnClassCondition)

       Cache2kCacheConfiguration:
          Did not match:
             - @ConditionalOnClass did not find required class 'org.cache2k.Cache2kBuilder' (OnClassCondition)

       CacheAutoConfiguration:
          Did not match:
             - @ConditionalOnBean (types: org.springframework.cache.interceptor.CacheAspectSupport; SearchStrategy: all) did not find any beans of type org.springframework.cache.interceptor.CacheAspectSupport (OnBeanCondition)
          Matched:
             - @ConditionalOnClass found required class 'org.springframework.cache.CacheManager' (OnClassCondition)

       CacheAutoConfiguration.CacheManagerEntityManagerFactoryDependsOnPostProcessor:
          Did not match:
             - Ancestor org.springframework.boot.autoconfigure.cache.CacheAutoConfiguration did not match (ConditionEvaluationReport.AncestorsMatchedCondition)
          Matched:
             - @ConditionalOnClass found required class 'org.springframework.orm.jpa.LocalContainerEntityManagerFactoryBean' (OnClassCondition)

       CaffeineCacheConfiguration:
          Did not match:
             - @ConditionalOnClass did not find required class 'com.github.benmanes.caffeine.cache.Caffeine' (OnClassCondition)

       CassandraAutoConfiguration:
          Did not match:
             - @ConditionalOnClass did not find required class 'com.datastax.oss.driver.api.core.CqlSession' (OnClassCondition)

       CassandraDataAutoConfiguration:
          Did not match:
             - @ConditionalOnClass did not find required class 'com.datastax.oss.driver.api.core.CqlSession' (OnClassCondition)

       CassandraReactiveDataAutoConfiguration:
          Did not match:
             - @ConditionalOnClass did not find required class 'com.datastax.oss.driver.api.core.CqlSession' (OnClassCondition)

       CassandraReactiveRepositoriesAutoConfiguration:
          Did not match:
             - @ConditionalOnClass did not find required class 'org.springframework.data.cassandra.ReactiveSession' (OnClassCondition)

       CassandraRepositoriesAutoConfiguration:
          Did not match:
             - @ConditionalOnClass did not find required class 'com.datastax.oss.driver.api.core.CqlSession' (OnClassCondition)

       ChatClientAutoConfiguration.TracerNotPresentObservationConfiguration#chatClientCompletionObservationHandler:
          Did not match:
             - @ConditionalOnProperty (spring.ai.chat.client.observations.log-completion=true) did not find property 'log-completion' (OnPropertyCondition)

       ChatClientAutoConfiguration.TracerNotPresentObservationConfiguration#chatClientPromptContentObservationHandler:
          Did not match:
             - @ConditionalOnProperty (spring.ai.chat.client.observations.log-prompt=true) did not find property 'log-prompt' (OnPropertyCondition)

       ChatClientAutoConfiguration.TracerPresentObservationConfiguration:
          Did not match:
             - @ConditionalOnClass did not find required class 'io.micrometer.tracing.Tracer' (OnClassCondition)

       ChatObservationAutoConfiguration#chatModelMeterObservationHandler:
          Did not match:
             - @ConditionalOnBean (types: io.micrometer.core.instrument.MeterRegistry; SearchStrategy: all) did not find any beans of type io.micrometer.core.instrument.MeterRegistry (OnBeanCondition)

       ChatObservationAutoConfiguration.TracerNotPresentObservationConfiguration#chatModelCompletionObservationHandler:
          Did not match:
             - @ConditionalOnProperty (spring.ai.chat.observations.log-completion=true) did not find property 'log-completion' (OnPropertyCondition)

       ChatObservationAutoConfiguration.TracerNotPresentObservationConfiguration#chatModelPromptContentObservationHandler:
          Did not match:
             - @ConditionalOnProperty (spring.ai.chat.observations.log-prompt=true) did not find property 'log-prompt' (OnPropertyCondition)

       ChatObservationAutoConfiguration.TracerPresentObservationConfiguration:
          Did not match:
             - @ConditionalOnClass did not find required class 'io.micrometer.tracing.Tracer' (OnClassCondition)

       CouchbaseAutoConfiguration:
          Did not match:
             - @ConditionalOnClass did not find required class 'com.couchbase.client.java.Cluster' (OnClassCondition)

       CouchbaseCacheConfiguration:
          Did not match:
             - @ConditionalOnClass did not find required class 'com.couchbase.client.java.Cluster' (OnClassCondition)

       CouchbaseDataAutoConfiguration:
          Did not match:
             - @ConditionalOnClass did not find required class 'com.couchbase.client.java.Bucket' (OnClassCondition)

       CouchbaseReactiveDataAutoConfiguration:
          Did not match:
             - @ConditionalOnClass did not find required class 'com.couchbase.client.java.Cluster' (OnClassCondition)

       CouchbaseReactiveRepositoriesAutoConfiguration:
          Did not match:
             - @ConditionalOnClass did not find required class 'com.couchbase.client.java.Cluster' (OnClassCondition)

       CouchbaseRepositoriesAutoConfiguration:
          Did not match:
             - @ConditionalOnClass did not find required class 'com.couchbase.client.java.Bucket' (OnClassCondition)

       DataSourceAutoConfiguration.EmbeddedDatabaseConfiguration:
          Did not match:
             - EmbeddedDataSource spring.datasource.url is set (DataSourceAutoConfiguration.EmbeddedDatabaseCondition)

       DataSourceCheckpointRestoreConfiguration:
          Did not match:
             - @ConditionalOnClass did not find required class 'org.crac.Resource' (OnClassCondition)

       DataSourceConfiguration.Dbcp2:
          Did not match:
             - @ConditionalOnClass did not find required class 'org.apache.commons.dbcp2.BasicDataSource' (OnClassCondition)

       DataSourceConfiguration.Generic:
          Did not match:
             - @ConditionalOnProperty (spring.datasource.type) did not find property 'spring.datasource.type' (OnPropertyCondition)

       DataSourceConfiguration.OracleUcp:
          Did not match:
             - @ConditionalOnClass did not find required classes 'oracle.ucp.jdbc.PoolDataSourceImpl', 'oracle.jdbc.OracleConnection' (OnClassCondition)

       DataSourceConfiguration.Tomcat:
          Did not match:
             - @ConditionalOnClass did not find required class 'org.apache.tomcat.jdbc.pool.DataSource' (OnClassCondition)

       DataSourceJmxConfiguration:
          Did not match:
             - @ConditionalOnBooleanProperty (spring.jmx.enabled=true) found different value in property 'spring.jmx.enabled' (OnPropertyCondition)

       DataSourcePoolMetadataProvidersConfiguration.CommonsDbcp2PoolDataSourceMetadataProviderConfiguration:
          Did not match:
             - @ConditionalOnClass did not find required class 'org.apache.commons.dbcp2.BasicDataSource' (OnClassCondition)

       DataSourcePoolMetadataProvidersConfiguration.OracleUcpPoolDataSourceMetadataProviderConfiguration:
          Did not match:
             - @ConditionalOnClass did not find required classes 'oracle.ucp.jdbc.PoolDataSource', 'oracle.jdbc.OracleConnection' (OnClassCondition)

       DataSourcePoolMetadataProvidersConfiguration.TomcatDataSourcePoolMetadataProviderConfiguration:
          Did not match:
             - @ConditionalOnClass did not find required class 'org.apache.tomcat.jdbc.pool.DataSource' (OnClassCondition)

       DataSourceTransactionManagerAutoConfiguration.JdbcTransactionManagerConfiguration#transactionManager:
          Did not match:
             - @ConditionalOnMissingBean (types: org.springframework.transaction.TransactionManager; SearchStrategy: all) found beans of type 'org.springframework.transaction.TransactionManager' transactionManager (OnBeanCondition)

       DispatcherServletAutoConfiguration.DispatcherServletConfiguration#multipartResolver:
          Did not match:
             - @ConditionalOnBean (types: org.springframework.web.multipart.MultipartResolver; SearchStrategy: all) did not find any beans of type org.springframework.web.multipart.MultipartResolver (OnBeanCondition)

       ElasticsearchClientAutoConfiguration:
          Did not match:
             - @ConditionalOnClass did not find required class 'co.elastic.clients.elasticsearch.ElasticsearchClient' (OnClassCondition)

       ElasticsearchDataAutoConfiguration:
          Did not match:
             - @ConditionalOnClass did not find required class 'org.springframework.data.elasticsearch.client.elc.ElasticsearchTemplate' (OnClassCondition)

       ElasticsearchRepositoriesAutoConfiguration:
          Did not match:
             - @ConditionalOnClass did not find required class 'org.springframework.data.elasticsearch.repository.ElasticsearchRepository' (OnClassCondition)

       ElasticsearchRestClientAutoConfiguration:
          Did not match:
             - @ConditionalOnClass did not find required class 'org.elasticsearch.client.RestClientBuilder' (OnClassCondition)

       EmbeddedLdapAutoConfiguration:
          Did not match:
             - @ConditionalOnClass did not find required class 'com.unboundid.ldap.listener.InMemoryDirectoryServer' (OnClassCondition)

       EmbeddedWebServerFactoryCustomizerAutoConfiguration:
          Did not match:
             - Application is deployed as a WAR file. (OnWarDeploymentCondition)
          Matched:
             - @ConditionalOnWebApplication (required) found 'session' scope (OnWebApplicationCondition)

       EmbeddingObservationAutoConfiguration#embeddingModelMeterObservationHandler:
          Did not match:
             - @ConditionalOnBean (types: io.micrometer.core.instrument.MeterRegistry; SearchStrategy: all) did not find any beans of type io.micrometer.core.instrument.MeterRegistry (OnBeanCondition)

       ErrorWebFluxAutoConfiguration:
          Did not match:
             - not a reactive web application (OnWebApplicationCondition)
          Matched:
             - @ConditionalOnClass found required class 'org.springframework.web.reactive.config.WebFluxConfigurer' (OnClassCondition)

       FlywayAutoConfiguration.FlywayConfiguration.OracleConfiguration:
          Did not match:
             - @ConditionalOnClass did not find required class 'org.flywaydb.database.oracle.OracleConfigurationExtension' (OnClassCondition)

       FlywayAutoConfiguration.FlywayConfiguration.PostgresqlConfiguration:
          Did not match:
             - @ConditionalOnClass did not find required class 'org.flywaydb.database.postgresql.PostgreSQLConfigurationExtension' (OnClassCondition)

       FlywayAutoConfiguration.FlywayConfiguration.SqlServerConfiguration:
          Did not match:
             - @ConditionalOnClass did not find required class 'org.flywaydb.database.sqlserver.SQLServerConfigurationExtension' (OnClassCondition)

       FreeMarkerAutoConfiguration:
          Did not match:
             - @ConditionalOnClass did not find required class 'freemarker.template.Configuration' (OnClassCondition)

       GoogleGenAiChatAutoConfiguration#googleGenAiCachedContentService:
          Did not match:
             - CachedContentService error checking condition: Error creating bean with name 'googleGenAiChatModel' defined in class path resource [org/springframework/ai/model/google/genai/autoconfigure/chat/GoogleGenAiChatAutoConfiguration.class]: Unsatisfied dependency expressed through method 'googleGenAiChatModel' parameter 0: Error creating bean with name 'googleGenAiClient' defined in class path resource [org/springframework/ai/model/google/genai/autoconfigure/chat/GoogleGenAiChatAutoConfiguration.class]: Unsatisfied dependency expressed through method 'googleGenAiClient' parameter 0: No qualifying bean of type 'org.springframework.ai.model.google.genai.autoconfigure.chat.GoogleGenAiConnectionProperties' available: expected at least 1 bean which qualifies as autowire candidate. Dependency annotations: {} (CachedContentServiceCondition)
          Matched:
             - @ConditionalOnProperty (spring.ai.google.genai.chat.enable-cached-content=true) matched (OnPropertyCondition)

       GoogleGenAiEmbeddingConnectionAutoConfiguration:
          Did not match:
             - @ConditionalOnClass did not find required class 'org.springframework.ai.google.genai.GoogleGenAiEmbeddingConnectionDetails' (OnClassCondition)

       GoogleGenAiTextEmbeddingAutoConfiguration:
          Did not match:
             - @ConditionalOnClass did not find required class 'org.springframework.ai.google.genai.text.GoogleGenAiTextEmbeddingModel' (OnClassCondition)

       GraphQlAutoConfiguration:
          Did not match:
             - @ConditionalOnClass did not find required class 'graphql.GraphQL' (OnClassCondition)

       GraphQlQueryByExampleAutoConfiguration:
          Did not match:
             - @ConditionalOnClass did not find required class 'graphql.GraphQL' (OnClassCondition)

       GraphQlQuerydslAutoConfiguration:
          Did not match:
             - @ConditionalOnClass did not find required class 'com.querydsl.core.Query' (OnClassCondition)

       GraphQlRSocketAutoConfiguration:
          Did not match:
             - @ConditionalOnClass did not find required class 'graphql.GraphQL' (OnClassCondition)

       GraphQlReactiveQueryByExampleAutoConfiguration:
          Did not match:
             - @ConditionalOnClass did not find required class 'graphql.GraphQL' (OnClassCondition)

       GraphQlReactiveQuerydslAutoConfiguration:
          Did not match:
             - @ConditionalOnClass did not find required class 'com.querydsl.core.Query' (OnClassCondition)

       GraphQlWebFluxAutoConfiguration:
          Did not match:
             - @ConditionalOnClass did not find required class 'graphql.GraphQL' (OnClassCondition)

       GraphQlWebFluxSecurityAutoConfiguration:
          Did not match:
             - @ConditionalOnClass did not find required class 'graphql.GraphQL' (OnClassCondition)

       GraphQlWebMvcAutoConfiguration:
          Did not match:
             - @ConditionalOnClass did not find required class 'graphql.GraphQL' (OnClassCondition)

       GraphQlWebMvcSecurityAutoConfiguration:
          Did not match:
             - @ConditionalOnClass did not find required class 'graphql.GraphQL' (OnClassCondition)

       GroovyTemplateAutoConfiguration:
          Did not match:
             - @ConditionalOnClass did not find required class 'groovy.text.markup.MarkupTemplateEngine' (OnClassCondition)

       GsonHttpMessageConvertersConfiguration.GsonHttpMessageConverterConfiguration:
          Did not match:
             - AnyNestedCondition 0 matched 2 did not; NestedCondition on GsonHttpMessageConvertersConfiguration.PreferGsonOrJacksonAndJsonbUnavailableCondition.JacksonJsonbUnavailable NoneNestedConditions 1 matched 1 did not; NestedCondition on GsonHttpMessageConvertersConfiguration.JacksonAndJsonbUnavailableCondition.JsonbPreferred @ConditionalOnPreferredJsonMapper JSONB no property was configured and Jackson is the default; NestedCondition on GsonHttpMessageConvertersConfiguration.JacksonAndJsonbUnavailableCondition.JacksonAvailable @ConditionalOnBean (types: org.springframework.http.converter.json.MappingJackson2HttpMessageConverter; SearchStrategy: all) found bean 'mappingJackson2HttpMessageConverter'; NestedCondition on GsonHttpMessageConvertersConfiguration.PreferGsonOrJacksonAndJsonbUnavailableCondition.GsonPreferred @ConditionalOnPreferredJsonMapper GSON no property was configured and Jackson is the default (GsonHttpMessageConvertersConfiguration.PreferGsonOrJacksonAndJsonbUnavailableCondition)

       H2ConsoleAutoConfiguration:
          Did not match:
             - @ConditionalOnClass did not find required class 'org.h2.server.web.JakartaWebServlet' (OnClassCondition)

       HazelcastAutoConfiguration:
          Did not match:
             - @ConditionalOnClass did not find required class 'com.hazelcast.core.HazelcastInstance' (OnClassCondition)

       HazelcastCacheConfiguration:
          Did not match:
             - @ConditionalOnClass did not find required class 'com.hazelcast.core.HazelcastInstance' (OnClassCondition)

       HazelcastJpaDependencyAutoConfiguration:
          Did not match:
             - @ConditionalOnClass did not find required class 'com.hazelcast.core.HazelcastInstance' (OnClassCondition)

       HttpHandlerAutoConfiguration:
          Did not match:
             - not a reactive web application (OnWebApplicationCondition)
          Matched:
             - @ConditionalOnClass found required classes 'org.springframework.web.reactive.DispatcherHandler', 'org.springframework.http.server.reactive.HttpHandler' (OnClassCondition)

       HypermediaAutoConfiguration:
          Did not match:
             - @ConditionalOnClass did not find required class 'org.springframework.hateoas.EntityModel' (OnClassCondition)

       InfinispanCacheConfiguration:
          Did not match:
             - @ConditionalOnClass did not find required class 'org.infinispan.spring.embedded.provider.SpringEmbeddedCacheManager' (OnClassCondition)

       IntegrationAutoConfiguration:
          Did not match:
             - @ConditionalOnClass did not find required class 'org.springframework.integration.config.EnableIntegration' (OnClassCondition)

       JCacheCacheConfiguration:
          Did not match:
             - @ConditionalOnClass did not find required class 'javax.cache.Caching' (OnClassCondition)

       JacksonHttpMessageConvertersConfiguration.MappingJackson2XmlHttpMessageConverterConfiguration:
          Did not match:
             - @ConditionalOnClass did not find required class 'com.fasterxml.jackson.dataformat.xml.XmlMapper' (OnClassCondition)

       JdbcRepositoriesAutoConfiguration:
          Did not match:
             - @ConditionalOnClass did not find required class 'org.springframework.data.jdbc.repository.config.AbstractJdbcConfiguration' (OnClassCondition)

       JerseyAutoConfiguration:
          Did not match:
             - @ConditionalOnClass did not find required class 'org.glassfish.jersey.server.spring.SpringComponentProvider' (OnClassCondition)

       JmsAutoConfiguration:
          Did not match:
             - @ConditionalOnClass did not find required class 'jakarta.jms.Message' (OnClassCondition)

       JmxAutoConfiguration:
          Did not match:
             - @ConditionalOnBooleanProperty (spring.jmx.enabled=true) found different value in property 'spring.jmx.enabled' (OnPropertyCondition)
          Matched:
             - @ConditionalOnClass found required class 'org.springframework.jmx.export.MBeanExporter' (OnClassCondition)

       JndiConnectionFactoryAutoConfiguration:
          Did not match:
             - @ConditionalOnClass did not find required class 'org.springframework.jms.core.JmsTemplate' (OnClassCondition)

       JndiDataSourceAutoConfiguration:
          Did not match:
             - @ConditionalOnProperty (spring.datasource.jndi-name) did not find property 'spring.datasource.jndi-name' (OnPropertyCondition)
          Matched:
             - @ConditionalOnClass found required classes 'javax.sql.DataSource', 'org.springframework.jdbc.datasource.embedded.EmbeddedDatabaseType' (OnClassCondition)

       JndiJtaConfiguration:
          Did not match:
             - @ConditionalOnJndi JNDI environment is not available (OnJndiCondition)
          Matched:
             - @ConditionalOnClass found required class 'org.springframework.transaction.jta.JtaTransactionManager' (OnClassCondition)

       JooqAutoConfiguration:
          Did not match:
             - @ConditionalOnClass did not find required class 'org.jooq.DSLContext' (OnClassCondition)

       JpaRepositoriesAutoConfiguration#entityManagerFactoryBootstrapExecutorCustomizer:
          Did not match:
             - AnyNestedCondition 0 matched 2 did not; NestedCondition on JpaRepositoriesAutoConfiguration.BootstrapExecutorCondition.LazyBootstrapMode @ConditionalOnProperty (spring.data.jpa.repositories.bootstrap-mode=lazy) did not find property 'spring.data.jpa.repositories.bootstrap-mode'; NestedCondition on JpaRepositoriesAutoConfiguration.BootstrapExecutorCondition.DeferredBootstrapMode @ConditionalOnProperty (spring.data.jpa.repositories.bootstrap-mode=deferred) did not find property 'spring.data.jpa.repositories.bootstrap-mode' (JpaRepositoriesAutoConfiguration.BootstrapExecutorCondition)

       JsonbAutoConfiguration:
          Did not match:
             - @ConditionalOnClass did not find required class 'jakarta.json.bind.Jsonb' (OnClassCondition)

       JsonbHttpMessageConvertersConfiguration:
          Did not match:
             - @ConditionalOnClass did not find required class 'jakarta.json.bind.Jsonb' (OnClassCondition)

       KafkaAutoConfiguration:
          Did not match:
             - @ConditionalOnClass did not find required class 'org.springframework.kafka.core.KafkaTemplate' (OnClassCondition)

       LdapAutoConfiguration:
          Did not match:
             - @ConditionalOnClass did not find required class 'org.springframework.ldap.core.ContextSource' (OnClassCondition)

       LdapRepositoriesAutoConfiguration:
          Did not match:
             - @ConditionalOnClass did not find required class 'org.springframework.data.ldap.repository.LdapRepository' (OnClassCondition)

       LiquibaseAutoConfiguration:
          Did not match:
             - @ConditionalOnClass did not find required class 'liquibase.change.DatabaseChange' (OnClassCondition)

       MailSenderAutoConfiguration:
          Did not match:
             - @ConditionalOnClass did not find required class 'jakarta.mail.internet.MimeMessage' (OnClassCondition)

       MailSenderValidatorAutoConfiguration:
          Did not match:
             - @ConditionalOnBooleanProperty (spring.mail.test-connection=true) did not find property 'spring.mail.test-connection' (OnPropertyCondition)

       MessageSourceAutoConfiguration:
          Did not match:
             - ResourceBundle did not find bundle with basename messages (MessageSourceAutoConfiguration.ResourceBundleCondition)

       MongoAutoConfiguration:
          Did not match:
             - @ConditionalOnClass did not find required class 'com.mongodb.client.MongoClient' (OnClassCondition)

       MongoDataAutoConfiguration:
          Did not match:
             - @ConditionalOnClass did not find required class 'com.mongodb.client.MongoClient' (OnClassCondition)

       MongoReactiveAutoConfiguration:
          Did not match:
             - @ConditionalOnClass did not find required class 'com.mongodb.reactivestreams.client.MongoClient' (OnClassCondition)

       MongoReactiveDataAutoConfiguration:
          Did not match:
             - @ConditionalOnClass did not find required class 'com.mongodb.reactivestreams.client.MongoClient' (OnClassCondition)

       MongoReactiveRepositoriesAutoConfiguration:
          Did not match:
             - @ConditionalOnClass did not find required class 'com.mongodb.reactivestreams.client.MongoClient' (OnClassCondition)

       MongoRepositoriesAutoConfiguration:
          Did not match:
             - @ConditionalOnClass did not find required class 'com.mongodb.client.MongoClient' (OnClassCondition)

       MultipleOpenApiSupportConfiguration:
          Did not match:
             - AnyNestedCondition 0 matched 2 did not; NestedCondition on MultipleOpenApiSupportCondition.OnActuatorDifferentPort @ConditionalOnProperty (springdoc.show-actuator) did not find property 'springdoc.show-actuator'; NestedCondition on MultipleOpenApiSupportCondition.OnMultipleOpenApiSupportCondition AnyNestedCondition 0 matched 3 did not; NestedCondition on MultipleOpenApiGroupsCondition.OnListGroupedOpenApiBean @ConditionalOnBean (types: org.springdoc.core.models.GroupedOpenApi; SearchStrategy: all) did not find any beans of type org.springdoc.core.models.GroupedOpenApi; NestedCondition on MultipleOpenApiGroupsCondition.OnGroupConfigProperty @ConditionalOnProperty (springdoc.group-configs[0].group) did not find property 'springdoc.group-configs[0].group'; NestedCondition on MultipleOpenApiGroupsCondition.OnGroupedOpenApiBean @ConditionalOnBean (types: org.springdoc.core.models.GroupedOpenApi; SearchStrategy: all) did not find any beans of type org.springdoc.core.models.GroupedOpenApi (MultipleOpenApiSupportCondition)
          Matched:
             - found 'session' scope (OnWebApplicationCondition)
             - @ConditionalOnProperty (springdoc.api-docs.enabled) matched (OnPropertyCondition)

       MultipleOpenApiSupportConfiguration.SpringDocWebMvcActuatorDifferentConfiguration:
          Did not match:
             - @ConditionalOnClass did not find required class 'org.springframework.boot.actuate.endpoint.web.servlet.WebMvcEndpointHandlerMapping' (OnClassCondition)
             - Ancestor org.springdoc.webmvc.core.configuration.MultipleOpenApiSupportConfiguration did not match (ConditionEvaluationReport.AncestorsMatchedCondition)

       MustacheReactiveWebConfiguration:
          Did not match:
             - not a reactive web application (OnWebApplicationCondition)

       Neo4jAutoConfiguration:
          Did not match:
             - @ConditionalOnClass did not find required class 'org.neo4j.driver.Driver' (OnClassCondition)

       Neo4jDataAutoConfiguration:
          Did not match:
             - @ConditionalOnClass did not find required class 'org.neo4j.driver.Driver' (OnClassCondition)

       Neo4jReactiveDataAutoConfiguration:
          Did not match:
             - @ConditionalOnClass did not find required class 'org.neo4j.driver.Driver' (OnClassCondition)

       Neo4jReactiveRepositoriesAutoConfiguration:
          Did not match:
             - @ConditionalOnClass did not find required class 'org.neo4j.driver.Driver' (OnClassCondition)

       Neo4jRepositoriesAutoConfiguration:
          Did not match:
             - @ConditionalOnClass did not find required class 'org.neo4j.driver.Driver' (OnClassCondition)

       OAuth2AuthorizationServerAutoConfiguration:
          Did not match:
             - @ConditionalOnClass did not find required class 'org.springframework.security.oauth2.server.authorization.OAuth2Authorization' (OnClassCondition)

       OAuth2AuthorizationServerJwtAutoConfiguration:
          Did not match:
             - @ConditionalOnClass did not find required class 'com.nimbusds.jose.jwk.source.JWKSource' (OnClassCondition)

       OAuth2ClientAutoConfiguration:
          Did not match:
             - @ConditionalOnClass did not find required class 'org.springframework.security.oauth2.client.registration.ClientRegistration' (OnClassCondition)

       OAuth2ClientWebSecurityAutoConfiguration:
          Did not match:
             - @ConditionalOnClass did not find required class 'org.springframework.security.config.annotation.web.configuration.EnableWebSecurity' (OnClassCondition)

       OAuth2ResourceServerAutoConfiguration:
          Did not match:
             - @ConditionalOnClass did not find required class 'org.springframework.security.oauth2.server.resource.authentication.BearerTokenAuthenticationToken' (OnClassCondition)

       ProjectInfoAutoConfiguration#buildProperties:
          Did not match:
             - @ConditionalOnResource did not find resource '${spring.info.build.location:classpath:META-INF/build-info.properties}' (OnResourceCondition)

       ProjectInfoAutoConfiguration#gitProperties:
          Did not match:
             - GitResource did not find git info at classpath:git.properties (ProjectInfoAutoConfiguration.GitResourceAvailableCondition)

       PulsarAutoConfiguration:
          Did not match:
             - @ConditionalOnClass did not find required class 'org.apache.pulsar.client.api.PulsarClient' (OnClassCondition)

       PulsarReactiveAutoConfiguration:
          Did not match:
             - @ConditionalOnClass did not find required class 'org.apache.pulsar.client.api.PulsarClient' (OnClassCondition)

       QuartzAutoConfiguration:
          Did not match:
             - @ConditionalOnClass did not find required class 'org.quartz.Scheduler' (OnClassCondition)

       R2dbcAutoConfiguration:
          Did not match:
             - @ConditionalOnClass did not find required class 'io.r2dbc.spi.ConnectionFactory' (OnClassCondition)

       R2dbcDataAutoConfiguration:
          Did not match:
             - @ConditionalOnClass did not find required class 'org.springframework.data.r2dbc.core.R2dbcEntityTemplate' (OnClassCondition)

       R2dbcInitializationConfiguration:
          Did not match:
             - @ConditionalOnClass did not find required classes 'io.r2dbc.spi.ConnectionFactory', 'org.springframework.r2dbc.connection.init.DatabasePopulator' (OnClassCondition)

       R2dbcProxyAutoConfiguration:
          Did not match:
             - @ConditionalOnClass did not find required class 'io.r2dbc.proxy.ProxyConnectionFactory' (OnClassCondition)

       R2dbcRepositoriesAutoConfiguration:
          Did not match:
             - @ConditionalOnClass did not find required class 'io.r2dbc.spi.ConnectionFactory' (OnClassCondition)

       R2dbcTransactionManagerAutoConfiguration:
          Did not match:
             - @ConditionalOnClass did not find required class 'org.springframework.r2dbc.connection.R2dbcTransactionManager' (OnClassCondition)

       RSocketGraphQlClientAutoConfiguration:
          Did not match:
             - @ConditionalOnClass did not find required class 'graphql.GraphQL' (OnClassCondition)

       RSocketMessagingAutoConfiguration:
          Did not match:
             - @ConditionalOnClass did not find required class 'io.rsocket.RSocket' (OnClassCondition)

       RSocketRequesterAutoConfiguration:
          Did not match:
             - @ConditionalOnClass did not find required class 'io.rsocket.RSocket' (OnClassCondition)

       RSocketSecurityAutoConfiguration:
          Did not match:
             - @ConditionalOnClass did not find required class 'org.springframework.security.rsocket.core.SecuritySocketAcceptorInterceptor' (OnClassCondition)

       RSocketServerAutoConfiguration:
          Did not match:
             - @ConditionalOnClass did not find required class 'io.rsocket.core.RSocketServer' (OnClassCondition)

       RSocketStrategiesAutoConfiguration:
          Did not match:
             - @ConditionalOnClass did not find required class 'io.rsocket.RSocket' (OnClassCondition)

       RabbitAutoConfiguration:
          Did not match:
             - @ConditionalOnClass did not find required class 'com.rabbitmq.client.Channel' (OnClassCondition)

       ReactiveElasticsearchClientAutoConfiguration:
          Did not match:
             - @ConditionalOnClass did not find required class 'co.elastic.clients.transport.ElasticsearchTransport' (OnClassCondition)

       ReactiveElasticsearchRepositoriesAutoConfiguration:
          Did not match:
             - @ConditionalOnClass did not find required class 'org.springframework.data.elasticsearch.client.elc.ReactiveElasticsearchClient' (OnClassCondition)

       ReactiveMultipartAutoConfiguration:
          Did not match:
             - not a reactive web application (OnWebApplicationCondition)
          Matched:
             - @ConditionalOnClass found required classes 'org.springframework.http.codec.multipart.DefaultPartHttpMessageReader', 'org.springframework.web.reactive.config.WebFluxConfigurer' (OnClassCondition)

       ReactiveOAuth2ClientAutoConfiguration:
          Did not match:
             - @ConditionalOnClass did not find required class 'org.springframework.security.oauth2.client.registration.ClientRegistration' (OnClassCondition)

       ReactiveOAuth2ClientWebSecurityAutoConfiguration:
          Did not match:
             - @ConditionalOnClass did not find required class 'org.springframework.security.config.annotation.web.reactive.EnableWebFluxSecurity' (OnClassCondition)

       ReactiveOAuth2ResourceServerAutoConfiguration:
          Did not match:
             - @ConditionalOnClass did not find required class 'org.springframework.security.config.annotation.web.reactive.EnableWebFluxSecurity' (OnClassCondition)

       ReactiveSecurityAutoConfiguration:
          Did not match:
             - @ConditionalOnClass did not find required class 'org.springframework.security.config.annotation.web.reactive.EnableWebFluxSecurity' (OnClassCondition)

       ReactiveUserDetailsServiceAutoConfiguration:
          Did not match:
             - @ConditionalOnClass did not find required class 'org.springframework.security.authentication.ReactiveAuthenticationManager' (OnClassCondition)

       ReactiveWebServerFactoryAutoConfiguration:
          Did not match:
             - not a reactive web application (OnWebApplicationCondition)
          Matched:
             - @ConditionalOnClass found required class 'org.springframework.http.ReactiveHttpInputMessage' (OnClassCondition)

       RedisAutoConfiguration:
          Did not match:
             - @ConditionalOnClass did not find required class 'org.springframework.data.redis.core.RedisOperations' (OnClassCondition)

       RedisCacheConfiguration:
          Did not match:
             - @ConditionalOnClass did not find required class 'org.springframework.data.redis.connection.RedisConnectionFactory' (OnClassCondition)

       RedisReactiveAutoConfiguration:
          Did not match:
             - @ConditionalOnClass did not find required class 'org.springframework.data.redis.connection.ReactiveRedisConnectionFactory' (OnClassCondition)

       RedisRepositoriesAutoConfiguration:
          Did not match:
             - @ConditionalOnClass did not find required class 'org.springframework.data.redis.repository.configuration.EnableRedisRepositories' (OnClassCondition)

       RepositoryRestMvcAutoConfiguration:
          Did not match:
             - @ConditionalOnClass did not find required class 'org.springframework.data.rest.webmvc.config.RepositoryRestMvcConfiguration' (OnClassCondition)

       Saml2RelyingPartyAutoConfiguration:
          Did not match:
             - @ConditionalOnClass did not find required class 'org.springframework.security.saml2.provider.service.registration.RelyingPartyRegistrationRepository' (OnClassCondition)

       SecurityAutoConfiguration:
          Did not match:
             - @ConditionalOnClass did not find required class 'org.springframework.security.authentication.DefaultAuthenticationEventPublisher' (OnClassCondition)

       SecurityFilterAutoConfiguration:
          Did not match:
             - @ConditionalOnClass did not find required class 'org.springframework.security.config.http.SessionCreationPolicy' (OnClassCondition)

       SendGridAutoConfiguration:
          Did not match:
             - @ConditionalOnClass did not find required class 'com.sendgrid.SendGrid' (OnClassCondition)

       ServletWebServerFactoryAutoConfiguration.ForwardedHeaderFilterConfiguration:
          Did not match:
             - @ConditionalOnProperty (server.forward-headers-strategy=framework) did not find property 'server.forward-headers-strategy' (OnPropertyCondition)

       ServletWebServerFactoryConfiguration.EmbeddedJetty:
          Did not match:
             - @ConditionalOnClass did not find required classes 'org.eclipse.jetty.server.Server', 'org.eclipse.jetty.util.Loader', 'org.eclipse.jetty.ee10.webapp.WebAppContext' (OnClassCondition)

       ServletWebServerFactoryConfiguration.EmbeddedUndertow:
          Did not match:
             - @ConditionalOnClass did not find required classes 'io.undertow.Undertow', 'org.xnio.SslClientAuthMode' (OnClassCondition)

       SessionAutoConfiguration:
          Did not match:
             - @ConditionalOnClass did not find required class 'org.springframework.session.Session' (OnClassCondition)

       SpringApplicationAdminJmxAutoConfiguration:
          Did not match:
             - @ConditionalOnBooleanProperty (spring.application.admin.enabled=true) did not find property 'spring.application.admin.enabled' (OnPropertyCondition)

       SpringDocConfiguration#propertiesResolverForSchema:
          Did not match:
             - @ConditionalOnProperty (springdoc.api-docs.resolve-schema-properties) did not find property 'springdoc.api-docs.resolve-schema-properties' (OnPropertyCondition)

       SpringDocConfiguration#propertyCustomizingConverter:
          Did not match:
             - @ConditionalOnBean (types: org.springdoc.core.customizers.PropertyCustomizer; SearchStrategy: all) did not find any beans of type org.springdoc.core.customizers.PropertyCustomizer (OnBeanCondition)

       SpringDocConfiguration#springdocBeanFactoryPostProcessor:
          Did not match:
             - AnyNestedCondition 0 matched 2 did not; NestedCondition on CacheOrGroupedOpenApiCondition.OnCacheDisabled found non-matching nested conditions @ConditionalOnProperty (springdoc.cache.disabled) did not find property 'springdoc.cache.disabled'; NestedCondition on CacheOrGroupedOpenApiCondition.OnMultipleOpenApiSupportCondition AnyNestedCondition 0 matched 2 did not; NestedCondition on MultipleOpenApiSupportCondition.OnActuatorDifferentPort @ConditionalOnProperty (springdoc.show-actuator) did not find property 'springdoc.show-actuator'; NestedCondition on MultipleOpenApiSupportCondition.OnMultipleOpenApiSupportCondition AnyNestedCondition 0 matched 3 did not; NestedCondition on MultipleOpenApiGroupsCondition.OnListGroupedOpenApiBean @ConditionalOnBean (types: org.springdoc.core.models.GroupedOpenApi; SearchStrategy: all) did not find any beans of type org.springdoc.core.models.GroupedOpenApi; NestedCondition on MultipleOpenApiGroupsCondition.OnGroupConfigProperty @ConditionalOnProperty (springdoc.group-configs[0].group) did not find property 'springdoc.group-configs[0].group'; NestedCondition on MultipleOpenApiGroupsCondition.OnGroupedOpenApiBean @ConditionalOnBean (types: org.springdoc.core.models.GroupedOpenApi; SearchStrategy: all) did not find any beans of type org.springdoc.core.models.GroupedOpenApi (CacheOrGroupedOpenApiCondition)
          Matched:
             - @ConditionalOnClass found required class 'org.springframework.boot.context.properties.bind.BindResult' (OnClassCondition)

       SpringDocConfiguration#springdocBeanFactoryPostProcessor2:
          Did not match:
             - @ConditionalOnMissingClass found unwanted class 'org.springframework.boot.context.properties.bind.BindResult' (OnClassCondition)

       SpringDocConfiguration.SpringDocActuatorConfiguration:
          Did not match:
             - @ConditionalOnClass did not find required class 'org.springframework.boot.actuate.autoconfigure.endpoint.web.WebEndpointProperties' (OnClassCondition)

       SpringDocConfiguration.SpringDocRepositoryRestConfiguration:
          Did not match:
             - @ConditionalOnClass did not find required class 'org.springframework.data.rest.core.config.RepositoryRestConfiguration' (OnClassCondition)

       SpringDocDataRestConfiguration:
          Did not match:
             - @ConditionalOnClass did not find required class 'org.springframework.data.rest.core.config.RepositoryRestConfiguration' (OnClassCondition)

       SpringDocFunctionCatalogConfiguration:
          Did not match:
             - @ConditionalOnClass did not find required class 'org.springframework.cloud.function.web.function.FunctionEndpointInitializer' (OnClassCondition)

       SpringDocGroovyConfiguration:
          Did not match:
             - @ConditionalOnClass did not find required class 'groovy.lang.MetaClass' (OnClassCondition)

       SpringDocHateoasConfiguration:
          Did not match:
             - @ConditionalOnClass did not find required class 'org.springframework.hateoas.server.LinkRelationProvider' (OnClassCondition)

       SpringDocJacksonKotlinModuleConfiguration:
          Did not match:
             - @ConditionalOnClass did not find required class 'com.fasterxml.jackson.module.kotlin.KotlinModule' (OnClassCondition)

       SpringDocJavadocConfiguration:
          Did not match:
             - @ConditionalOnClass did not find required class 'com.github.therapi.runtimejavadoc.CommentFormatter' (OnClassCondition)

       SpringDocKotlinConfiguration.KotlinReflectDependingConfiguration:
          Did not match:
             - @ConditionalOnClass did not find required class 'kotlin.reflect.full.KClasses' (OnClassCondition)

       SpringDocKotlinxConfiguration:
          Did not match:
             - @ConditionalOnClass did not find required class 'kotlinx.coroutines.flow.Flow' (OnClassCondition)

       SpringDocSecurityConfiguration:
          Did not match:
             - @ConditionalOnClass did not find required class 'org.springframework.security.web.SecurityFilterChain' (OnClassCondition)

       SpringDocSortConfiguration#dataRestDelegatingMethodParameterCustomizer:
          Did not match:
             - @ConditionalOnMissingBean (types: org.springdoc.core.customizers.DataRestDelegatingMethodParameterCustomizer; SearchStrategy: all) found beans of type 'org.springdoc.core.customizers.DataRestDelegatingMethodParameterCustomizer' dataRestDelegatingMethodParameterCustomizer (OnBeanCondition)

       SpringDocWebMvcConfiguration.SpringDocWebMvcActuatorConfiguration:
          Did not match:
             - @ConditionalOnClass did not find required class 'org.springframework.boot.actuate.endpoint.web.servlet.WebMvcEndpointHandlerMapping' (OnClassCondition)

       SwaggerConfig#springWebProvider:
          Did not match:
             - @ConditionalOnMissingBean (types: org.springdoc.core.providers.SpringWebProvider; SearchStrategy: all) found beans of type 'org.springdoc.core.providers.SpringWebProvider' springWebProvider (OnBeanCondition)

       SwaggerConfig#swaggerUiHome:
          Did not match:
             - @ConditionalOnProperty (springdoc.swagger-ui.use-root-path=true) did not find property 'springdoc.swagger-ui.use-root-path' (OnPropertyCondition)

       SwaggerConfig.SwaggerActuatorWelcomeConfiguration:
          Did not match:
             - @ConditionalOnClass did not find required class 'org.springframework.boot.actuate.endpoint.web.servlet.WebMvcEndpointHandlerMapping' (OnClassCondition)

       TaskExecutorConfigurations.SimpleAsyncTaskExecutorBuilderConfiguration#simpleAsyncTaskExecutorBuilderVirtualThreads:
          Did not match:
             - @ConditionalOnMissingBean (types: org.springframework.boot.task.SimpleAsyncTaskExecutorBuilder; SearchStrategy: all) found beans of type 'org.springframework.boot.task.SimpleAsyncTaskExecutorBuilder' simpleAsyncTaskExecutorBuilder (OnBeanCondition)

       TaskExecutorConfigurations.TaskExecutorConfiguration#applicationTaskExecutorVirtualThreads:
          Did not match:
             - @ConditionalOnThreading did not find VIRTUAL (OnThreadingCondition)

       TaskSchedulingAutoConfiguration#scheduledBeanLazyInitializationExcludeFilter:
          Did not match:
             - @ConditionalOnBean (names: org.springframework.context.annotation.internalScheduledAnnotationProcessor; SearchStrategy: all) did not find any beans named org.springframework.context.annotation.internalScheduledAnnotationProcessor (OnBeanCondition)

       TaskSchedulingConfigurations.SimpleAsyncTaskSchedulerBuilderConfiguration#simpleAsyncTaskSchedulerBuilderVirtualThreads:
          Did not match:
             - @ConditionalOnMissingBean (types: org.springframework.boot.task.SimpleAsyncTaskSchedulerBuilder; SearchStrategy: all) found beans of type 'org.springframework.boot.task.SimpleAsyncTaskSchedulerBuilder' simpleAsyncTaskSchedulerBuilder (OnBeanCondition)

       TaskSchedulingConfigurations.TaskSchedulerConfiguration:
          Did not match:
             - @ConditionalOnBean (names: org.springframework.context.annotation.internalScheduledAnnotationProcessor; SearchStrategy: all) did not find any beans named org.springframework.context.annotation.internalScheduledAnnotationProcessor (OnBeanCondition)

       TemplateEngineConfigurations.ReactiveTemplateEngineConfiguration:
          Did not match:
             - not a reactive web application (OnWebApplicationCondition)

       ThymeleafAutoConfiguration.DataAttributeDialectConfiguration:
          Did not match:
             - @ConditionalOnClass did not find required class 'com.github.mxab.thymeleaf.extras.dataattribute.dialect.DataAttributeDialect' (OnClassCondition)

       ThymeleafAutoConfiguration.ThymeleafSecurityDialectConfiguration:
          Did not match:
             - @ConditionalOnClass did not find required classes 'org.thymeleaf.extras.springsecurity6.dialect.SpringSecurityDialect', 'org.springframework.security.web.server.csrf.CsrfToken' (OnClassCondition)

       ThymeleafAutoConfiguration.ThymeleafWebFluxConfiguration:
          Did not match:
             - not a reactive web application (OnWebApplicationCondition)

       ThymeleafAutoConfiguration.ThymeleafWebLayoutConfiguration:
          Did not match:
             - @ConditionalOnClass did not find required class 'nz.net.ultraq.thymeleaf.layoutdialect.LayoutDialect' (OnClassCondition)

       ToolCallingAutoConfiguration#toolCallingContentObservationFilter:
          Did not match:
             - @ConditionalOnProperty (spring.ai.tools.observations.include-content=true) did not find property 'include-content' (OnPropertyCondition)

       TransactionAutoConfiguration#transactionalOperator:
          Did not match:
             - @ConditionalOnSingleCandidate (types: org.springframework.transaction.ReactiveTransactionManager; SearchStrategy: all) did not find any beans (OnBeanCondition)

       TransactionAutoConfiguration.AspectJTransactionManagementConfiguration:
          Did not match:
             - @ConditionalOnBean (types: org.springframework.transaction.aspectj.AbstractTransactionAspect; SearchStrategy: all) did not find any beans of type org.springframework.transaction.aspectj.AbstractTransactionAspect (OnBeanCondition)

       TransactionAutoConfiguration.EnableTransactionManagementConfiguration.JdkDynamicAutoProxyConfiguration:
          Did not match:
             - @ConditionalOnBooleanProperty (spring.aop.proxy-target-class=false) did not find property 'spring.aop.proxy-target-class' (OnPropertyCondition)

       UserDetailsServiceAutoConfiguration:
          Did not match:
             - @ConditionalOnClass did not find required class 'org.springframework.security.authentication.AuthenticationManager' (OnClassCondition)

       WebFluxAutoConfiguration:
          Did not match:
             - not a reactive web application (OnWebApplicationCondition)
          Matched:
             - @ConditionalOnClass found required class 'org.springframework.web.reactive.config.WebFluxConfigurer' (OnClassCondition)

       WebMvcAutoConfiguration#hiddenHttpMethodFilter:
          Did not match:
             - @ConditionalOnBooleanProperty (spring.mvc.hiddenmethod.filter.enabled=true) did not find property 'spring.mvc.hiddenmethod.filter.enabled' (OnPropertyCondition)

       WebMvcAutoConfiguration.ProblemDetailsErrorHandlingConfiguration:
          Did not match:
             - @ConditionalOnBooleanProperty (spring.mvc.problemdetails.enabled=true) did not find property 'spring.mvc.problemdetails.enabled' (OnPropertyCondition)

       WebMvcAutoConfiguration.WebMvcAutoConfigurationAdapter#beanNameViewResolver:
          Did not match:
             - @ConditionalOnMissingBean (types: org.springframework.web.servlet.view.BeanNameViewResolver; SearchStrategy: all) found beans of type 'org.springframework.web.servlet.view.BeanNameViewResolver' beanNameViewResolver (OnBeanCondition)

       WebServiceTemplateAutoConfiguration:
          Did not match:
             - @ConditionalOnClass did not find required class 'org.springframework.oxm.Marshaller' (OnClassCondition)

       WebServicesAutoConfiguration:
          Did not match:
             - @ConditionalOnClass did not find required class 'org.springframework.ws.transport.http.MessageDispatcherServlet' (OnClassCondition)

       WebSessionIdResolverAutoConfiguration:
          Did not match:
             - not a reactive web application (OnWebApplicationCondition)
          Matched:
             - @ConditionalOnClass found required classes 'org.springframework.web.server.session.WebSessionManager', 'reactor.core.publisher.Mono' (OnClassCondition)

       WebSocketMessagingAutoConfiguration:
          Did not match:
             - @ConditionalOnClass did not find required class 'org.springframework.web.socket.config.annotation.WebSocketMessageBrokerConfigurer' (OnClassCondition)

       WebSocketReactiveAutoConfiguration:
          Did not match:
             - not a reactive web application (OnWebApplicationCondition)
          Matched:
             - @ConditionalOnClass found required classes 'jakarta.servlet.Servlet', 'jakarta.websocket.server.ServerContainer' (OnClassCondition)

       WebSocketServletAutoConfiguration.JettyWebSocketConfiguration:
          Did not match:
             - @ConditionalOnClass did not find required class 'org.eclipse.jetty.ee10.websocket.jakarta.server.config.JakartaWebSocketServletContainerInitializer' (OnClassCondition)

       WebSocketServletAutoConfiguration.UndertowWebSocketConfiguration:
          Did not match:
             - @ConditionalOnClass did not find required class 'io.undertow.websockets.jsr.Bootstrap' (OnClassCondition)

       XADataSourceAutoConfiguration:
          Did not match:
             - @ConditionalOnBean (types: org.springframework.boot.jdbc.XADataSourceWrapper; SearchStrategy: all) did not find any beans of type org.springframework.boot.jdbc.XADataSourceWrapper (OnBeanCondition)
          Matched:
             - @ConditionalOnClass found required classes 'javax.sql.DataSource', 'jakarta.transaction.TransactionManager', 'org.springframework.jdbc.datasource.embedded.EmbeddedDatabaseType' (OnClassCondition)


    Exclusions:
    -----------

        None


    Unconditional classes:
    ----------------------

        org.springframework.boot.autoconfigure.context.ConfigurationPropertiesAutoConfiguration

        org.springframework.boot.autoconfigure.ssl.SslAutoConfiguration

        org.springframework.boot.autoconfigure.context.PropertyPlaceholderAutoConfiguration

        org.springframework.boot.autoconfigure.context.LifecycleAutoConfiguration

        org.springdoc.core.configuration.SpringDocSpecPropertiesConfiguration

        org.springframework.boot.autoconfigure.availability.ApplicationAvailabilityAutoConfiguration

        org.springframework.boot.autoconfigure.info.ProjectInfoAutoConfiguration




PicpickApplicationTests STANDARD_OUT
    2025-12-31T16:37:11.168+09:00  INFO 68528 --- [picpick] [    Test worker] .s.b.a.l.ConditionEvaluationReportLogger : 

    Error starting ApplicationContext. To display the condition evaluation report re-run your application with 'debug' enabled.
    2025-12-31T16:37:11.176+09:00 ERROR 68528 --- [picpick] [    Test worker] o.s.boot.SpringApplication               : Application run failed

    org.springframework.beans.factory.BeanCreationException: Error creating bean with name 'entityManagerFactory' defined in class path resource [org/springframework/boot/autoconfigure/orm/jpa/HibernateJpaConfiguration.class]: Failed to initialize dependency 'flyway' of LoadTimeWeaverAware bean 'entityManagerFactory': Error creating bean with name 'flyway' defined in class path resource [org/springframework/boot/autoconfigure/flyway/FlywayAutoConfiguration$FlywayConfiguration.class]: Failed to instantiate [org.flywaydb.core.Flyway]: Factory method 'flyway' threw exception with message: Error creating bean with name 'dataSource' defined in class path resource [org/springframework/boot/autoconfigure/jdbc/DataSourceConfiguration$Hikari.class]: Failed to instantiate [com.zaxxer.hikari.HikariDataSource]: Factory method 'dataSource' threw exception with message: Cannot load driver class: org.h2.Driver
    	at org.springframework.beans.factory.support.AbstractBeanFactory.doGetBean(AbstractBeanFactory.java:328) ~[spring-beans-6.2.14.jar:6.2.14]
    	at org.springframework.beans.factory.support.AbstractBeanFactory.getBean(AbstractBeanFactory.java:207) ~[spring-beans-6.2.14.jar:6.2.14]
    	at org.springframework.context.support.AbstractApplicationContext.finishBeanFactoryInitialization(AbstractApplicationContext.java:973) ~[spring-context-6.2.14.jar:6.2.14]
    	at org.springframework.context.support.AbstractApplicationContext.refresh(AbstractApplicationContext.java:627) ~[spring-context-6.2.14.jar:6.2.14]
    	at org.springframework.boot.SpringApplication.refresh(SpringApplication.java:752) ~[spring-boot-3.5.8.jar:3.5.8]
    	at org.springframework.boot.SpringApplication.refreshContext(SpringApplication.java:439) ~[spring-boot-3.5.8.jar:3.5.8]
    	at org.springframework.boot.SpringApplication.run(SpringApplication.java:318) ~[spring-boot-3.5.8.jar:3.5.8]
    	at org.springframework.boot.test.context.SpringBootContextLoader.lambda$loadContext$3(SpringBootContextLoader.java:144) ~[spring-boot-test-3.5.8.jar:3.5.8]
    	at org.springframework.util.function.ThrowingSupplier.get(ThrowingSupplier.java:58) ~[spring-core-6.2.14.jar:6.2.14]
    	at org.springframework.util.function.ThrowingSupplier.get(ThrowingSupplier.java:46) ~[spring-core-6.2.14.jar:6.2.14]
    	at org.springframework.boot.SpringApplication.withHook(SpringApplication.java:1461) ~[spring-boot-3.5.8.jar:3.5.8]
    	at org.springframework.boot.test.context.SpringBootContextLoader$ContextLoaderHook.run(SpringBootContextLoader.java:563) ~[spring-boot-test-3.5.8.jar:3.5.8]
    	at org.springframework.boot.test.context.SpringBootContextLoader.loadContext(SpringBootContextLoader.java:144) ~[spring-boot-test-3.5.8.jar:3.5.8]
    	at org.springframework.boot.test.context.SpringBootContextLoader.loadContext(SpringBootContextLoader.java:110) ~[spring-boot-test-3.5.8.jar:3.5.8]
    	at org.springframework.test.context.cache.DefaultCacheAwareContextLoaderDelegate.loadContextInternal(DefaultCacheAwareContextLoaderDelegate.java:225) ~[spring-test-6.2.14.jar:6.2.14]
    	at org.springframework.test.context.cache.DefaultCacheAwareContextLoaderDelegate.loadContext(DefaultCacheAwareContextLoaderDelegate.java:152) ~[spring-test-6.2.14.jar:6.2.14]
    	at org.springframework.test.context.support.DefaultTestContext.getApplicationContext(DefaultTestContext.java:130) ~[spring-test-6.2.14.jar:6.2.14]
    	at org.springframework.test.context.web.ServletTestExecutionListener.setUpRequestContextIfNecessary(ServletTestExecutionListener.java:200) ~[spring-test-6.2.14.jar:6.2.14]
    	at org.springframework.test.context.web.ServletTestExecutionListener.prepareTestInstance(ServletTestExecutionListener.java:139) ~[spring-test-6.2.14.jar:6.2.14]
    	at org.springframework.test.context.TestContextManager.prepareTestInstance(TestContextManager.java:260) ~[spring-test-6.2.14.jar:6.2.14]
    	at org.springframework.test.context.junit.jupiter.SpringExtension.postProcessTestInstance(SpringExtension.java:159) ~[spring-test-6.2.14.jar:6.2.14]
    	at org.junit.jupiter.engine.descriptor.ClassBasedTestDescriptor.lambda$invokeTestInstancePostProcessors$10(ClassBasedTestDescriptor.java:383) ~[junit-jupiter-engine-5.12.2.jar:5.12.2]
    	at org.junit.jupiter.engine.descriptor.ClassBasedTestDescriptor.executeAndMaskThrowable(ClassBasedTestDescriptor.java:388) ~[junit-jupiter-engine-5.12.2.jar:5.12.2]
    	at org.junit.jupiter.engine.descriptor.ClassBasedTestDescriptor.lambda$invokeTestInstancePostProcessors$11(ClassBasedTestDescriptor.java:382) ~[junit-jupiter-engine-5.12.2.jar:5.12.2]
    	at java.base/java.util.stream.ForEachOps$ForEachOp$OfRef.accept(ForEachOps.java:183) ~[na:na]
    	at java.base/java.util.stream.ReferencePipeline$3$1.accept(ReferencePipeline.java:197) ~[na:na]
    	at java.base/java.util.stream.ReferencePipeline$2$1.accept(ReferencePipeline.java:179) ~[na:na]
    	at java.base/java.util.stream.ReferencePipeline$3$1.accept(ReferencePipeline.java:197) ~[na:na]
    	at java.base/java.util.ArrayList$ArrayListSpliterator.forEachRemaining(ArrayList.java:1625) ~[na:na]
    	at java.base/java.util.stream.AbstractPipeline.copyInto(AbstractPipeline.java:509) ~[na:na]
    	at java.base/java.util.stream.AbstractPipeline.wrapAndCopyInto(AbstractPipeline.java:499) ~[na:na]
    	at java.base/java.util.stream.ForEachOps$ForEachOp.evaluateSequential(ForEachOps.java:150) ~[na:na]
    	at java.base/java.util.stream.ForEachOps$ForEachOp$OfRef.evaluateSequential(ForEachOps.java:173) ~[na:na]
    	at java.base/java.util.stream.AbstractPipeline.evaluate(AbstractPipeline.java:234) ~[na:na]
    	at java.base/java.util.stream.ReferencePipeline.forEach(ReferencePipeline.java:596) ~[na:na]
    	at org.junit.jupiter.engine.descriptor.ClassBasedTestDescriptor.invokeTestInstancePostProcessors(ClassBasedTestDescriptor.java:382) ~[junit-jupiter-engine-5.12.2.jar:5.12.2]
    	at org.junit.jupiter.engine.descriptor.ClassBasedTestDescriptor.lambda$instantiateAndPostProcessTestInstance$6(ClassBasedTestDescriptor.java:293) ~[junit-jupiter-engine-5.12.2.jar:5.12.2]
    	at org.junit.platform.engine.support.hierarchical.ThrowableCollector.execute(ThrowableCollector.java:73) ~[junit-platform-engine-1.12.2.jar:1.12.2]
    	at org.junit.jupiter.engine.descriptor.ClassBasedTestDescriptor.instantiateAndPostProcessTestInstance(ClassBasedTestDescriptor.java:292) ~[junit-jupiter-engine-5.12.2.jar:5.12.2]
    	at org.junit.jupiter.engine.descriptor.ClassBasedTestDescriptor.lambda$testInstancesProvider$4(ClassBasedTestDescriptor.java:281) ~[junit-jupiter-engine-5.12.2.jar:5.12.2]
    	at java.base/java.util.Optional.orElseGet(Optional.java:364) ~[na:na]
    	at org.junit.jupiter.engine.descriptor.ClassBasedTestDescriptor.lambda$testInstancesProvider$5(ClassBasedTestDescriptor.java:280) ~[junit-jupiter-engine-5.12.2.jar:5.12.2]
    	at org.junit.jupiter.engine.execution.TestInstancesProvider.getTestInstances(TestInstancesProvider.java:27) ~[junit-jupiter-engine-5.12.2.jar:5.12.2]
    	at org.junit.jupiter.engine.descriptor.TestMethodTestDescriptor.lambda$prepare$0(TestMethodTestDescriptor.java:112) ~[junit-jupiter-engine-5.12.2.jar:5.12.2]
    	at org.junit.platform.engine.support.hierarchical.ThrowableCollector.execute(ThrowableCollector.java:73) ~[junit-platform-engine-1.12.2.jar:1.12.2]
    	at org.junit.jupiter.engine.descriptor.TestMethodTestDescriptor.prepare(TestMethodTestDescriptor.java:111) ~[junit-jupiter-engine-5.12.2.jar:5.12.2]
    	at org.junit.jupiter.engine.descriptor.TestMethodTestDescriptor.prepare(TestMethodTestDescriptor.java:69) ~[junit-jupiter-engine-5.12.2.jar:5.12.2]
    	at org.junit.platform.engine.support.hierarchical.NodeTestTask.lambda$prepare$2(NodeTestTask.java:128) ~[junit-platform-engine-1.12.2.jar:1.12.2]
    	at org.junit.platform.engine.support.hierarchical.ThrowableCollector.execute(ThrowableCollector.java:73) ~[junit-platform-engine-1.12.2.jar:1.12.2]
    	at org.junit.platform.engine.support.hierarchical.NodeTestTask.prepare(NodeTestTask.java:128) ~[junit-platform-engine-1.12.2.jar:1.12.2]
    	at org.junit.platform.engine.support.hierarchical.NodeTestTask.execute(NodeTestTask.java:95) ~[junit-platform-engine-1.12.2.jar:1.12.2]
    	at java.base/java.util.ArrayList.forEach(ArrayList.java:1511) ~[na:na]
    	at org.junit.platform.engine.support.hierarchical.SameThreadHierarchicalTestExecutorService.invokeAll(SameThreadHierarchicalTestExecutorService.java:41) ~[junit-platform-engine-1.12.2.jar:1.12.2]
    	at org.junit.platform.engine.support.hierarchical.NodeTestTask.lambda$executeRecursively$6(NodeTestTask.java:160) ~[junit-platform-engine-1.12.2.jar:1.12.2]
    	at org.junit.platform.engine.support.hierarchical.ThrowableCollector.execute(ThrowableCollector.java:73) ~[junit-platform-engine-1.12.2.jar:1.12.2]
    	at org.junit.platform.engine.support.hierarchical.NodeTestTask.lambda$executeRecursively$8(NodeTestTask.java:146) ~[junit-platform-engine-1.12.2.jar:1.12.2]
    	at org.junit.platform.engine.support.hierarchical.Node.around(Node.java:137) ~[junit-platform-engine-1.12.2.jar:1.12.2]
    	at org.junit.platform.engine.support.hierarchical.NodeTestTask.lambda$executeRecursively$9(NodeTestTask.java:144) ~[junit-platform-engine-1.12.2.jar:1.12.2]
    	at org.junit.platform.engine.support.hierarchical.ThrowableCollector.execute(ThrowableCollector.java:73) ~[junit-platform-engine-1.12.2.jar:1.12.2]
    	at org.junit.platform.engine.support.hierarchical.NodeTestTask.executeRecursively(NodeTestTask.java:143) ~[junit-platform-engine-1.12.2.jar:1.12.2]
    	at org.junit.platform.engine.support.hierarchical.NodeTestTask.execute(NodeTestTask.java:100) ~[junit-platform-engine-1.12.2.jar:1.12.2]
    	at java.base/java.util.ArrayList.forEach(ArrayList.java:1511) ~[na:na]
    	at org.junit.platform.engine.support.hierarchical.SameThreadHierarchicalTestExecutorService.invokeAll(SameThreadHierarchicalTestExecutorService.java:41) ~[junit-platform-engine-1.12.2.jar:1.12.2]
    	at org.junit.platform.engine.support.hierarchical.NodeTestTask.lambda$executeRecursively$6(NodeTestTask.java:160) ~[junit-platform-engine-1.12.2.jar:1.12.2]
    	at org.junit.platform.engine.support.hierarchical.ThrowableCollector.execute(ThrowableCollector.java:73) ~[junit-platform-engine-1.12.2.jar:1.12.2]
    	at org.junit.platform.engine.support.hierarchical.NodeTestTask.lambda$executeRecursively$8(NodeTestTask.java:146) ~[junit-platform-engine-1.12.2.jar:1.12.2]
    	at org.junit.platform.engine.support.hierarchical.Node.around(Node.java:137) ~[junit-platform-engine-1.12.2.jar:1.12.2]
    	at org.junit.platform.engine.support.hierarchical.NodeTestTask.lambda$executeRecursively$9(NodeTestTask.java:144) ~[junit-platform-engine-1.12.2.jar:1.12.2]
    	at org.junit.platform.engine.support.hierarchical.ThrowableCollector.execute(ThrowableCollector.java:73) ~[junit-platform-engine-1.12.2.jar:1.12.2]
    	at org.junit.platform.engine.support.hierarchical.NodeTestTask.executeRecursively(NodeTestTask.java:143) ~[junit-platform-engine-1.12.2.jar:1.12.2]
    	at org.junit.platform.engine.support.hierarchical.NodeTestTask.execute(NodeTestTask.java:100) ~[junit-platform-engine-1.12.2.jar:1.12.2]
    	at org.junit.platform.engine.support.hierarchical.SameThreadHierarchicalTestExecutorService.submit(SameThreadHierarchicalTestExecutorService.java:35) ~[junit-platform-engine-1.12.2.jar:1.12.2]
    	at org.junit.platform.engine.support.hierarchical.HierarchicalTestExecutor.execute(HierarchicalTestExecutor.java:57) ~[junit-platform-engine-1.12.2.jar:1.12.2]
    	at org.junit.platform.engine.support.hierarchical.HierarchicalTestEngine.execute(HierarchicalTestEngine.java:54) ~[junit-platform-engine-1.12.2.jar:1.12.2]
    	at org.junit.platform.launcher.core.EngineExecutionOrchestrator.execute(EngineExecutionOrchestrator.java:201) ~[junit-platform-launcher-1.12.2.jar:1.12.2]
    	at org.junit.platform.launcher.core.EngineExecutionOrchestrator.execute(EngineExecutionOrchestrator.java:170) ~[junit-platform-launcher-1.12.2.jar:1.12.2]
    	at org.junit.platform.launcher.core.EngineExecutionOrchestrator.execute(EngineExecutionOrchestrator.java:94) ~[junit-platform-launcher-1.12.2.jar:1.12.2]
    	at org.junit.platform.launcher.core.EngineExecutionOrchestrator.lambda$execute$0(EngineExecutionOrchestrator.java:59) ~[junit-platform-launcher-1.12.2.jar:1.12.2]
    	at org.junit.platform.launcher.core.EngineExecutionOrchestrator.withInterceptedStreams(EngineExecutionOrchestrator.java:142) ~[junit-platform-launcher-1.12.2.jar:1.12.2]
    	at org.junit.platform.launcher.core.EngineExecutionOrchestrator.execute(EngineExecutionOrchestrator.java:58) ~[junit-platform-launcher-1.12.2.jar:1.12.2]
    	at org.junit.platform.launcher.core.DefaultLauncher.execute(DefaultLauncher.java:103) ~[junit-platform-launcher-1.12.2.jar:1.12.2]
    	at org.junit.platform.launcher.core.DefaultLauncher.execute(DefaultLauncher.java:85) ~[junit-platform-launcher-1.12.2.jar:1.12.2]
    	at org.junit.platform.launcher.core.DelegatingLauncher.execute(DelegatingLauncher.java:47) ~[junit-platform-launcher-1.12.2.jar:1.12.2]
    	at org.junit.platform.launcher.core.InterceptingLauncher.lambda$execute$1(InterceptingLauncher.java:39) ~[junit-platform-launcher-1.12.2.jar:1.12.2]
    	at org.junit.platform.launcher.core.ClasspathAlignmentCheckingLauncherInterceptor.intercept(ClasspathAlignmentCheckingLauncherInterceptor.java:25) ~[junit-platform-launcher-1.12.2.jar:1.12.2]
    	at org.junit.platform.launcher.core.InterceptingLauncher.execute(InterceptingLauncher.java:38) ~[junit-platform-launcher-1.12.2.jar:1.12.2]
    	at org.junit.platform.launcher.core.DelegatingLauncher.execute(DelegatingLauncher.java:47) ~[junit-platform-launcher-1.12.2.jar:1.12.2]
    	at org.gradle.api.internal.tasks.testing.junitplatform.JUnitPlatformTestClassProcessor$CollectAllTestClassesExecutor.processAllTestClasses(JUnitPlatformTestClassProcessor.java:135) ~[na:na]
    	at org.gradle.api.internal.tasks.testing.junitplatform.JUnitPlatformTestClassProcessor$CollectAllTestClassesExecutor.access$000(JUnitPlatformTestClassProcessor.java:110) ~[na:na]
    	at org.gradle.api.internal.tasks.testing.junitplatform.JUnitPlatformTestClassProcessor.stop(JUnitPlatformTestClassProcessor.java:104) ~[na:na]
    	at org.gradle.api.internal.tasks.testing.SuiteTestClassProcessor.stop(SuiteTestClassProcessor.java:64) ~[na:na]
    	at java.base/jdk.internal.reflect.NativeMethodAccessorImpl.invoke0(Native Method) ~[na:na]
    	at java.base/jdk.internal.reflect.NativeMethodAccessorImpl.invoke(NativeMethodAccessorImpl.java:77) ~[na:na]
    	at java.base/jdk.internal.reflect.DelegatingMethodAccessorImpl.invoke(DelegatingMethodAccessorImpl.java:43) ~[na:na]
    	at java.base/java.lang.reflect.Method.invoke(Method.java:569) ~[na:na]
    	at org.gradle.internal.dispatch.MethodInvocation.invokeOn(MethodInvocation.java:77) ~[na:na]
    	at org.gradle.internal.dispatch.ReflectionDispatch.dispatch(ReflectionDispatch.java:28) ~[na:na]
    	at org.gradle.internal.dispatch.ReflectionDispatch.dispatch(ReflectionDispatch.java:19) ~[na:na]
    	at org.gradle.internal.dispatch.ContextClassLoaderDispatch.dispatch(ContextClassLoaderDispatch.java:33) ~[na:na]
    	at org.gradle.internal.dispatch.ProxyDispatchAdapter$DispatchingInvocationHandler.invoke(ProxyDispatchAdapter.java:88) ~[na:na]
    	at jdk.proxy1/jdk.proxy1.$Proxy4.stop(Unknown Source) ~[na:na]
    	at org.gradle.api.internal.tasks.testing.worker.TestWorker$3.run(TestWorker.java:194) ~[na:na]
    	at org.gradle.api.internal.tasks.testing.worker.TestWorker.executeAndMaintainThreadName(TestWorker.java:126) ~[na:na]
    	at org.gradle.api.internal.tasks.testing.worker.TestWorker.execute(TestWorker.java:103) ~[na:na]
    	at org.gradle.api.internal.tasks.testing.worker.TestWorker.execute(TestWorker.java:63) ~[na:na]
    	at org.gradle.process.internal.worker.child.ActionExecutionWorker.execute(ActionExecutionWorker.java:56) ~[na:na]
    	at org.gradle.process.internal.worker.child.SystemApplicationClassLoaderWorker.call(SystemApplicationClassLoaderWorker.java:122) ~[na:na]
    	at org.gradle.process.internal.worker.child.SystemApplicationClassLoaderWorker.call(SystemApplicationClassLoaderWorker.java:72) ~[na:na]
    	at worker.org.gradle.process.internal.worker.GradleWorkerMain.run(GradleWorkerMain.java:69) ~[gradle-worker.jar:na]
    	at worker.org.gradle.process.internal.worker.GradleWorkerMain.main(GradleWorkerMain.java:74) ~[gradle-worker.jar:na]
    Caused by: org.springframework.beans.factory.BeanCreationException: Error creating bean with name 'flyway' defined in class path resource [org/springframework/boot/autoconfigure/flyway/FlywayAutoConfiguration$FlywayConfiguration.class]: Failed to instantiate [org.flywaydb.core.Flyway]: Factory method 'flyway' threw exception with message: Error creating bean with name 'dataSource' defined in class path resource [org/springframework/boot/autoconfigure/jdbc/DataSourceConfiguration$Hikari.class]: Failed to instantiate [com.zaxxer.hikari.HikariDataSource]: Factory method 'dataSource' threw exception with message: Cannot load driver class: org.h2.Driver
    	at org.springframework.beans.factory.support.ConstructorResolver.instantiate(ConstructorResolver.java:657) ~[spring-beans-6.2.14.jar:6.2.14]
    	at org.springframework.beans.factory.support.ConstructorResolver.instantiateUsingFactoryMethod(ConstructorResolver.java:645) ~[spring-beans-6.2.14.jar:6.2.14]
    	at org.springframework.beans.factory.support.AbstractAutowireCapableBeanFactory.instantiateUsingFactoryMethod(AbstractAutowireCapableBeanFactory.java:1375) ~[spring-beans-6.2.14.jar:6.2.14]
    	at org.springframework.beans.factory.support.AbstractAutowireCapableBeanFactory.createBeanInstance(AbstractAutowireCapableBeanFactory.java:1205) ~[spring-beans-6.2.14.jar:6.2.14]
    	at org.springframework.beans.factory.support.AbstractAutowireCapableBeanFactory.doCreateBean(AbstractAutowireCapableBeanFactory.java:569) ~[spring-beans-6.2.14.jar:6.2.14]
    	at org.springframework.beans.factory.support.AbstractAutowireCapableBeanFactory.createBean(AbstractAutowireCapableBeanFactory.java:529) ~[spring-beans-6.2.14.jar:6.2.14]
    	at org.springframework.beans.factory.support.AbstractBeanFactory.lambda$doGetBean$0(AbstractBeanFactory.java:339) ~[spring-beans-6.2.14.jar:6.2.14]
    	at org.springframework.beans.factory.support.DefaultSingletonBeanRegistry.getSingleton(DefaultSingletonBeanRegistry.java:373) ~[spring-beans-6.2.14.jar:6.2.14]
    	at org.springframework.beans.factory.support.AbstractBeanFactory.doGetBean(AbstractBeanFactory.java:337) ~[spring-beans-6.2.14.jar:6.2.14]
    	at org.springframework.beans.factory.support.AbstractBeanFactory.getBean(AbstractBeanFactory.java:202) ~[spring-beans-6.2.14.jar:6.2.14]
    	at org.springframework.beans.factory.support.AbstractBeanFactory.doGetBean(AbstractBeanFactory.java:315) ~[spring-beans-6.2.14.jar:6.2.14]
    	... 109 common frames omitted
    Caused by: org.springframework.beans.BeanInstantiationException: Failed to instantiate [org.flywaydb.core.Flyway]: Factory method 'flyway' threw exception with message: Error creating bean with name 'dataSource' defined in class path resource [org/springframework/boot/autoconfigure/jdbc/DataSourceConfiguration$Hikari.class]: Failed to instantiate [com.zaxxer.hikari.HikariDataSource]: Factory method 'dataSource' threw exception with message: Cannot load driver class: org.h2.Driver
    	at org.springframework.beans.factory.support.SimpleInstantiationStrategy.lambda$instantiate$0(SimpleInstantiationStrategy.java:200) ~[spring-beans-6.2.14.jar:6.2.14]
    	at org.springframework.beans.factory.support.SimpleInstantiationStrategy.instantiateWithFactoryMethod(SimpleInstantiationStrategy.java:89) ~[spring-beans-6.2.14.jar:6.2.14]
    	at org.springframework.beans.factory.support.SimpleInstantiationStrategy.instantiate(SimpleInstantiationStrategy.java:169) ~[spring-beans-6.2.14.jar:6.2.14]
    	at org.springframework.beans.factory.support.ConstructorResolver.instantiate(ConstructorResolver.java:653) ~[spring-beans-6.2.14.jar:6.2.14]
    	... 119 common frames omitted
    Caused by: org.springframework.beans.factory.BeanCreationException: Error creating bean with name 'dataSource' defined in class path resource [org/springframework/boot/autoconfigure/jdbc/DataSourceConfiguration$Hikari.class]: Failed to instantiate [com.zaxxer.hikari.HikariDataSource]: Factory method 'dataSource' threw exception with message: Cannot load driver class: org.h2.Driver
    	at org.springframework.beans.factory.support.ConstructorResolver.instantiate(ConstructorResolver.java:657) ~[spring-beans-6.2.14.jar:6.2.14]
    	at org.springframework.beans.factory.support.ConstructorResolver.instantiateUsingFactoryMethod(ConstructorResolver.java:645) ~[spring-beans-6.2.14.jar:6.2.14]
    	at org.springframework.beans.factory.support.AbstractAutowireCapableBeanFactory.instantiateUsingFactoryMethod(AbstractAutowireCapableBeanFactory.java:1375) ~[spring-beans-6.2.14.jar:6.2.14]
    	at org.springframework.beans.factory.support.AbstractAutowireCapableBeanFactory.createBeanInstance(AbstractAutowireCapableBeanFactory.java:1205) ~[spring-beans-6.2.14.jar:6.2.14]
    	at org.springframework.beans.factory.support.AbstractAutowireCapableBeanFactory.doCreateBean(AbstractAutowireCapableBeanFactory.java:569) ~[spring-beans-6.2.14.jar:6.2.14]
    	at org.springframework.beans.factory.support.AbstractAutowireCapableBeanFactory.createBean(AbstractAutowireCapableBeanFactory.java:529) ~[spring-beans-6.2.14.jar:6.2.14]
    	at org.springframework.beans.factory.support.AbstractBeanFactory.lambda$doGetBean$0(AbstractBeanFactory.java:339) ~[spring-beans-6.2.14.jar:6.2.14]
    	at org.springframework.beans.factory.support.DefaultSingletonBeanRegistry.getSingleton(DefaultSingletonBeanRegistry.java:373) ~[spring-beans-6.2.14.jar:6.2.14]
    	at org.springframework.beans.factory.support.AbstractBeanFactory.doGetBean(AbstractBeanFactory.java:337) ~[spring-beans-6.2.14.jar:6.2.14]
    	at org.springframework.beans.factory.support.AbstractBeanFactory.getBean(AbstractBeanFactory.java:202) ~[spring-beans-6.2.14.jar:6.2.14]
    	at org.springframework.beans.factory.support.DefaultListableBeanFactory.doResolveDependency(DefaultListableBeanFactory.java:1708) ~[spring-beans-6.2.14.jar:6.2.14]
    	at org.springframework.beans.factory.support.DefaultListableBeanFactory$DependencyObjectProvider.getIfUnique(DefaultListableBeanFactory.java:2605) ~[spring-beans-6.2.14.jar:6.2.14]
    	at org.springframework.boot.autoconfigure.flyway.FlywayAutoConfiguration$FlywayConfiguration.flyway(FlywayAutoConfiguration.java:155) ~[spring-boot-autoconfigure-3.5.8.jar:3.5.8]
    	at java.base/jdk.internal.reflect.NativeMethodAccessorImpl.invoke0(Native Method) ~[na:na]
    	at java.base/jdk.internal.reflect.NativeMethodAccessorImpl.invoke(NativeMethodAccessorImpl.java:77) ~[na:na]
    	at java.base/jdk.internal.reflect.DelegatingMethodAccessorImpl.invoke(DelegatingMethodAccessorImpl.java:43) ~[na:na]
    	at java.base/java.lang.reflect.Method.invoke(Method.java:569) ~[na:na]
    	at org.springframework.beans.factory.support.SimpleInstantiationStrategy.lambda$instantiate$0(SimpleInstantiationStrategy.java:172) ~[spring-beans-6.2.14.jar:6.2.14]
    	... 122 common frames omitted
    Caused by: org.springframework.beans.BeanInstantiationException: Failed to instantiate [com.zaxxer.hikari.HikariDataSource]: Factory method 'dataSource' threw exception with message: Cannot load driver class: org.h2.Driver
    	at org.springframework.beans.factory.support.SimpleInstantiationStrategy.lambda$instantiate$0(SimpleInstantiationStrategy.java:200) ~[spring-beans-6.2.14.jar:6.2.14]
    	at org.springframework.beans.factory.support.SimpleInstantiationStrategy.instantiateWithFactoryMethod(SimpleInstantiationStrategy.java:89) ~[spring-beans-6.2.14.jar:6.2.14]
    	at org.springframework.beans.factory.support.SimpleInstantiationStrategy.instantiate(SimpleInstantiationStrategy.java:169) ~[spring-beans-6.2.14.jar:6.2.14]
    	at org.springframework.beans.factory.support.ConstructorResolver.instantiate(ConstructorResolver.java:653) ~[spring-beans-6.2.14.jar:6.2.14]
    	... 139 common frames omitted
    Caused by: java.lang.IllegalStateException: Cannot load driver class: org.h2.Driver
    	at org.springframework.util.Assert.state(Assert.java:101) ~[spring-core-6.2.14.jar:6.2.14]
    	at org.springframework.boot.autoconfigure.jdbc.DataSourceProperties.findDriverClassName(DataSourceProperties.java:184) ~[spring-boot-autoconfigure-3.5.8.jar:3.5.8]
    	at org.springframework.boot.autoconfigure.jdbc.DataSourceProperties.determineDriverClassName(DataSourceProperties.java:174) ~[spring-boot-autoconfigure-3.5.8.jar:3.5.8]
    	at org.springframework.boot.autoconfigure.jdbc.PropertiesJdbcConnectionDetails.getDriverClassName(PropertiesJdbcConnectionDetails.java:49) ~[spring-boot-autoconfigure-3.5.8.jar:3.5.8]
    	at org.springframework.boot.autoconfigure.jdbc.DataSourceConfiguration.createDataSource(DataSourceConfiguration.java:62) ~[spring-boot-autoconfigure-3.5.8.jar:3.5.8]
    	at org.springframework.boot.autoconfigure.jdbc.DataSourceConfiguration$Hikari.dataSource(DataSourceConfiguration.java:127) ~[spring-boot-autoconfigure-3.5.8.jar:3.5.8]
    	at java.base/jdk.internal.reflect.NativeMethodAccessorImpl.invoke0(Native Method) ~[na:na]
    	at java.base/jdk.internal.reflect.NativeMethodAccessorImpl.invoke(NativeMethodAccessorImpl.java:77) ~[na:na]
    	at java.base/jdk.internal.reflect.DelegatingMethodAccessorImpl.invoke(DelegatingMethodAccessorImpl.java:43) ~[na:na]
    	at java.base/java.lang.reflect.Method.invoke(Method.java:569) ~[na:na]
    	at org.springframework.beans.factory.support.SimpleInstantiationStrategy.lambda$instantiate$0(SimpleInstantiationStrategy.java:172) ~[spring-beans-6.2.14.jar:6.2.14]
    	... 142 common frames omitted

    2025-12-31T16:37:11.182+09:00  WARN 68528 --- [picpick] [    Test worker] o.s.test.context.TestContextManager      : Caught exception while allowing TestExecutionListener [org.springframework.test.context.web.ServletTestExecutionListener] to prepare test instance [com.picpick.PicpickApplicationTests@5086623f]

    java.lang.IllegalStateException: Failed to load ApplicationContext for [WebMergedContextConfiguration@563172d3 testClass = com.picpick.PicpickApplicationTests, locations = [], classes = [com.picpick.PicpickApplication], contextInitializerClasses = [], activeProfiles = [], propertySourceDescriptors = [], propertySourceProperties = ["org.springframework.boot.test.context.SpringBootTestContextBootstrapper=true"], contextCustomizers = [org.springframework.boot.test.autoconfigure.OnFailureConditionReportContextCustomizerFactory$OnFailureConditionReportContextCustomizer@4e858e0a, org.springframework.boot.test.autoconfigure.actuate.observability.ObservabilityContextCustomizerFactory$DisableObservabilityContextCustomizer@1f, org.springframework.boot.test.autoconfigure.properties.PropertyMappingContextCustomizer@0, org.springframework.boot.test.autoconfigure.web.servlet.WebDriverContextCustomizer@463b4ac8, org.springframework.boot.test.context.filter.ExcludeFilterContextCustomizer@1d0d6318, org.springframework.boot.test.json.DuplicateJsonObjectContextCustomizerFactory$DuplicateJsonObjectContextCustomizer@758a34ce, org.springframework.boot.test.mock.mockito.MockitoContextCustomizer@0, org.springframework.boot.test.web.client.TestRestTemplateContextCustomizer@7c541c15, org.springframework.boot.test.web.reactive.server.WebTestClientContextCustomizer@c1bd0be, org.springframework.boot.test.web.reactor.netty.DisableReactorResourceFactoryGlobalResourcesContextCustomizerFactory$DisableReactorResourceFactoryGlobalResourcesContextCustomizerCustomizer@77a98a6a, org.springframework.test.context.support.DynamicPropertiesContextCustomizer@0, org.springframework.boot.test.context.SpringBootTestAnnotation@d4175481], resourceBasePath = "src/main/webapp", contextLoader = org.springframework.boot.test.context.SpringBootContextLoader, parent = null]
    	at org.springframework.test.context.cache.DefaultCacheAwareContextLoaderDelegate.loadContext(DefaultCacheAwareContextLoaderDelegate.java:180) ~[spring-test-6.2.14.jar:6.2.14]
    	at org.springframework.test.context.support.DefaultTestContext.getApplicationContext(DefaultTestContext.java:130) ~[spring-test-6.2.14.jar:6.2.14]
    	at org.springframework.test.context.web.ServletTestExecutionListener.setUpRequestContextIfNecessary(ServletTestExecutionListener.java:200) ~[spring-test-6.2.14.jar:6.2.14]
    	at org.springframework.test.context.web.ServletTestExecutionListener.prepareTestInstance(ServletTestExecutionListener.java:139) ~[spring-test-6.2.14.jar:6.2.14]
    	at org.springframework.test.context.TestContextManager.prepareTestInstance(TestContextManager.java:260) ~[spring-test-6.2.14.jar:6.2.14]
    	at org.springframework.test.context.junit.jupiter.SpringExtension.postProcessTestInstance(SpringExtension.java:159) ~[spring-test-6.2.14.jar:6.2.14]
    	at org.junit.jupiter.engine.descriptor.ClassBasedTestDescriptor.lambda$invokeTestInstancePostProcessors$10(ClassBasedTestDescriptor.java:383) ~[junit-jupiter-engine-5.12.2.jar:5.12.2]
    	at org.junit.jupiter.engine.descriptor.ClassBasedTestDescriptor.executeAndMaskThrowable(ClassBasedTestDescriptor.java:388) ~[junit-jupiter-engine-5.12.2.jar:5.12.2]
    	at org.junit.jupiter.engine.descriptor.ClassBasedTestDescriptor.lambda$invokeTestInstancePostProcessors$11(ClassBasedTestDescriptor.java:382) ~[junit-jupiter-engine-5.12.2.jar:5.12.2]
    	at java.base/java.util.stream.ForEachOps$ForEachOp$OfRef.accept(ForEachOps.java:183) ~[na:na]
    	at java.base/java.util.stream.ReferencePipeline$3$1.accept(ReferencePipeline.java:197) ~[na:na]
    	at java.base/java.util.stream.ReferencePipeline$2$1.accept(ReferencePipeline.java:179) ~[na:na]
    	at java.base/java.util.stream.ReferencePipeline$3$1.accept(ReferencePipeline.java:197) ~[na:na]
    	at java.base/java.util.ArrayList$ArrayListSpliterator.forEachRemaining(ArrayList.java:1625) ~[na:na]
    	at java.base/java.util.stream.AbstractPipeline.copyInto(AbstractPipeline.java:509) ~[na:na]
    	at java.base/java.util.stream.AbstractPipeline.wrapAndCopyInto(AbstractPipeline.java:499) ~[na:na]
    	at java.base/java.util.stream.ForEachOps$ForEachOp.evaluateSequential(ForEachOps.java:150) ~[na:na]
    	at java.base/java.util.stream.ForEachOps$ForEachOp$OfRef.evaluateSequential(ForEachOps.java:173) ~[na:na]
    	at java.base/java.util.stream.AbstractPipeline.evaluate(AbstractPipeline.java:234) ~[na:na]
    	at java.base/java.util.stream.ReferencePipeline.forEach(ReferencePipeline.java:596) ~[na:na]
    	at org.junit.jupiter.engine.descriptor.ClassBasedTestDescriptor.invokeTestInstancePostProcessors(ClassBasedTestDescriptor.java:382) ~[junit-jupiter-engine-5.12.2.jar:5.12.2]
    	at org.junit.jupiter.engine.descriptor.ClassBasedTestDescriptor.lambda$instantiateAndPostProcessTestInstance$6(ClassBasedTestDescriptor.java:293) ~[junit-jupiter-engine-5.12.2.jar:5.12.2]
    	at org.junit.platform.engine.support.hierarchical.ThrowableCollector.execute(ThrowableCollector.java:73) ~[junit-platform-engine-1.12.2.jar:1.12.2]
    	at org.junit.jupiter.engine.descriptor.ClassBasedTestDescriptor.instantiateAndPostProcessTestInstance(ClassBasedTestDescriptor.java:292) ~[junit-jupiter-engine-5.12.2.jar:5.12.2]
    	at org.junit.jupiter.engine.descriptor.ClassBasedTestDescriptor.lambda$testInstancesProvider$4(ClassBasedTestDescriptor.java:281) ~[junit-jupiter-engine-5.12.2.jar:5.12.2]
    	at java.base/java.util.Optional.orElseGet(Optional.java:364) ~[na:na]
    	at org.junit.jupiter.engine.descriptor.ClassBasedTestDescriptor.lambda$testInstancesProvider$5(ClassBasedTestDescriptor.java:280) ~[junit-jupiter-engine-5.12.2.jar:5.12.2]
    	at org.junit.jupiter.engine.execution.TestInstancesProvider.getTestInstances(TestInstancesProvider.java:27) ~[junit-jupiter-engine-5.12.2.jar:5.12.2]
    	at org.junit.jupiter.engine.descriptor.TestMethodTestDescriptor.lambda$prepare$0(TestMethodTestDescriptor.java:112) ~[junit-jupiter-engine-5.12.2.jar:5.12.2]
    	at org.junit.platform.engine.support.hierarchical.ThrowableCollector.execute(ThrowableCollector.java:73) ~[junit-platform-engine-1.12.2.jar:1.12.2]
    	at org.junit.jupiter.engine.descriptor.TestMethodTestDescriptor.prepare(TestMethodTestDescriptor.java:111) ~[junit-jupiter-engine-5.12.2.jar:5.12.2]
    	at org.junit.jupiter.engine.descriptor.TestMethodTestDescriptor.prepare(TestMethodTestDescriptor.java:69) ~[junit-jupiter-engine-5.12.2.jar:5.12.2]
    	at org.junit.platform.engine.support.hierarchical.NodeTestTask.lambda$prepare$2(NodeTestTask.java:128) ~[junit-platform-engine-1.12.2.jar:1.12.2]
    	at org.junit.platform.engine.support.hierarchical.ThrowableCollector.execute(ThrowableCollector.java:73) ~[junit-platform-engine-1.12.2.jar:1.12.2]
    	at org.junit.platform.engine.support.hierarchical.NodeTestTask.prepare(NodeTestTask.java:128) ~[junit-platform-engine-1.12.2.jar:1.12.2]
    	at org.junit.platform.engine.support.hierarchical.NodeTestTask.execute(NodeTestTask.java:95) ~[junit-platform-engine-1.12.2.jar:1.12.2]
    	at java.base/java.util.ArrayList.forEach(ArrayList.java:1511) ~[na:na]
    	at org.junit.platform.engine.support.hierarchical.SameThreadHierarchicalTestExecutorService.invokeAll(SameThreadHierarchicalTestExecutorService.java:41) ~[junit-platform-engine-1.12.2.jar:1.12.2]
    	at org.junit.platform.engine.support.hierarchical.NodeTestTask.lambda$executeRecursively$6(NodeTestTask.java:160) ~[junit-platform-engine-1.12.2.jar:1.12.2]
    	at org.junit.platform.engine.support.hierarchical.ThrowableCollector.execute(ThrowableCollector.java:73) ~[junit-platform-engine-1.12.2.jar:1.12.2]
    	at org.junit.platform.engine.support.hierarchical.NodeTestTask.lambda$executeRecursively$8(NodeTestTask.java:146) ~[junit-platform-engine-1.12.2.jar:1.12.2]
    	at org.junit.platform.engine.support.hierarchical.Node.around(Node.java:137) ~[junit-platform-engine-1.12.2.jar:1.12.2]
    	at org.junit.platform.engine.support.hierarchical.NodeTestTask.lambda$executeRecursively$9(NodeTestTask.java:144) ~[junit-platform-engine-1.12.2.jar:1.12.2]
    	at org.junit.platform.engine.support.hierarchical.ThrowableCollector.execute(ThrowableCollector.java:73) ~[junit-platform-engine-1.12.2.jar:1.12.2]
    	at org.junit.platform.engine.support.hierarchical.NodeTestTask.executeRecursively(NodeTestTask.java:143) ~[junit-platform-engine-1.12.2.jar:1.12.2]
    	at org.junit.platform.engine.support.hierarchical.NodeTestTask.execute(NodeTestTask.java:100) ~[junit-platform-engine-1.12.2.jar:1.12.2]
    	at java.base/java.util.ArrayList.forEach(ArrayList.java:1511) ~[na:na]
    	at org.junit.platform.engine.support.hierarchical.SameThreadHierarchicalTestExecutorService.invokeAll(SameThreadHierarchicalTestExecutorService.java:41) ~[junit-platform-engine-1.12.2.jar:1.12.2]
    	at org.junit.platform.engine.support.hierarchical.NodeTestTask.lambda$executeRecursively$6(NodeTestTask.java:160) ~[junit-platform-engine-1.12.2.jar:1.12.2]
    	at org.junit.platform.engine.support.hierarchical.ThrowableCollector.execute(ThrowableCollector.java:73) ~[junit-platform-engine-1.12.2.jar:1.12.2]
    	at org.junit.platform.engine.support.hierarchical.NodeTestTask.lambda$executeRecursively$8(NodeTestTask.java:146) ~[junit-platform-engine-1.12.2.jar:1.12.2]
    	at org.junit.platform.engine.support.hierarchical.Node.around(Node.java:137) ~[junit-platform-engine-1.12.2.jar:1.12.2]
    	at org.junit.platform.engine.support.hierarchical.NodeTestTask.lambda$executeRecursively$9(NodeTestTask.java:144) ~[junit-platform-engine-1.12.2.jar:1.12.2]
    	at org.junit.platform.engine.support.hierarchical.ThrowableCollector.execute(ThrowableCollector.java:73) ~[junit-platform-engine-1.12.2.jar:1.12.2]
    	at org.junit.platform.engine.support.hierarchical.NodeTestTask.executeRecursively(NodeTestTask.java:143) ~[junit-platform-engine-1.12.2.jar:1.12.2]
    	at org.junit.platform.engine.support.hierarchical.NodeTestTask.execute(NodeTestTask.java:100) ~[junit-platform-engine-1.12.2.jar:1.12.2]
    	at org.junit.platform.engine.support.hierarchical.SameThreadHierarchicalTestExecutorService.submit(SameThreadHierarchicalTestExecutorService.java:35) ~[junit-platform-engine-1.12.2.jar:1.12.2]
    	at org.junit.platform.engine.support.hierarchical.HierarchicalTestExecutor.execute(HierarchicalTestExecutor.java:57) ~[junit-platform-engine-1.12.2.jar:1.12.2]
    	at org.junit.platform.engine.support.hierarchical.HierarchicalTestEngine.execute(HierarchicalTestEngine.java:54) ~[junit-platform-engine-1.12.2.jar:1.12.2]
    	at org.junit.platform.launcher.core.EngineExecutionOrchestrator.execute(EngineExecutionOrchestrator.java:201) ~[junit-platform-launcher-1.12.2.jar:1.12.2]
    	at org.junit.platform.launcher.core.EngineExecutionOrchestrator.execute(EngineExecutionOrchestrator.java:170) ~[junit-platform-launcher-1.12.2.jar:1.12.2]
    	at org.junit.platform.launcher.core.EngineExecutionOrchestrator.execute(EngineExecutionOrchestrator.java:94) ~[junit-platform-launcher-1.12.2.jar:1.12.2]
    	at org.junit.platform.launcher.core.EngineExecutionOrchestrator.lambda$execute$0(EngineExecutionOrchestrator.java:59) ~[junit-platform-launcher-1.12.2.jar:1.12.2]
    	at org.junit.platform.launcher.core.EngineExecutionOrchestrator.withInterceptedStreams(EngineExecutionOrchestrator.java:142) ~[junit-platform-launcher-1.12.2.jar:1.12.2]
    	at org.junit.platform.launcher.core.EngineExecutionOrchestrator.execute(EngineExecutionOrchestrator.java:58) ~[junit-platform-launcher-1.12.2.jar:1.12.2]
    	at org.junit.platform.launcher.core.DefaultLauncher.execute(DefaultLauncher.java:103) ~[junit-platform-launcher-1.12.2.jar:1.12.2]
    	at org.junit.platform.launcher.core.DefaultLauncher.execute(DefaultLauncher.java:85) ~[junit-platform-launcher-1.12.2.jar:1.12.2]
    	at org.junit.platform.launcher.core.DelegatingLauncher.execute(DelegatingLauncher.java:47) ~[junit-platform-launcher-1.12.2.jar:1.12.2]
    	at org.junit.platform.launcher.core.InterceptingLauncher.lambda$execute$1(InterceptingLauncher.java:39) ~[junit-platform-launcher-1.12.2.jar:1.12.2]
    	at org.junit.platform.launcher.core.ClasspathAlignmentCheckingLauncherInterceptor.intercept(ClasspathAlignmentCheckingLauncherInterceptor.java:25) ~[junit-platform-launcher-1.12.2.jar:1.12.2]
    	at org.junit.platform.launcher.core.InterceptingLauncher.execute(InterceptingLauncher.java:38) ~[junit-platform-launcher-1.12.2.jar:1.12.2]
    	at org.junit.platform.launcher.core.DelegatingLauncher.execute(DelegatingLauncher.java:47) ~[junit-platform-launcher-1.12.2.jar:1.12.2]
    	at org.gradle.api.internal.tasks.testing.junitplatform.JUnitPlatformTestClassProcessor$CollectAllTestClassesExecutor.processAllTestClasses(JUnitPlatformTestClassProcessor.java:135) ~[na:na]
    	at org.gradle.api.internal.tasks.testing.junitplatform.JUnitPlatformTestClassProcessor$CollectAllTestClassesExecutor.access$000(JUnitPlatformTestClassProcessor.java:110) ~[na:na]
    	at org.gradle.api.internal.tasks.testing.junitplatform.JUnitPlatformTestClassProcessor.stop(JUnitPlatformTestClassProcessor.java:104) ~[na:na]
    	at org.gradle.api.internal.tasks.testing.SuiteTestClassProcessor.stop(SuiteTestClassProcessor.java:64) ~[na:na]
    	at java.base/jdk.internal.reflect.NativeMethodAccessorImpl.invoke0(Native Method) ~[na:na]
    	at java.base/jdk.internal.reflect.NativeMethodAccessorImpl.invoke(NativeMethodAccessorImpl.java:77) ~[na:na]
    	at java.base/jdk.internal.reflect.DelegatingMethodAccessorImpl.invoke(DelegatingMethodAccessorImpl.java:43) ~[na:na]
    	at java.base/java.lang.reflect.Method.invoke(Method.java:569) ~[na:na]
    	at org.gradle.internal.dispatch.MethodInvocation.invokeOn(MethodInvocation.java:77) ~[na:na]
    	at org.gradle.internal.dispatch.ReflectionDispatch.dispatch(ReflectionDispatch.java:28) ~[na:na]
    	at org.gradle.internal.dispatch.ReflectionDispatch.dispatch(ReflectionDispatch.java:19) ~[na:na]
    	at org.gradle.internal.dispatch.ContextClassLoaderDispatch.dispatch(ContextClassLoaderDispatch.java:33) ~[na:na]
    	at org.gradle.internal.dispatch.ProxyDispatchAdapter$DispatchingInvocationHandler.invoke(ProxyDispatchAdapter.java:88) ~[na:na]
    	at jdk.proxy1/jdk.proxy1.$Proxy4.stop(Unknown Source) ~[na:na]
    	at org.gradle.api.internal.tasks.testing.worker.TestWorker$3.run(TestWorker.java:194) ~[na:na]
    	at org.gradle.api.internal.tasks.testing.worker.TestWorker.executeAndMaintainThreadName(TestWorker.java:126) ~[na:na]
    	at org.gradle.api.internal.tasks.testing.worker.TestWorker.execute(TestWorker.java:103) ~[na:na]
    	at org.gradle.api.internal.tasks.testing.worker.TestWorker.execute(TestWorker.java:63) ~[na:na]
    	at org.gradle.process.internal.worker.child.ActionExecutionWorker.execute(ActionExecutionWorker.java:56) ~[na:na]
    	at org.gradle.process.internal.worker.child.SystemApplicationClassLoaderWorker.call(SystemApplicationClassLoaderWorker.java:122) ~[na:na]
    	at org.gradle.process.internal.worker.child.SystemApplicationClassLoaderWorker.call(SystemApplicationClassLoaderWorker.java:72) ~[na:na]
    	at worker.org.gradle.process.internal.worker.GradleWorkerMain.run(GradleWorkerMain.java:69) ~[gradle-worker.jar:na]
    	at worker.org.gradle.process.internal.worker.GradleWorkerMain.main(GradleWorkerMain.java:74) ~[gradle-worker.jar:na]
    Caused by: org.springframework.beans.factory.BeanCreationException: Error creating bean with name 'entityManagerFactory' defined in class path resource [org/springframework/boot/autoconfigure/orm/jpa/HibernateJpaConfiguration.class]: Failed to initialize dependency 'flyway' of LoadTimeWeaverAware bean 'entityManagerFactory': Error creating bean with name 'flyway' defined in class path resource [org/springframework/boot/autoconfigure/flyway/FlywayAutoConfiguration$FlywayConfiguration.class]: Failed to instantiate [org.flywaydb.core.Flyway]: Factory method 'flyway' threw exception with message: Error creating bean with name 'dataSource' defined in class path resource [org/springframework/boot/autoconfigure/jdbc/DataSourceConfiguration$Hikari.class]: Failed to instantiate [com.zaxxer.hikari.HikariDataSource]: Factory method 'dataSource' threw exception with message: Cannot load driver class: org.h2.Driver
    	at org.springframework.beans.factory.support.AbstractBeanFactory.doGetBean(AbstractBeanFactory.java:328) ~[spring-beans-6.2.14.jar:6.2.14]
    	at org.springframework.beans.factory.support.AbstractBeanFactory.getBean(AbstractBeanFactory.java:207) ~[spring-beans-6.2.14.jar:6.2.14]
    	at org.springframework.context.support.AbstractApplicationContext.finishBeanFactoryInitialization(AbstractApplicationContext.java:973) ~[spring-context-6.2.14.jar:6.2.14]
    	at org.springframework.context.support.AbstractApplicationContext.refresh(AbstractApplicationContext.java:627) ~[spring-context-6.2.14.jar:6.2.14]
    	at org.springframework.boot.SpringApplication.refresh(SpringApplication.java:752) ~[spring-boot-3.5.8.jar:3.5.8]
    	at org.springframework.boot.SpringApplication.refreshContext(SpringApplication.java:439) ~[spring-boot-3.5.8.jar:3.5.8]
    	at org.springframework.boot.SpringApplication.run(SpringApplication.java:318) ~[spring-boot-3.5.8.jar:3.5.8]
    	at org.springframework.boot.test.context.SpringBootContextLoader.lambda$loadContext$3(SpringBootContextLoader.java:144) ~[spring-boot-test-3.5.8.jar:3.5.8]
    	at org.springframework.util.function.ThrowingSupplier.get(ThrowingSupplier.java:58) ~[spring-core-6.2.14.jar:6.2.14]
    	at org.springframework.util.function.ThrowingSupplier.get(ThrowingSupplier.java:46) ~[spring-core-6.2.14.jar:6.2.14]
    	at org.springframework.boot.SpringApplication.withHook(SpringApplication.java:1461) ~[spring-boot-3.5.8.jar:3.5.8]
    	at org.springframework.boot.test.context.SpringBootContextLoader$ContextLoaderHook.run(SpringBootContextLoader.java:563) ~[spring-boot-test-3.5.8.jar:3.5.8]
    	at org.springframework.boot.test.context.SpringBootContextLoader.loadContext(SpringBootContextLoader.java:144) ~[spring-boot-test-3.5.8.jar:3.5.8]
    	at org.springframework.boot.test.context.SpringBootContextLoader.loadContext(SpringBootContextLoader.java:110) ~[spring-boot-test-3.5.8.jar:3.5.8]
    	at org.springframework.test.context.cache.DefaultCacheAwareContextLoaderDelegate.loadContextInternal(DefaultCacheAwareContextLoaderDelegate.java:225) ~[spring-test-6.2.14.jar:6.2.14]
    	at org.springframework.test.context.cache.DefaultCacheAwareContextLoaderDelegate.loadContext(DefaultCacheAwareContextLoaderDelegate.java:152) ~[spring-test-6.2.14.jar:6.2.14]
    	... 94 common frames omitted
    Caused by: org.springframework.beans.factory.BeanCreationException: Error creating bean with name 'flyway' defined in class path resource [org/springframework/boot/autoconfigure/flyway/FlywayAutoConfiguration$FlywayConfiguration.class]: Failed to instantiate [org.flywaydb.core.Flyway]: Factory method 'flyway' threw exception with message: Error creating bean with name 'dataSource' defined in class path resource [org/springframework/boot/autoconfigure/jdbc/DataSourceConfiguration$Hikari.class]: Failed to instantiate [com.zaxxer.hikari.HikariDataSource]: Factory method 'dataSource' threw exception with message: Cannot load driver class: org.h2.Driver
    	at org.springframework.beans.factory.support.ConstructorResolver.instantiate(ConstructorResolver.java:657) ~[spring-beans-6.2.14.jar:6.2.14]
    	at org.springframework.beans.factory.support.ConstructorResolver.instantiateUsingFactoryMethod(ConstructorResolver.java:645) ~[spring-beans-6.2.14.jar:6.2.14]
    	at org.springframework.beans.factory.support.AbstractAutowireCapableBeanFactory.instantiateUsingFactoryMethod(AbstractAutowireCapableBeanFactory.java:1375) ~[spring-beans-6.2.14.jar:6.2.14]
    	at org.springframework.beans.factory.support.AbstractAutowireCapableBeanFactory.createBeanInstance(AbstractAutowireCapableBeanFactory.java:1205) ~[spring-beans-6.2.14.jar:6.2.14]
    	at org.springframework.beans.factory.support.AbstractAutowireCapableBeanFactory.doCreateBean(AbstractAutowireCapableBeanFactory.java:569) ~[spring-beans-6.2.14.jar:6.2.14]
    	at org.springframework.beans.factory.support.AbstractAutowireCapableBeanFactory.createBean(AbstractAutowireCapableBeanFactory.java:529) ~[spring-beans-6.2.14.jar:6.2.14]
    	at org.springframework.beans.factory.support.AbstractBeanFactory.lambda$doGetBean$0(AbstractBeanFactory.java:339) ~[spring-beans-6.2.14.jar:6.2.14]
    	at org.springframework.beans.factory.support.DefaultSingletonBeanRegistry.getSingleton(DefaultSingletonBeanRegistry.java:373) ~[spring-beans-6.2.14.jar:6.2.14]
    	at org.springframework.beans.factory.support.AbstractBeanFactory.doGetBean(AbstractBeanFactory.java:337) ~[spring-beans-6.2.14.jar:6.2.14]
    	at org.springframework.beans.factory.support.AbstractBeanFactory.getBean(AbstractBeanFactory.java:202) ~[spring-beans-6.2.14.jar:6.2.14]
    	at org.springframework.beans.factory.support.AbstractBeanFactory.doGetBean(AbstractBeanFactory.java:315) ~[spring-beans-6.2.14.jar:6.2.14]
    	... 109 common frames omitted
    Caused by: org.springframework.beans.BeanInstantiationException: Failed to instantiate [org.flywaydb.core.Flyway]: Factory method 'flyway' threw exception with message: Error creating bean with name 'dataSource' defined in class path resource [org/springframework/boot/autoconfigure/jdbc/DataSourceConfiguration$Hikari.class]: Failed to instantiate [com.zaxxer.hikari.HikariDataSource]: Factory method 'dataSource' threw exception with message: Cannot load driver class: org.h2.Driver
    	at org.springframework.beans.factory.support.SimpleInstantiationStrategy.lambda$instantiate$0(SimpleInstantiationStrategy.java:200) ~[spring-beans-6.2.14.jar:6.2.14]
    	at org.springframework.beans.factory.support.SimpleInstantiationStrategy.instantiateWithFactoryMethod(SimpleInstantiationStrategy.java:89) ~[spring-beans-6.2.14.jar:6.2.14]
    	at org.springframework.beans.factory.support.SimpleInstantiationStrategy.instantiate(SimpleInstantiationStrategy.java:169) ~[spring-beans-6.2.14.jar:6.2.14]
    	at org.springframework.beans.factory.support.ConstructorResolver.instantiate(ConstructorResolver.java:653) ~[spring-beans-6.2.14.jar:6.2.14]
    	... 119 common frames omitted
    Caused by: org.springframework.beans.factory.BeanCreationException: Error creating bean with name 'dataSource' defined in class path resource [org/springframework/boot/autoconfigure/jdbc/DataSourceConfiguration$Hikari.class]: Failed to instantiate [com.zaxxer.hikari.HikariDataSource]: Factory method 'dataSource' threw exception with message: Cannot load driver class: org.h2.Driver
    	at org.springframework.beans.factory.support.ConstructorResolver.instantiate(ConstructorResolver.java:657) ~[spring-beans-6.2.14.jar:6.2.14]
    	at org.springframework.beans.factory.support.ConstructorResolver.instantiateUsingFactoryMethod(ConstructorResolver.java:645) ~[spring-beans-6.2.14.jar:6.2.14]
    	at org.springframework.beans.factory.support.AbstractAutowireCapableBeanFactory.instantiateUsingFactoryMethod(AbstractAutowireCapableBeanFactory.java:1375) ~[spring-beans-6.2.14.jar:6.2.14]
    	at org.springframework.beans.factory.support.AbstractAutowireCapableBeanFactory.createBeanInstance(AbstractAutowireCapableBeanFactory.java:1205) ~[spring-beans-6.2.14.jar:6.2.14]
    	at org.springframework.beans.factory.support.AbstractAutowireCapableBeanFactory.doCreateBean(AbstractAutowireCapableBeanFactory.java:569) ~[spring-beans-6.2.14.jar:6.2.14]
    	at org.springframework.beans.factory.support.AbstractAutowireCapableBeanFactory.createBean(AbstractAutowireCapableBeanFactory.java:529) ~[spring-beans-6.2.14.jar:6.2.14]
    	at org.springframework.beans.factory.support.AbstractBeanFactory.lambda$doGetBean$0(AbstractBeanFactory.java:339) ~[spring-beans-6.2.14.jar:6.2.14]
    	at org.springframework.beans.factory.support.DefaultSingletonBeanRegistry.getSingleton(DefaultSingletonBeanRegistry.java:373) ~[spring-beans-6.2.14.jar:6.2.14]
    	at org.springframework.beans.factory.support.AbstractBeanFactory.doGetBean(AbstractBeanFactory.java:337) ~[spring-beans-6.2.14.jar:6.2.14]
    	at org.springframework.beans.factory.support.AbstractBeanFactory.getBean(AbstractBeanFactory.java:202) ~[spring-beans-6.2.14.jar:6.2.14]
    	at org.springframework.beans.factory.support.DefaultListableBeanFactory.doResolveDependency(DefaultListableBeanFactory.java:1708) ~[spring-beans-6.2.14.jar:6.2.14]
    	at org.springframework.beans.factory.support.DefaultListableBeanFactory$DependencyObjectProvider.getIfUnique(DefaultListableBeanFactory.java:2605) ~[spring-beans-6.2.14.jar:6.2.14]
    	at org.springframework.boot.autoconfigure.flyway.FlywayAutoConfiguration$FlywayConfiguration.flyway(FlywayAutoConfiguration.java:155) ~[spring-boot-autoconfigure-3.5.8.jar:3.5.8]
    	at java.base/jdk.internal.reflect.NativeMethodAccessorImpl.invoke0(Native Method) ~[na:na]
    	at java.base/jdk.internal.reflect.NativeMethodAccessorImpl.invoke(NativeMethodAccessorImpl.java:77) ~[na:na]
    	at java.base/jdk.internal.reflect.DelegatingMethodAccessorImpl.invoke(DelegatingMethodAccessorImpl.java:43) ~[na:na]
    	at java.base/java.lang.reflect.Method.invoke(Method.java:569) ~[na:na]
    	at org.springframework.beans.factory.support.SimpleInstantiationStrategy.lambda$instantiate$0(SimpleInstantiationStrategy.java:172) ~[spring-beans-6.2.14.jar:6.2.14]
    	... 122 common frames omitted
    Caused by: org.springframework.beans.BeanInstantiationException: Failed to instantiate [com.zaxxer.hikari.HikariDataSource]: Factory method 'dataSource' threw exception with message: Cannot load driver class: org.h2.Driver
    	at org.springframework.beans.factory.support.SimpleInstantiationStrategy.lambda$instantiate$0(SimpleInstantiationStrategy.java:200) ~[spring-beans-6.2.14.jar:6.2.14]
    	at org.springframework.beans.factory.support.SimpleInstantiationStrategy.instantiateWithFactoryMethod(SimpleInstantiationStrategy.java:89) ~[spring-beans-6.2.14.jar:6.2.14]
    	at org.springframework.beans.factory.support.SimpleInstantiationStrategy.instantiate(SimpleInstantiationStrategy.java:169) ~[spring-beans-6.2.14.jar:6.2.14]
    	at org.springframework.beans.factory.support.ConstructorResolver.instantiate(ConstructorResolver.java:653) ~[spring-beans-6.2.14.jar:6.2.14]
    	... 139 common frames omitted
    Caused by: java.lang.IllegalStateException: Cannot load driver class: org.h2.Driver
    	at org.springframework.util.Assert.state(Assert.java:101) ~[spring-core-6.2.14.jar:6.2.14]
    	at org.springframework.boot.autoconfigure.jdbc.DataSourceProperties.findDriverClassName(DataSourceProperties.java:184) ~[spring-boot-autoconfigure-3.5.8.jar:3.5.8]
    	at org.springframework.boot.autoconfigure.jdbc.DataSourceProperties.determineDriverClassName(DataSourceProperties.java:174) ~[spring-boot-autoconfigure-3.5.8.jar:3.5.8]
    	at org.springframework.boot.autoconfigure.jdbc.PropertiesJdbcConnectionDetails.getDriverClassName(PropertiesJdbcConnectionDetails.java:49) ~[spring-boot-autoconfigure-3.5.8.jar:3.5.8]
    	at org.springframework.boot.autoconfigure.jdbc.DataSourceConfiguration.createDataSource(DataSourceConfiguration.java:62) ~[spring-boot-autoconfigure-3.5.8.jar:3.5.8]
    	at org.springframework.boot.autoconfigure.jdbc.DataSourceConfiguration$Hikari.dataSource(DataSourceConfiguration.java:127) ~[spring-boot-autoconfigure-3.5.8.jar:3.5.8]
    	at java.base/jdk.internal.reflect.NativeMethodAccessorImpl.invoke0(Native Method) ~[na:na]
    	at java.base/jdk.internal.reflect.NativeMethodAccessorImpl.invoke(NativeMethodAccessorImpl.java:77) ~[na:na]
    	at java.base/jdk.internal.reflect.DelegatingMethodAccessorImpl.invoke(DelegatingMethodAccessorImpl.java:43) ~[na:na]
    	at java.base/java.lang.reflect.Method.invoke(Method.java:569) ~[na:na]
    	at org.springframework.beans.factory.support.SimpleInstantiationStrategy.lambda$instantiate$0(SimpleInstantiationStrategy.java:172) ~[spring-beans-6.2.14.jar:6.2.14]
    	... 142 common frames omitted


PicpickApplicationTests > contextLoads() FAILED
    java.lang.IllegalStateException: Failed to load ApplicationContext for [WebMergedContextConfiguration@563172d3 testClass = com.picpick.PicpickApplicationTests, locations = [], classes = [com.picpick.PicpickApplication], contextInitializerClasses = [], activeProfiles = [], propertySourceDescriptors = [], propertySourceProperties = ["org.springframework.boot.test.context.SpringBootTestContextBootstrapper=true"], contextCustomizers = [org.springframework.boot.test.autoconfigure.OnFailureConditionReportContextCustomizerFactory$OnFailureConditionReportContextCustomizer@4e858e0a, org.springframework.boot.test.autoconfigure.actuate.observability.ObservabilityContextCustomizerFactory$DisableObservabilityContextCustomizer@1f, org.springframework.boot.test.autoconfigure.properties.PropertyMappingContextCustomizer@0, org.springframework.boot.test.autoconfigure.web.servlet.WebDriverContextCustomizer@463b4ac8, org.springframework.boot.test.context.filter.ExcludeFilterContextCustomizer@1d0d6318, org.springframework.boot.test.json.DuplicateJsonObjectContextCustomizerFactory$DuplicateJsonObjectContextCustomizer@758a34ce, org.springframework.boot.test.mock.mockito.MockitoContextCustomizer@0, org.springframework.boot.test.web.client.TestRestTemplateContextCustomizer@7c541c15, org.springframework.boot.test.web.reactive.server.WebTestClientContextCustomizer@c1bd0be, org.springframework.boot.test.web.reactor.netty.DisableReactorResourceFactoryGlobalResourcesContextCustomizerFactory$DisableReactorResourceFactoryGlobalResourcesContextCustomizerCustomizer@77a98a6a, org.springframework.test.context.support.DynamicPropertiesContextCustomizer@0, org.springframework.boot.test.context.SpringBootTestAnnotation@d4175481], resourceBasePath = "src/main/webapp", contextLoader = org.springframework.boot.test.context.SpringBootContextLoader, parent = null]
        at org.springframework.test.context.cache.DefaultCacheAwareContextLoaderDelegate.loadContext(DefaultCacheAwareContextLoaderDelegate.java:180)
        at org.springframework.test.context.support.DefaultTestContext.getApplicationContext(DefaultTestContext.java:130)
        at org.springframework.test.context.web.ServletTestExecutionListener.setUpRequestContextIfNecessary(ServletTestExecutionListener.java:200)
        at org.springframework.test.context.web.ServletTestExecutionListener.prepareTestInstance(ServletTestExecutionListener.java:139)
        at org.springframework.test.context.TestContextManager.prepareTestInstance(TestContextManager.java:260)
        at org.springframework.test.context.junit.jupiter.SpringExtension.postProcessTestInstance(SpringExtension.java:159)
        at java.base/java.util.stream.ForEachOps$ForEachOp$OfRef.accept(ForEachOps.java:183)
        at java.base/java.util.stream.ReferencePipeline$3$1.accept(ReferencePipeline.java:197)
        at java.base/java.util.stream.ReferencePipeline$2$1.accept(ReferencePipeline.java:179)
        at java.base/java.util.stream.ReferencePipeline$3$1.accept(ReferencePipeline.java:197)
        at java.base/java.util.ArrayList$ArrayListSpliterator.forEachRemaining(ArrayList.java:1625)
        at java.base/java.util.stream.AbstractPipeline.copyInto(AbstractPipeline.java:509)
        at java.base/java.util.stream.AbstractPipeline.wrapAndCopyInto(AbstractPipeline.java:499)
        at java.base/java.util.stream.ForEachOps$ForEachOp.evaluateSequential(ForEachOps.java:150)
        at java.base/java.util.stream.ForEachOps$ForEachOp$OfRef.evaluateSequential(ForEachOps.java:173)
        at java.base/java.util.stream.AbstractPipeline.evaluate(AbstractPipeline.java:234)
        at java.base/java.util.stream.ReferencePipeline.forEach(ReferencePipeline.java:596)
        at java.base/java.util.Optional.orElseGet(Optional.java:364)
        at java.base/java.util.ArrayList.forEach(ArrayList.java:1511)
        at java.base/java.util.ArrayList.forEach(ArrayList.java:1511)

        Caused by:
        org.springframework.beans.factory.BeanCreationException: Error creating bean with name 'entityManagerFactory' defined in class path resource [org/springframework/boot/autoconfigure/orm/jpa/HibernateJpaConfiguration.class]: Failed to initialize dependency 'flyway' of LoadTimeWeaverAware bean 'entityManagerFactory': Error creating bean with name 'flyway' defined in class path resource [org/springframework/boot/autoconfigure/flyway/FlywayAutoConfiguration$FlywayConfiguration.class]: Failed to instantiate [org.flywaydb.core.Flyway]: Factory method 'flyway' threw exception with message: Error creating bean with name 'dataSource' defined in class path resource [org/springframework/boot/autoconfigure/jdbc/DataSourceConfiguration$Hikari.class]: Failed to instantiate [com.zaxxer.hikari.HikariDataSource]: Factory method 'dataSource' threw exception with message: Cannot load driver class: org.h2.Driver
            at app//org.springframework.beans.factory.support.AbstractBeanFactory.doGetBean(AbstractBeanFactory.java:328)
            at app//org.springframework.beans.factory.support.AbstractBeanFactory.getBean(AbstractBeanFactory.java:207)
            at app//org.springframework.context.support.AbstractApplicationContext.finishBeanFactoryInitialization(AbstractApplicationContext.java:973)
            at app//org.springframework.context.support.AbstractApplicationContext.refresh(AbstractApplicationContext.java:627)
            at app//org.springframework.boot.SpringApplication.refresh(SpringApplication.java:752)
            at app//org.springframework.boot.SpringApplication.refreshContext(SpringApplication.java:439)
            at app//org.springframework.boot.SpringApplication.run(SpringApplication.java:318)
            at app//org.springframework.boot.test.context.SpringBootContextLoader.lambda$loadContext$3(SpringBootContextLoader.java:144)
            at app//org.springframework.util.function.ThrowingSupplier.get(ThrowingSupplier.java:58)
            at app//org.springframework.util.function.ThrowingSupplier.get(ThrowingSupplier.java:46)
            at app//org.springframework.boot.SpringApplication.withHook(SpringApplication.java:1461)
            at app//org.springframework.boot.test.context.SpringBootContextLoader$ContextLoaderHook.run(SpringBootContextLoader.java:563)
            at app//org.springframework.boot.test.context.SpringBootContextLoader.loadContext(SpringBootContextLoader.java:144)
            at app//org.springframework.boot.test.context.SpringBootContextLoader.loadContext(SpringBootContextLoader.java:110)
            at app//org.springframework.test.context.cache.DefaultCacheAwareContextLoaderDelegate.loadContextInternal(DefaultCacheAwareContextLoaderDelegate.java:225)
            at app//org.springframework.test.context.cache.DefaultCacheAwareContextLoaderDelegate.loadContext(DefaultCacheAwareContextLoaderDelegate.java:152)
            ... 19 more

            Caused by:
            org.springframework.beans.factory.BeanCreationException: Error creating bean with name 'flyway' defined in class path resource [org/springframework/boot/autoconfigure/flyway/FlywayAutoConfiguration$FlywayConfiguration.class]: Failed to instantiate [org.flywaydb.core.Flyway]: Factory method 'flyway' threw exception with message: Error creating bean with name 'dataSource' defined in class path resource [org/springframework/boot/autoconfigure/jdbc/DataSourceConfiguration$Hikari.class]: Failed to instantiate [com.zaxxer.hikari.HikariDataSource]: Factory method 'dataSource' threw exception with message: Cannot load driver class: org.h2.Driver
                at app//org.springframework.beans.factory.support.ConstructorResolver.instantiate(ConstructorResolver.java:657)
                at app//org.springframework.beans.factory.support.ConstructorResolver.instantiateUsingFactoryMethod(ConstructorResolver.java:645)
                at app//org.springframework.beans.factory.support.AbstractAutowireCapableBeanFactory.instantiateUsingFactoryMethod(AbstractAutowireCapableBeanFactory.java:1375)
                at app//org.springframework.beans.factory.support.AbstractAutowireCapableBeanFactory.createBeanInstance(AbstractAutowireCapableBeanFactory.java:1205)
                at app//org.springframework.beans.factory.support.AbstractAutowireCapableBeanFactory.doCreateBean(AbstractAutowireCapableBeanFactory.java:569)
                at app//org.springframework.beans.factory.support.AbstractAutowireCapableBeanFactory.createBean(AbstractAutowireCapableBeanFactory.java:529)
                at app//org.springframework.beans.factory.support.AbstractBeanFactory.lambda$doGetBean$0(AbstractBeanFactory.java:339)
                at app//org.springframework.beans.factory.support.DefaultSingletonBeanRegistry.getSingleton(DefaultSingletonBeanRegistry.java:373)
                at app//org.springframework.beans.factory.support.AbstractBeanFactory.doGetBean(AbstractBeanFactory.java:337)
                at app//org.springframework.beans.factory.support.AbstractBeanFactory.getBean(AbstractBeanFactory.java:202)
                at app//org.springframework.beans.factory.support.AbstractBeanFactory.doGetBean(AbstractBeanFactory.java:315)
                ... 34 more

                Caused by:
                org.springframework.beans.BeanInstantiationException: Failed to instantiate [org.flywaydb.core.Flyway]: Factory method 'flyway' threw exception with message: Error creating bean with name 'dataSource' defined in class path resource [org/springframework/boot/autoconfigure/jdbc/DataSourceConfiguration$Hikari.class]: Failed to instantiate [com.zaxxer.hikari.HikariDataSource]: Factory method 'dataSource' threw exception with message: Cannot load driver class: org.h2.Driver
                    at app//org.springframework.beans.factory.support.SimpleInstantiationStrategy.lambda$instantiate$0(SimpleInstantiationStrategy.java:200)
                    at app//org.springframework.beans.factory.support.SimpleInstantiationStrategy.instantiateWithFactoryMethod(SimpleInstantiationStrategy.java:89)
                    at app//org.springframework.beans.factory.support.SimpleInstantiationStrategy.instantiate(SimpleInstantiationStrategy.java:169)
                    at app//org.springframework.beans.factory.support.ConstructorResolver.instantiate(ConstructorResolver.java:653)
                    ... 44 more

                    Caused by:
                    org.springframework.beans.factory.BeanCreationException: Error creating bean with name 'dataSource' defined in class path resource [org/springframework/boot/autoconfigure/jdbc/DataSourceConfiguration$Hikari.class]: Failed to instantiate [com.zaxxer.hikari.HikariDataSource]: Factory method 'dataSource' threw exception with message: Cannot load driver class: org.h2.Driver
                        at app//org.springframework.beans.factory.support.ConstructorResolver.instantiate(ConstructorResolver.java:657)
                        at app//org.springframework.beans.factory.support.ConstructorResolver.instantiateUsingFactoryMethod(ConstructorResolver.java:645)
                        at app//org.springframework.beans.factory.support.AbstractAutowireCapableBeanFactory.instantiateUsingFactoryMethod(AbstractAutowireCapableBeanFactory.java:1375)
                        at app//org.springframework.beans.factory.support.AbstractAutowireCapableBeanFactory.createBeanInstance(AbstractAutowireCapableBeanFactory.java:1205)
                        at app//org.springframework.beans.factory.support.AbstractAutowireCapableBeanFactory.doCreateBean(AbstractAutowireCapableBeanFactory.java:569)
                        at app//org.springframework.beans.factory.support.AbstractAutowireCapableBeanFactory.createBean(AbstractAutowireCapableBeanFactory.java:529)
                        at app//org.springframework.beans.factory.support.AbstractBeanFactory.lambda$doGetBean$0(AbstractBeanFactory.java:339)
                        at app//org.springframework.beans.factory.support.DefaultSingletonBeanRegistry.getSingleton(DefaultSingletonBeanRegistry.java:373)
                        at app//org.springframework.beans.factory.support.AbstractBeanFactory.doGetBean(AbstractBeanFactory.java:337)
                        at app//org.springframework.beans.factory.support.AbstractBeanFactory.getBean(AbstractBeanFactory.java:202)
                        at app//org.springframework.beans.factory.support.DefaultListableBeanFactory.doResolveDependency(DefaultListableBeanFactory.java:1708)
                        at app//org.springframework.beans.factory.support.DefaultListableBeanFactory$DependencyObjectProvider.getIfUnique(DefaultListableBeanFactory.java:2605)
                        at app//org.springframework.boot.autoconfigure.flyway.FlywayAutoConfiguration$FlywayConfiguration.flyway(FlywayAutoConfiguration.java:155)
                        at java.base@17.0.16/java.lang.reflect.Method.invoke(Method.java:569)
                        at app//org.springframework.beans.factory.support.SimpleInstantiationStrategy.lambda$instantiate$0(SimpleInstantiationStrategy.java:172)
                        ... 47 more

                        Caused by:
                        org.springframework.beans.BeanInstantiationException: Failed to instantiate [com.zaxxer.hikari.HikariDataSource]: Factory method 'dataSource' threw exception with message: Cannot load driver class: org.h2.Driver
                            at app//org.springframework.beans.factory.support.SimpleInstantiationStrategy.lambda$instantiate$0(SimpleInstantiationStrategy.java:200)
                            at app//org.springframework.beans.factory.support.SimpleInstantiationStrategy.instantiateWithFactoryMethod(SimpleInstantiationStrategy.java:89)
                            at app//org.springframework.beans.factory.support.SimpleInstantiationStrategy.instantiate(SimpleInstantiationStrategy.java:169)
                            at app//org.springframework.beans.factory.support.ConstructorResolver.instantiate(ConstructorResolver.java:653)
                            ... 61 more

                            Caused by:
                            java.lang.IllegalStateException: Cannot load driver class: org.h2.Driver
                                at org.springframework.util.Assert.state(Assert.java:101)
                                at org.springframework.boot.autoconfigure.jdbc.DataSourceProperties.findDriverClassName(DataSourceProperties.java:184)
                                at org.springframework.boot.autoconfigure.jdbc.DataSourceProperties.determineDriverClassName(DataSourceProperties.java:174)
                                at org.springframework.boot.autoconfigure.jdbc.PropertiesJdbcConnectionDetails.getDriverClassName(PropertiesJdbcConnectionDetails.java:49)
                                at org.springframework.boot.autoconfigure.jdbc.DataSourceConfiguration.createDataSource(DataSourceConfiguration.java:62)
                                at org.springframework.boot.autoconfigure.jdbc.DataSourceConfiguration$Hikari.dataSource(DataSourceConfiguration.java:127)
                                at java.base/java.lang.reflect.Method.invoke(Method.java:569)
                                at org.springframework.beans.factory.support.SimpleInstantiationStrategy.lambda$instantiate$0(SimpleInstantiationStrategy.java:172)
                                ... 64 more

2 tests completed, 1 failed
Finished generating test XML results (0.002 secs) into: /Users/mark/Documents/GitHub/PicPick_BE/build/test-results/test
Generating HTML test report...
Finished generating test html results (0.002 secs) into: /Users/mark/Documents/GitHub/PicPick_BE/build/reports/tests/test

FAILURE: Build failed with an exception.

* What went wrong:
Execution failed for task ':test'.
> There were failing tests. See the report at: file:///Users/mark/Documents/GitHub/PicPick_BE/build/reports/tests/test/index.html

* Try:
> Run with --scan to generate a Build Scan (powered by Develocity).

BUILD FAILED in 2s
5 actionable tasks: 1 executed, 4 up-to-date
Watched directory hierarchies: [/Users/mark/Documents/GitHub/PicPick_BE]
